Component: ARM Compiler 5.06 update 6 (build 750) Tool: armlink [4d35ed]

==============================================================================

Section Cross References

    main.o(i.audio_thread) refers to audio.o(i.play_audio) for play_audio
    main.o(i.audio_thread) refers to rtx_delay.o(.text.osDelay) for osDelay
    main.o(i.auto_obstacle_avoid) refers to main.o(i.just_stoppppp) for just_stoppppp
    main.o(i.auto_obstacle_avoid) refers to rtx_delay.o(.text.osDelay) for osDelay
    main.o(i.auto_obstacle_avoid) refers to motor.o(i.create_motor_cmd) for create_motor_cmd
    main.o(i.auto_obstacle_avoid) refers to rtx_msgqueue.o(.text.osMessageQueuePut) for osMessageQueuePut
    main.o(i.auto_obstacle_avoid) refers to main.o(.data) for motorMQ
    main.o(i.auto_thread) refers to rtx_semaphore.o(.text.osSemaphoreAcquire) for osSemaphoreAcquire
    main.o(i.auto_thread) refers to ultrasound.o(i.startUltrasound) for startUltrasound
    main.o(i.auto_thread) refers to audio.o(i.play_run) for play_run
    main.o(i.auto_thread) refers to rtx_delay.o(.text.osDelay) for osDelay
    main.o(i.auto_thread) refers to ultrasound.o(i.getPITTick) for getPITTick
    main.o(i.auto_thread) refers to main.o(i.just_stoppppp) for just_stoppppp
    main.o(i.auto_thread) refers to audio.o(i.play_end) for play_end
    main.o(i.auto_thread) refers to ultrasound.o(i.stopUltrasound) for stopUltrasound
    main.o(i.auto_thread) refers to main.o(i.auto_obstacle_avoid) for auto_obstacle_avoid
    main.o(i.auto_thread) refers to motor.o(i.get_move_state) for get_move_state
    main.o(i.auto_thread) refers to motor.o(i.create_motor_cmd) for create_motor_cmd
    main.o(i.auto_thread) refers to rtx_msgqueue.o(.text.osMessageQueuePut) for osMessageQueuePut
    main.o(i.auto_thread) refers to audio.o(i.stop_music) for stop_music
    main.o(i.auto_thread) refers to rtx_semaphore.o(.text.osSemaphoreRelease) for osSemaphoreRelease
    main.o(i.auto_thread) refers to main.o(.data) for autoStartSemaphore
    main.o(i.auto_thread) refers to ultrasound.o(.data) for ultra_dist
    main.o(i.greenLED_thread) refers to motor.o(i.get_move_state) for get_move_state
    main.o(i.greenLED_thread) refers to led.o(i.greenLedMove) for greenLedMove
    main.o(i.greenLED_thread) refers to led.o(i.greenLedStop) for greenLedStop
    main.o(i.greenLED_thread) refers to rtx_delay.o(.text.osDelay) for osDelay
    main.o(i.handle_UART) refers to uart.o(i.UART2_IRQHandler) for UART2_IRQHandler
    main.o(i.handle_UART) refers to audio.o(i.play_internet_connect) for play_internet_connect
    main.o(i.handle_UART) refers to audio.o(i.play_run) for play_run
    main.o(i.handle_UART) refers to audio.o(i.play_end) for play_end
    main.o(i.handle_UART) refers to main.o(i.get_level) for get_level
    main.o(i.handle_UART) refers to rtx_msgqueue.o(.text.osMessageQueuePut) for osMessageQueuePut
    main.o(i.handle_UART) refers to rtx_semaphore.o(.text.osSemaphoreRelease) for osSemaphoreRelease
    main.o(i.handle_UART) refers to rtx_semaphore.o(.text.osSemaphoreAcquire) for osSemaphoreAcquire
    main.o(i.handle_UART) refers to main.o(.data) for isAuto
    main.o(i.just_stoppppp) refers to motor.o(i.create_motor_cmd) for create_motor_cmd
    main.o(i.just_stoppppp) refers to rtx_msgqueue.o(.text.osMessageQueuePut) for osMessageQueuePut
    main.o(i.just_stoppppp) refers to utils.o(i.util_delay) for util_delay
    main.o(i.just_stoppppp) refers to main.o(.data) for motorMQ
    main.o(i.main) refers to system_mkl25z4.o(i.SystemCoreClockUpdate) for SystemCoreClockUpdate
    main.o(i.main) refers to motor.o(i.initMotor) for initMotor
    main.o(i.main) refers to ultrasound.o(i.initUltrasound) for initUltrasound
    main.o(i.main) refers to uart.o(i.initUART2) for initUART2
    main.o(i.main) refers to led.o(i.initRedLED) for initRedLED
    main.o(i.main) refers to led.o(i.initGreenLED) for initGreenLED
    main.o(i.main) refers to audio.o(i.initAudio) for initAudio
    main.o(i.main) refers to rtx_kernel.o(.text.osKernelInitialize) for osKernelInitialize
    main.o(i.main) refers to rtx_msgqueue.o(.text.osMessageQueueNew) for osMessageQueueNew
    main.o(i.main) refers to rtx_mutex.o(.text.osMutexNew) for osMutexNew
    main.o(i.main) refers to rtx_semaphore.o(.text.osSemaphoreNew) for osSemaphoreNew
    main.o(i.main) refers to rtx_thread.o(.text.osThreadNew) for osThreadNew
    main.o(i.main) refers to rtx_kernel.o(.text.osKernelStart) for osKernelStart
    main.o(i.main) refers to main.o(.data) for motorMQ
    main.o(i.main) refers to main.o(.constdata) for uartPriority
    main.o(i.main) refers to main.o(i.handle_UART) for handle_UART
    main.o(i.main) refers to main.o(i.motor_thread) for motor_thread
    main.o(i.main) refers to main.o(i.auto_thread) for auto_thread
    main.o(i.main) refers to main.o(i.redLED_thread) for redLED_thread
    main.o(i.main) refers to main.o(i.greenLED_thread) for greenLED_thread
[...]
    osRtxThreadDelayInsert                   0x00001129   Thumb Code   128  rtx_thread.o(.text.osRtxThreadDelayInsert)
    __arm_cp.14_0                            0x000011a4   Number         4  rtx_thread.o(.text.osRtxThreadDelayInsert)
    [Anonymous Symbol]                       0x000011a8   Section        0  rtx_thread.o(.text.osRtxThreadDelayRemove)
    osRtxThreadDelayRemove                   0x000011a9   Thumb Code    68  rtx_thread.o(.text.osRtxThreadDelayRemove)
    __arm_cp.12_0                            0x000011e8   Number         4  rtx_thread.o(.text.osRtxThreadDelayRemove)
    [Anonymous Symbol]                       0x000011ec   Section        0  rtx_thread.o(.text.osRtxThreadDelayTick)
    __arm_cp.5_0                             0x00001220   Number         4  rtx_thread.o(.text.osRtxThreadDelayTick)
    [Anonymous Symbol]                       0x00001224   Section        0  rtx_thread.o(.text.osRtxThreadDispatch)
    __arm_cp.9_0                             0x00001270   Number         4  rtx_thread.o(.text.osRtxThreadDispatch)
    [Anonymous Symbol]                       0x00001274   Section        0  rtx_thread.o(.text.osRtxThreadFree)
    osRtxThreadFree                          0x00001275   Thumb Code    84  rtx_thread.o(.text.osRtxThreadFree)
    __arm_cp.52_0                            0x000012c4   Number         4  rtx_thread.o(.text.osRtxThreadFree)
    [Anonymous Symbol]                       0x000012c8   Section        0  rtx_thread.o(.text.osRtxThreadListGet)
    [Anonymous Symbol]                       0x000012dc   Section        0  rtx_thread.o(.text.osRtxThreadListPut)
    [Anonymous Symbol]                       0x00001308   Section        0  rtx_thread.o(.text.osRtxThreadListRemove)
    [Anonymous Symbol]                       0x00001320   Section        0  rtx_thread.o(.text.osRtxThreadListSort)
    [Anonymous Symbol]                       0x00001346   Section        0  rtx_thread.o(.text.osRtxThreadPostProcess)
    osRtxThreadPostProcess                   0x00001347   Thumb Code    38  rtx_thread.o(.text.osRtxThreadPostProcess)
    [Anonymous Symbol]                       0x0000136c   Section        0  rtx_thread.o(.text.osRtxThreadReadyPut)
    __arm_cp.4_0                             0x00001380   Number         4  rtx_thread.o(.text.osRtxThreadReadyPut)
    [Anonymous Symbol]                       0x00001384   Section        0  rtx_thread.o(.text.osRtxThreadRegPtr)
    [Anonymous Symbol]                       0x0000138c   Section        0  rtx_thread.o(.text.osRtxThreadStackCheck)
    __arm_cp.8_0                             0x000013b0   Number         4  rtx_thread.o(.text.osRtxThreadStackCheck)
    __arm_cp.8_1                             0x000013b4   Number         4  rtx_thread.o(.text.osRtxThreadStackCheck)
    [Anonymous Symbol]                       0x000013b8   Section        0  rtx_thread.o(.text.osRtxThreadStartup)
    __arm_cp.15_0                            0x000013e8   Number         4  rtx_thread.o(.text.osRtxThreadStartup)
    __arm_cp.15_1                            0x000013ec   Number         4  rtx_thread.o(.text.osRtxThreadStartup)
    __arm_cp.15_2                            0x000013f0   Number         4  rtx_thread.o(.text.osRtxThreadStartup)
    __arm_cp.15_3                            0x000013f4   Number         4  rtx_thread.o(.text.osRtxThreadStartup)
    [Anonymous Symbol]                       0x000013f8   Section        0  rtx_thread.o(.text.osRtxThreadSwitch)
    __arm_cp.7_0                             0x00001408   Number         4  rtx_thread.o(.text.osRtxThreadSwitch)
    [Anonymous Symbol]                       0x0000140c   Section        0  rtx_thread.o(.text.osRtxThreadWaitEnter)
    __arm_cp.13_0                            0x00001444   Number         4  rtx_thread.o(.text.osRtxThreadWaitEnter)
    [Anonymous Symbol]                       0x00001448   Section        0  rtx_thread.o(.text.osRtxThreadWaitExit)
    [Anonymous Symbol]                       0x0000146c   Section        0  rtx_system.o(.text.osRtxTick_Handler)
    __arm_cp.0_0                             0x000014dc   Number         4  rtx_system.o(.text.osRtxTick_Handler)
    [Anonymous Symbol]                       0x000014e0   Section        0  rtx_timer.o(.text.osRtxTimerThread)
    __arm_cp.0_0                             0x00001510   Number         4  rtx_timer.o(.text.osRtxTimerThread)
    __arm_cp.0_1                             0x00001514   Number         4  rtx_timer.o(.text.osRtxTimerThread)
    __arm_cp.0_2                             0x00001518   Number         4  rtx_timer.o(.text.osRtxTimerThread)
    [Anonymous Symbol]                       0x0000151c   Section        0  rtx_timer.o(.text.osRtxTimerTick)
    osRtxTimerTick                           0x0000151d   Thumb Code    96  rtx_timer.o(.text.osRtxTimerTick)
    __arm_cp.1_0                             0x00001578   Number         4  rtx_timer.o(.text.osRtxTimerTick)
    [Anonymous Symbol]                       0x0000157c   Section        0  rtx_semaphore.o(.text.osSemaphoreAcquire)
    __arm_cp.2_0                             0x000015bc   Number         4  rtx_semaphore.o(.text.osSemaphoreAcquire)
    [Anonymous Symbol]                       0x000015c0   Section        0  rtx_semaphore.o(.text.osSemaphoreNew)
    __arm_cp.0_0                             0x000015e0   Number         4  rtx_semaphore.o(.text.osSemaphoreNew)
    [Anonymous Symbol]                       0x000015e4   Section        0  rtx_semaphore.o(.text.osSemaphoreRelease)
    __arm_cp.3_0                             0x0000162c   Number         4  rtx_semaphore.o(.text.osSemaphoreRelease)
    [Anonymous Symbol]                       0x00001630   Section        0  rtx_thread.o(.text.osThreadExit)
    __arm_cp.31_0                            0x00001638   Number         4  rtx_thread.o(.text.osThreadExit)
    [Anonymous Symbol]                       0x0000163c   Section        0  rtx_thread.o(.text.osThreadNew)
    __arm_cp.17_0                            0x0000165c   Number         4  rtx_thread.o(.text.osThreadNew)
    [Anonymous Symbol]                       0x00001660   Section        0  rtx_delay.o(.text.svcRtxDelay)
    svcRtxDelay                              0x00001661   Thumb Code    18  rtx_delay.o(.text.svcRtxDelay)
    [Anonymous Symbol]                       0x00001674   Section        0  rtx_kernel.o(.text.svcRtxKernelGetState)
    svcRtxKernelGetState                     0x00001675   Thumb Code    12  rtx_kernel.o(.text.svcRtxKernelGetState)
    __arm_cp.5_0                             0x0000167c   Number         4  rtx_kernel.o(.text.svcRtxKernelGetState)
    [Anonymous Symbol]                       0x00001680   Section        0  rtx_kernel.o(.text.svcRtxKernelInitialize)
    svcRtxKernelInitialize                   0x00001681   Thumb Code   328  rtx_kernel.o(.text.svcRtxKernelInitialize)
    __arm_cp.20_0                            0x000017bc   Number         4  rtx_kernel.o(.text.svcRtxKernelInitialize)
    __arm_cp.20_1                            0x000017c0   Number         4  rtx_kernel.o(.text.svcRtxKernelInitialize)
    __arm_cp.20_2                            0x000017c4   Number         4  rtx_kernel.o(.text.svcRtxKernelInitialize)
    [Anonymous Symbol]                       0x000017c8   Section        0  rtx_kernel.o(.text.svcRtxKernelStart)
    svcRtxKernelStart                        0x000017c9   Thumb Code   132  rtx_kernel.o(.text.svcRtxKernelStart)
    __arm_cp.21_0                            0x0000183c   Number         4  rtx_kernel.o(.text.svcRtxKernelStart)
    __arm_cp.21_1                            0x00001840   Number         4  rtx_kernel.o(.text.svcRtxKernelStart)
    __arm_cp.21_2                            0x00001844   Number         4  rtx_kernel.o(.text.svcRtxKernelStart)
    __arm_cp.21_3                            0x00001848   Number         4  rtx_kernel.o(.text.svcRtxKernelStart)
    [Anonymous Symbol]                       0x0000184c   Section        0  rtx_msgqueue.o(.text.svcRtxMessageQueueGet)
    svcRtxMessageQueueGet                    0x0000184d   Thumb Code   232  rtx_msgqueue.o(.text.svcRtxMessageQueueGet)
    __arm_cp.21_0                            0x00001930   Number         4  rtx_msgqueue.o(.text.svcRtxMessageQueueGet)
    [Anonymous Symbol]                       0x00001934   Section        0  rtx_msgqueue.o(.text.svcRtxMessageQueueNew)
    svcRtxMessageQueueNew                    0x00001935   Thumb Code   484  rtx_msgqueue.o(.text.svcRtxMessageQueueNew)
    __arm_cp.14_0                            0x00001b00   Number         4  rtx_msgqueue.o(.text.svcRtxMessageQueueNew)
    __arm_cp.14_1                            0x00001b04   Number         4  rtx_msgqueue.o(.text.svcRtxMessageQueueNew)
    __arm_cp.14_2                            0x00001b08   Number         4  rtx_msgqueue.o(.text.svcRtxMessageQueueNew)
    __arm_cp.14_3                            0x00001b0c   Number         4  rtx_msgqueue.o(.text.svcRtxMessageQueueNew)
    __arm_cp.14_4                            0x00001b10   Number         4  rtx_msgqueue.o(.text.svcRtxMessageQueueNew)
    __arm_cp.14_5                            0x00001b14   Number         4  rtx_msgqueue.o(.text.svcRtxMessageQueueNew)
    [Anonymous Symbol]                       0x00001b18   Section        0  rtx_msgqueue.o(.text.svcRtxMessageQueuePut)
    svcRtxMessageQueuePut                    0x00001b19   Thumb Code   188  rtx_msgqueue.o(.text.svcRtxMessageQueuePut)
    __arm_cp.19_0                            0x00001bd0   Number         4  rtx_msgqueue.o(.text.svcRtxMessageQueuePut)
    [Anonymous Symbol]                       0x00001bd4   Section        0  rtx_mutex.o(.text.svcRtxMutexAcquire)
    svcRtxMutexAcquire                       0x00001bd5   Thumb Code   152  rtx_mutex.o(.text.svcRtxMutexAcquire)
    __arm_cp.9_0                             0x00001c68   Number         4  rtx_mutex.o(.text.svcRtxMutexAcquire)
    [Anonymous Symbol]                       0x00001c6c   Section        0  rtx_mutex.o(.text.svcRtxMutexDelete)
    svcRtxMutexDelete                        0x00001c6d   Thumb Code   188  rtx_mutex.o(.text.svcRtxMutexDelete)
    __arm_cp.12_0                            0x00001d24   Number         4  rtx_mutex.o(.text.svcRtxMutexDelete)
    [Anonymous Symbol]                       0x00001d28   Section        0  rtx_mutex.o(.text.svcRtxMutexNew)
    svcRtxMutexNew                           0x00001d29   Thumb Code   112  rtx_mutex.o(.text.svcRtxMutexNew)
    __arm_cp.7_0                             0x00001d94   Number         4  rtx_mutex.o(.text.svcRtxMutexNew)
    [Anonymous Symbol]                       0x00001d98   Section        0  rtx_mutex.o(.text.svcRtxMutexRelease)
    svcRtxMutexRelease                       0x00001d99   Thumb Code   192  rtx_mutex.o(.text.svcRtxMutexRelease)
    __arm_cp.10_0                            0x00001e54   Number         4  rtx_mutex.o(.text.svcRtxMutexRelease)
    [Anonymous Symbol]                       0x00001e58   Section        0  rtx_semaphore.o(.text.svcRtxSemaphoreAcquire)
    svcRtxSemaphoreAcquire                   0x00001e59   Thumb Code    76  rtx_semaphore.o(.text.svcRtxSemaphoreAcquire)
    __arm_cp.11_0                            0x00001ea0   Number         4  rtx_semaphore.o(.text.svcRtxSemaphoreAcquire)
    [Anonymous Symbol]                       0x00001ea4   Section        0  rtx_semaphore.o(.text.svcRtxSemaphoreNew)
    svcRtxSemaphoreNew                       0x00001ea5   Thumb Code   136  rtx_semaphore.o(.text.svcRtxSemaphoreNew)
    __arm_cp.7_0                             0x00001f20   Number         4  rtx_semaphore.o(.text.svcRtxSemaphoreNew)
    __arm_cp.7_1                             0x00001f24   Number         4  rtx_semaphore.o(.text.svcRtxSemaphoreNew)
    __arm_cp.7_2                             0x00001f28   Number         4  rtx_semaphore.o(.text.svcRtxSemaphoreNew)
    [Anonymous Symbol]                       0x00001f2c   Section        0  rtx_semaphore.o(.text.svcRtxSemaphoreRelease)
    svcRtxSemaphoreRelease                   0x00001f2d   Thumb Code    56  rtx_semaphore.o(.text.svcRtxSemaphoreRelease)
    [Anonymous Symbol]                       0x00001f64   Section        0  rtx_thread.o(.text.svcRtxThreadExit)
    svcRtxThreadExit                         0x00001f65   Thumb Code   108  rtx_thread.o(.text.svcRtxThreadExit)
    __arm_cp.54_0                            0x00001fcc   Number         4  rtx_thread.o(.text.svcRtxThreadExit)
    [Anonymous Symbol]                       0x00001fd0   Section        0  rtx_thread.o(.text.svcRtxThreadNew)
    svcRtxThreadNew                          0x00001fd1   Thumb Code   492  rtx_thread.o(.text.svcRtxThreadNew)
    __arm_cp.16_0                            0x000021a4   Number         4  rtx_thread.o(.text.svcRtxThreadNew)
    __arm_cp.16_1                            0x000021a8   Number         4  rtx_thread.o(.text.svcRtxThreadNew)
    __arm_cp.16_2                            0x000021ac   Number         4  rtx_thread.o(.text.svcRtxThreadNew)
    __arm_cp.16_3                            0x000021b0   Number         4  rtx_thread.o(.text.svcRtxThreadNew)
    __arm_cp.16_4                            0x000021b4   Number         4  rtx_thread.o(.text.svcRtxThreadNew)
    __arm_cp.16_5                            0x000021b8   Number         4  rtx_thread.o(.text.svcRtxThreadNew)
    i.PIT_IRQHandler                         0x000021bc   Section        0  ultrasound.o(i.PIT_IRQHandler)
    i.SystemCoreClockUpdate                  0x000021ec   Section        0  system_mkl25z4.o(i.SystemCoreClockUpdate)
    i.SystemInit                             0x0000237c   Section        0  system_mkl25z4.o(i.SystemInit)
    i.TPM2_IRQHandler                        0x00002388   Section        0  ultrasound.o(i.TPM2_IRQHandler)
    i.UART2_IRQHandler                       0x000023dc   Section        0  uart.o(i.UART2_IRQHandler)
    i.__ARM_common_switch8                   0x00002410   Section        0  rtx_config.o(i.__ARM_common_switch8)
    i.__NVIC_ClearPendingIRQ                 0x0000242c   Section        0  ultrasound.o(i.__NVIC_ClearPendingIRQ)
    __NVIC_ClearPendingIRQ                   0x0000242d   Thumb Code    18  ultrasound.o(i.__NVIC_ClearPendingIRQ)
    i.__NVIC_DisableIRQ                      0x00002444   Section        0  ultrasound.o(i.__NVIC_DisableIRQ)
    __NVIC_DisableIRQ                        0x00002445   Thumb Code    50  ultrasound.o(i.__NVIC_DisableIRQ)
    i.__NVIC_EnableIRQ                       0x0000247c   Section        0  ultrasound.o(i.__NVIC_EnableIRQ)
    __NVIC_EnableIRQ                         0x0000247d   Thumb Code    26  ultrasound.o(i.__NVIC_EnableIRQ)
    i.__NVIC_SetPriority                     0x0000249c   Section        0  ultrasound.o(i.__NVIC_SetPriority)
    __NVIC_SetPriority                       0x0000249d   Thumb Code   110  ultrasound.o(i.__NVIC_SetPriority)
    i._mutex_acquire                         0x00002514   Section        0  rtx_lib.o(i._mutex_acquire)
    __tagsym$$used                           0x00002515   Number         0  rtx_lib.o(i._mutex_acquire)
    i._mutex_free                            0x0000252c   Section        0  rtx_lib.o(i._mutex_free)
    __tagsym$$used                           0x0000252d   Number         0  rtx_lib.o(i._mutex_free)
    i._mutex_initialize                      0x00002538   Section        0  rtx_lib.o(i._mutex_initialize)
    __tagsym$$used                           0x00002539   Number         0  rtx_lib.o(i._mutex_initialize)
    i._mutex_release                         0x0000255c   Section        0  rtx_lib.o(i._mutex_release)
    __tagsym$$used                           0x0000255d   Number         0  rtx_lib.o(i._mutex_release)
    i._platform_post_stackheap_init          0x00002570   Section        0  rtx_lib.o(i._platform_post_stackheap_init)
    i.audio_thread                           0x00002578   Section        0  main.o(i.audio_thread)
    i.auto_obstacle_avoid                    0x00002588   Section        0  main.o(i.auto_obstacle_avoid)
    i.auto_thread                            0x000026a8   Section        0  main.o(i.auto_thread)
    i.calc_left                              0x00002804   Section        0  motor.o(i.calc_left)
    i.calc_left_back                         0x00002870   Section        0  motor.o(i.calc_left_back)
    i.calc_right                             0x000028dc   Section        0  motor.o(i.calc_right)
    i.calc_right_back                        0x00002948   Section        0  motor.o(i.calc_right_back)
    i.clearTIF                               0x000029b4   Section        0  ultrasound.o(i.clearTIF)
    i.create_motor_cmd                       0x000029c8   Section        0  motor.o(i.create_motor_cmd)
    i.disablePIT                             0x000029fc   Section        0  ultrasound.o(i.disablePIT)
    i.disableTPM2                            0x00002a4c   Section        0  ultrasound.o(i.disableTPM2)
    i.enableTPM2IRQ                          0x00002a5e   Section        0  ultrasound.o(i.enableTPM2IRQ)
    i.getDistance                            0x00002a78   Section        0  ultrasound.o(i.getDistance)
    i.getPITTick                             0x00002ab4   Section        0  ultrasound.o(i.getPITTick)
    i.getTPMC1Value                          0x00002ac0   Section        0  ultrasound.o(i.getTPMC1Value)
    i.get_level                              0x00002acc   Section        0  main.o(i.get_level)
    i.get_move_state                         0x00002b00   Section        0  motor.o(i.get_move_state)
    i.greenLED_thread                        0x00002b20   Section        0  main.o(i.greenLED_thread)
    i.greenLedMove                           0x00002b40   Section        0  led.o(i.greenLedMove)
    i.greenLedStop                           0x00002bb0   Section        0  led.o(i.greenLedStop)
    i.handle_UART                            0x00002bd4   Section        0  main.o(i.handle_UART)
    i.initAudio                              0x00002d34   Section        0  audio.o(i.initAudio)
    i.initEcho                               0x00002d3c   Section        0  ultrasound.o(i.initEcho)
    i.initGreenLED                           0x00002d44   Section        0  led.o(i.initGreenLED)
    i.initMotor                              0x00002e88   Section        0  motor.o(i.initMotor)
    i.initPIT                                0x00002fd8   Section        0  ultrasound.o(i.initPIT)
    i.initPWM                                0x0000307c   Section        0  audio.o(i.initPWM)
    i.initRedLED                             0x00003124   Section        0  led.o(i.initRedLED)
    i.initTPM2                               0x00003174   Section        0  ultrasound.o(i.initTPM2)
    i.initTrigger                            0x00003250   Section        0  ultrasound.o(i.initTrigger)
    i.initUART2                              0x00003294   Section        0  uart.o(i.initUART2)
    i.initUltrasound                         0x00003314   Section        0  ultrasound.o(i.initUltrasound)
    i.just_backward                          0x00003320   Section        0  motor.o(i.just_backward)
    i.just_forward                           0x0000335c   Section        0  motor.o(i.just_forward)
    i.just_stop                              0x00003394   Section        0  motor.o(i.just_stop)
    i.just_stoppppp                          0x000033c4   Section        0  main.o(i.just_stoppppp)
    i.main                                   0x0000340c   Section        0  main.o(i.main)
    i.motor_thread                           0x000034e8   Section        0  main.o(i.motor_thread)
    i.osRtxErrorNotify                       0x00003528   Section        0  rtx_config.o(i.osRtxErrorNotify)
    i.osRtxIdleThread                        0x00003548   Section        0  rtx_config.o(i.osRtxIdleThread)
    i.os_kernel_is_active                    0x0000354c   Section        0  rtx_lib.o(i.os_kernel_is_active)
    os_kernel_is_active                      0x0000354d   Thumb Code    30  rtx_lib.o(i.os_kernel_is_active)
    i.play_audio                             0x00003570   Section        0  audio.o(i.play_audio)
    i.play_end                               0x00003670   Section        0  audio.o(i.play_end)
    i.play_internet_connect                  0x0000367c   Section        0  audio.o(i.play_internet_connect)
    i.play_run                               0x00003688   Section        0  audio.o(i.play_run)
    i.redLED_thread                          0x00003694   Section        0  main.o(i.redLED_thread)
    i.redLedMove                             0x000036b4   Section        0  led.o(i.redLedMove)
    i.redLedStop                             0x000036f0   Section        0  led.o(i.redLedStop)
    i.resetPitTick                           0x00003728   Section        0  ultrasound.o(i.resetPitTick)
    i.resetTPM2                              0x00003734   Section        0  ultrasound.o(i.resetTPM2)
    i.set_motors                             0x00003740   Section        0  motor.o(i.set_motors)
    i.startMeasure                           0x00003898   Section        0  ultrasound.o(i.startMeasure)
    i.startTPM2                              0x000038c8   Section        0  ultrasound.o(i.startTPM2)
    i.startUltrasound                        0x000038dc   Section        0  ultrasound.o(i.startUltrasound)
    i.stopTPM2                               0x000038f4   Section        0  ultrasound.o(i.stopTPM2)
    i.stopUltrasound                         0x00003908   Section        0  ultrasound.o(i.stopUltrasound)
    i.stop_music                             0x00003910   Section        0  audio.o(i.stop_music)
    i.timeToDistance                         0x0000391c   Section        0  ultrasound.o(i.timeToDistance)
    i.util_delay                             0x00003948   Section        0  utils.o(i.util_delay)
    .constdata                               0x0000395c   Section      216  main.o(.constdata)
    x$fpl$usenofp                            0x0000395c   Section        0  usenofp.o(x$fpl$usenofp)
    .constdata                               0x00003a34   Section      100  rtx_lib.o(.constdata)
    os_idle_thread_attr                      0x00003a34   Data          36  rtx_lib.o(.constdata)
    os_timer_thread_attr                     0x00003a58   Data          36  rtx_lib.o(.constdata)
    os_timer_mq_attr                         0x00003a7c   Data          24  rtx_lib.o(.constdata)
    .constdata                               0x00003a98   Section        1  irq_cm0.o(.constdata)
    .rodata                                  0x00003a9c   Section      160  rtx_lib.o(.rodata)
    __tagsym$$used                           0x00003a9c   Number         0  rtx_lib.o(.rodata)
    __tagsym$$used                           0x00003b04   Number         0  rtx_lib.o(.rodata)
    [Anonymous Symbol]                       0x00003b3c   Section        0  rtx_kernel.o(.rodata.str1.4)
    .L.str                                   0x00003b3c   Data          11  rtx_kernel.o(.rodata.str1.4)
    .bss.os                                  0x1ffff000   Section     4160  rtx_lib.o(.bss.os)
    os_mem                                   0x1ffff000   Data        4096  rtx_lib.o(.bss.os)
    os_isr_queue                             0x20000000   Data          64  rtx_lib.o(.bss.os)
    .bss.os.msgqueue.cb                      0x20000040   Section       52  rtx_lib.o(.bss.os.msgqueue.cb)
    os_timer_mq_cb                           0x20000040   Data          52  rtx_lib.o(.bss.os.msgqueue.cb)
    .bss.os.msgqueue.mem                     0x20000074   Section       80  rtx_lib.o(.bss.os.msgqueue.mem)
    os_timer_mq_data                         0x20000074   Data          80  rtx_lib.o(.bss.os.msgqueue.mem)
    .bss.os.thread.cb                        0x200000c4   Section      136  rtx_lib.o(.bss.os.thread.cb)
    os_idle_thread_cb                        0x200000c4   Data          68  rtx_lib.o(.bss.os.thread.cb)
    os_timer_thread_cb                       0x20000108   Data          68  rtx_lib.o(.bss.os.thread.cb)
    .bss.os.thread.stack                     0x20000150   Section      512  rtx_lib.o(.bss.os.thread.stack)
    os_idle_thread_stack                     0x20000150   Data         256  rtx_lib.o(.bss.os.thread.stack)
    os_timer_thread_stack                    0x20000250   Data         256  rtx_lib.o(.bss.os.thread.stack)
    .data                                    0x20000350   Section       68  main.o(.data)
    .data                                    0x20000394   Section       20  motor.o(.data)
    .data                                    0x200003a8   Section       24  ultrasound.o(.data)
    .data                                    0x200003c0   Section       44  led.o(.data)
    .data                                    0x200003ec   Section    10592  audio.o(.data)
    .data                                    0x20002d4c   Section        5  rtx_lib.o(.data)
    os_kernel_active                         0x20002d50   Data           1  rtx_lib.o(.data)
    .data                                    0x20002d54   Section        4  system_mkl25z4.o(.data)
    .bss                                     0x20002dfc   Section       96  libspace.o(.bss)
    [Anonymous Symbol]                       0x20002e5c   Section        0  os_systick.o(.bss.PendST)
    PendST                                   0x20002e5c   Data           1  os_systick.o(.bss.PendST)
    HEAP                                     0x20002e60   Section        0  startup_mkl25z4.o(HEAP)
    STACK                                    0x20002e60   Section      256  startup_mkl25z4.o(STACK)
    Heap_Mem                                 0x20002e60   Data           0  startup_mkl25z4.o(HEAP)
    Stack_Mem                                0x20002e60   Data         256  startup_mkl25z4.o(STACK)
    __initial_sp                             0x20002f60   Data           0  startup_mkl25z4.o(STACK)

    Global Symbols

    Symbol Name                              Value     Ov Type        Size  Object(Section)

    BuildAttributes$$THM_ISAv3M$S$PE$A:L22$X:L11$S22$IEEE1$IW$~IW$USESV6$~STKCKD$USESV7$~SHL$OSPACE$ROPI$EBA8$UX$STANDARDLIB$REQ8$PRES8$EABIv2 0x00000000   Number         0  anon$$obj.o ABSOLUTE
    __ARM_use_no_argv                        0x00000000   Number         0  main.o ABSOLUTE
    __Vectors                                0x00000000   Data           4  startup_mkl25z4.o(RESET)
    .bss.os.evflags.cb$$Base                  - Undefined Weak Reference
    .bss.os.evflags.cb$$Limit                 - Undefined Weak Reference
    .bss.os.mempool.cb$$Base                  - Undefined Weak Reference
    .bss.os.mempool.cb$$Limit                 - Undefined Weak Reference
    .bss.os.mutex.cb$$Base                    - Undefined Weak Reference
    .bss.os.mutex.cb$$Limit                   - Undefined Weak Reference
    .bss.os.semaphore.cb$$Base                - Undefined Weak Reference
    .bss.os.semaphore.cb$$Limit               - Undefined Weak Reference
    .bss.os.timer.cb$$Base                    - Undefined Weak Reference
    .bss.os.timer.cb$$Limit                   - Undefined Weak Reference
    __ARM_exceptions_init                     - Undefined Weak Reference
    __alloca_initialize                       - Undefined Weak Reference
    __arm_preinit_                            - Undefined Weak Reference
    __cpp_initialize__aeabi_                  - Undefined Weak Reference
    __cxa_finalize                            - Undefined Weak Reference
    __rt_locale                               - Undefined Weak Reference
    __sigvec_lookup                           - Undefined Weak Reference
    _atexit_init                              - Undefined Weak Reference
    _call_atexit_fns                          - Undefined Weak Reference
    _clock_init                               - Undefined Weak Reference
    _fp_trap_init                             - Undefined Weak Reference
    _fp_trap_shutdown                         - Undefined Weak Reference
    _get_lc_collate                           - Undefined Weak Reference
    _get_lc_ctype                             - Undefined Weak Reference
    _get_lc_monetary                          - Undefined Weak Reference
    _get_lc_numeric                           - Undefined Weak Reference
    _get_lc_time                              - Undefined Weak Reference
    _getenv_init                              - Undefined Weak Reference
    _handle_redirection                       - Undefined Weak Reference
    _init_alloc                               - Undefined Weak Reference
    _init_user_alloc                          - Undefined Weak Reference
    _initio                                   - Undefined Weak Reference
    _rand_init                                - Undefined Weak Reference
    _signal_finish                            - Undefined Weak Reference
    _signal_init                              - Undefined Weak Reference
    _terminate_alloc                          - Undefined Weak Reference
    _terminate_user_alloc                     - Undefined Weak Reference
    _terminateio                              - Undefined Weak Reference
    __Vectors_End                            0x000000c0   Data           0  startup_mkl25z4.o(RESET)
    __Vectors_Size                           0x000000c0   Number         0  startup_mkl25z4.o ABSOLUTE
    __main                                   0x000000c1   Thumb Code     8  __main.o(!!!main)
    __scatterload                            0x000000c9   Thumb Code     0  __scatter.o(!!!scatter)
    __scatterload_rt2                        0x000000c9   Thumb Code    52  __scatter.o(!!!scatter)
    __scatterload_rt2_thumb_only             0x000000c9   Thumb Code     0  __scatter.o(!!!scatter)
    __scatterload_null                       0x000000d9   Thumb Code     0  __scatter.o(!!!scatter)
    __scatterload_zeroinit                   0x00000105   Thumb Code    28  __scatter_zi.o(!!handler_zi)
    __rt_lib_init                            0x00000121   Thumb Code     0  libinit.o(.ARM.Collect$$libinit$$00000000)
    __rt_lib_init_alloca_1                   0x00000123   Thumb Code     0  libinit2.o(.ARM.Collect$$libinit$$0000002E)
    __rt_lib_init_argv_1                     0x00000123   Thumb Code     0  libinit2.o(.ARM.Collect$$libinit$$0000002C)
    __rt_lib_init_atexit_1                   0x00000123   Thumb Code     0  libinit2.o(.ARM.Collect$$libinit$$0000001B)
    __rt_lib_init_clock_1                    0x00000123   Thumb Code     0  libinit2.o(.ARM.Collect$$libinit$$00000021)
    __rt_lib_init_cpp_1                      0x00000123   Thumb Code     0  libinit2.o(.ARM.Collect$$libinit$$00000032)
    __rt_lib_init_exceptions_1               0x00000123   Thumb Code     0  libinit2.o(.ARM.Collect$$libinit$$00000030)
    __rt_lib_init_fp_1                       0x00000123   Thumb Code     0  libinit2.o(.ARM.Collect$$libinit$$00000002)
    __rt_lib_init_fp_trap_1                  0x00000123   Thumb Code     0  libinit2.o(.ARM.Collect$$libinit$$0000001F)
    __rt_lib_init_getenv_1                   0x00000123   Thumb Code     0  libinit2.o(.ARM.Collect$$libinit$$00000023)
    __rt_lib_init_heap_1                     0x00000123   Thumb Code     0  libinit2.o(.ARM.Collect$$libinit$$0000000A)
    __rt_lib_init_lc_collate_1               0x00000123   Thumb Code     0  libinit2.o(.ARM.Collect$$libinit$$00000011)
    __rt_lib_init_lc_ctype_1                 0x00000123   Thumb Code     0  libinit2.o(.ARM.Collect$$libinit$$00000013)
    __rt_lib_init_lc_monetary_1              0x00000123   Thumb Code     0  libinit2.o(.ARM.Collect$$libinit$$00000015)
    __rt_lib_init_lc_numeric_1               0x00000123   Thumb Code     0  libinit2.o(.ARM.Collect$$libinit$$00000017)
    __rt_lib_init_lc_time_1                  0x00000123   Thumb Code     0  libinit2.o(.ARM.Collect$$libinit$$00000019)
    __rt_lib_init_preinit_1                  0x00000123   Thumb Code     0  libinit2.o(.ARM.Collect$$libinit$$00000004)
    __rt_lib_init_rand_1                     0x00000123   Thumb Code     0  libinit2.o(.ARM.Collect$$libinit$$0000000E)
    __rt_lib_init_return                     0x00000123   Thumb Code     0  libinit2.o(.ARM.Collect$$libinit$$00000033)
    __rt_lib_init_signal_1                   0x00000123   Thumb Code     0  libinit2.o(.ARM.Collect$$libinit$$0000001D)
    __rt_lib_init_stdio_1                    0x00000123   Thumb Code     0  libinit2.o(.ARM.Collect$$libinit$$00000025)
    __rt_lib_init_user_alloc_1               0x00000123   Thumb Code     0  libinit2.o(.ARM.Collect$$libinit$$0000000C)
    __rt_lib_shutdown                        0x00000125   Thumb Code     0  libshutdown.o(.ARM.Collect$$libshutdown$$00000000)
    __rt_lib_shutdown_cpp_1                  0x00000127   Thumb Code     0  libshutdown2.o(.ARM.Collect$$libshutdown$$00000002)
    __rt_lib_shutdown_fp_trap_1              0x00000127   Thumb Code     0  libshutdown2.o(.ARM.Collect$$libshutdown$$00000007)
    __rt_lib_shutdown_heap_1                 0x00000127   Thumb Code     0  libshutdown2.o(.ARM.Collect$$libshutdown$$0000000F)
    __rt_lib_shutdown_return                 0x00000127   Thumb Code     0  libshutdown2.o(.ARM.Collect$$libshutdown$$00000010)
    __rt_lib_shutdown_signal_1               0x00000127   Thumb Code     0  libshutdown2.o(.ARM.Collect$$libshutdown$$0000000A)
    __rt_lib_shutdown_stdio_1                0x00000127   Thumb Code     0  libshutdown2.o(.ARM.Collect$$libshutdown$$00000004)
    __rt_lib_shutdown_user_alloc_1           0x00000127   Thumb Code     0  libshutdown2.o(.ARM.Collect$$libshutdown$$0000000C)
    __rt_entry                               0x00000129   Thumb Code     0  __rtentry.o(.ARM.Collect$$rtentry$$00000000)
    __rt_entry_presh_1                       0x00000129   Thumb Code     0  __rtentry2.o(.ARM.Collect$$rtentry$$00000002)
    __rt_entry_sh                            0x00000129   Thumb Code     0  __rtentry4.o(.ARM.Collect$$rtentry$$00000004)
    __rt_entry_postsh_1                      0x0000012f   Thumb Code     0  __rtentry2.o(.ARM.Collect$$rtentry$$00000008)
    __rt_entry_li                            0x00000137   Thumb Code     0  __rtentry2.o(.ARM.Collect$$rtentry$$0000000A)
    __rt_entry_main                          0x0000013b   Thumb Code     0  __rtentry2.o(.ARM.Collect$$rtentry$$0000000D)
    __rt_entry_postli_1                      0x0000013b   Thumb Code     0  __rtentry2.o(.ARM.Collect$$rtentry$$0000000C)
    __rt_exit                                0x00000143   Thumb Code     0  rtexit.o(.ARM.Collect$$rtexit$$00000000)
    __rt_exit_ls                             0x00000145   Thumb Code     0  rtexit2.o(.ARM.Collect$$rtexit$$00000003)
    __rt_exit_prels_1                        0x00000145   Thumb Code     0  rtexit2.o(.ARM.Collect$$rtexit$$00000002)
    __rt_exit_exit                           0x00000149   Thumb Code     0  rtexit2.o(.ARM.Collect$$rtexit$$00000004)
    __aeabi_memcpy4                          0x00000151   Thumb Code    56  rt_memcpy.o(.emb_text)
    __aeabi_memcpy8                          0x00000151   Thumb Code     0  rt_memcpy.o(.emb_text)
    Reset_Handler                            0x00000189   Thumb Code    12  startup_mkl25z4.o(.text)
    NMI_Handler                              0x00000195   Thumb Code     2  startup_mkl25z4.o(.text)
    HardFault_Handler                        0x00000197   Thumb Code     2  startup_mkl25z4.o(.text)
    ADC0_IRQHandler                          0x0000019f   Thumb Code     0  startup_mkl25z4.o(.text)
    CMP0_IRQHandler                          0x0000019f   Thumb Code     0  startup_mkl25z4.o(.text)
    DAC0_IRQHandler                          0x0000019f   Thumb Code     0  startup_mkl25z4.o(.text)
    DMA0_IRQHandler                          0x0000019f   Thumb Code     0  startup_mkl25z4.o(.text)
    DMA1_IRQHandler                          0x0000019f   Thumb Code     0  startup_mkl25z4.o(.text)
    DMA2_IRQHandler                          0x0000019f   Thumb Code     0  startup_mkl25z4.o(.text)
    DMA3_IRQHandler                          0x0000019f   Thumb Code     0  startup_mkl25z4.o(.text)
    DefaultISR                               0x0000019f   Thumb Code     0  startup_mkl25z4.o(.text)
    FTFA_IRQHandler                          0x0000019f   Thumb Code     0  startup_mkl25z4.o(.text)
    I2C0_IRQHandler                          0x0000019f   Thumb Code     0  startup_mkl25z4.o(.text)
    I2C1_IRQHandler                          0x0000019f   Thumb Code     0  startup_mkl25z4.o(.text)
    LLWU_IRQHandler                          0x0000019f   Thumb Code     0  startup_mkl25z4.o(.text)
    LPTMR0_IRQHandler                        0x0000019f   Thumb Code     0  startup_mkl25z4.o(.text)
    LVD_LVW_IRQHandler                       0x0000019f   Thumb Code     0  startup_mkl25z4.o(.text)
    MCG_IRQHandler                           0x0000019f   Thumb Code     0  startup_mkl25z4.o(.text)
    PORTA_IRQHandler                         0x0000019f   Thumb Code     0  startup_mkl25z4.o(.text)
    PORTD_IRQHandler                         0x0000019f   Thumb Code     0  startup_mkl25z4.o(.text)
    RTC_IRQHandler                           0x0000019f   Thumb Code     0  startup_mkl25z4.o(.text)
    RTC_Seconds_IRQHandler                   0x0000019f   Thumb Code     0  startup_mkl25z4.o(.text)
    Reserved20_IRQHandler                    0x0000019f   Thumb Code     0  startup_mkl25z4.o(.text)
    Reserved39_IRQHandler                    0x0000019f   Thumb Code     0  startup_mkl25z4.o(.text)
    Reserved45_IRQHandler                    0x0000019f   Thumb Code     0  startup_mkl25z4.o(.text)
    SPI0_IRQHandler                          0x0000019f   Thumb Code     0  startup_mkl25z4.o(.text)
    SPI1_IRQHandler                          0x0000019f   Thumb Code     0  startup_mkl25z4.o(.text)
    TPM0_IRQHandler                          0x0000019f   Thumb Code     0  startup_mkl25z4.o(.text)
    TPM1_IRQHandler                          0x0000019f   Thumb Code     0  startup_mkl25z4.o(.text)
    TSI0_IRQHandler                          0x0000019f   Thumb Code     0  startup_mkl25z4.o(.text)
    UART0_IRQHandler                         0x0000019f   Thumb Code     0  startup_mkl25z4.o(.text)
    UART1_IRQHandler                         0x0000019f   Thumb Code     0  startup_mkl25z4.o(.text)
    USB0_IRQHandler                          0x0000019f   Thumb Code     0  startup_mkl25z4.o(.text)
    __user_initial_stackheap                 0x000001a5   Thumb Code     0  startup_mkl25z4.o(.text)
    SVC_Handler                              0x000001c9   Thumb Code   132  irq_cm0.o(.text)
    PendSV_Handler                           0x0000024d   Thumb Code    12  irq_cm0.o(.text)
    SysTick_Handler                          0x00000259   Thumb Code    12  irq_cm0.o(.text)
    __aeabi_memcpy                           0x0000026d   Thumb Code   130  rt_memcpy.o(.text)
    __rt_memcpy                              0x0000026d   Thumb Code     0  rt_memcpy.o(.text)
    _memset_w                                0x000002ef   Thumb Code    26  rt_memclr.o(.text)
    _memset                                  0x00000309   Thumb Code    30  rt_memclr.o(.text)
    __aeabi_memclr                           0x00000327   Thumb Code     4  rt_memclr.o(.text)
    __rt_memclr                              0x00000327   Thumb Code     0  rt_memclr.o(.text)
    __aeabi_memclr4                          0x0000032b   Thumb Code     0  rt_memclr.o(.text)
    __aeabi_memclr8                          0x0000032b   Thumb Code     0  rt_memclr.o(.text)
    __rt_memclr_w                            0x0000032b   Thumb Code     4  rt_memclr.o(.text)
    __use_two_region_memory                  0x0000032f   Thumb Code     2  heapauxi.o(.text)
    __rt_heap_escrow$2region                 0x00000331   Thumb Code     2  heapauxi.o(.text)
    __rt_heap_expand$2region                 0x00000333   Thumb Code     2  heapauxi.o(.text)
    __aeabi_d2iz                             0x00000335   Thumb Code     0  dfixi.o(.text)
    _dfix                                    0x00000335   Thumb Code    98  dfixi.o(.text)
    __aeabi_d2uiz                            0x000003a1   Thumb Code     0  dfixui.o(.text)
    _dfixu                                   0x000003a1   Thumb Code    68  dfixui.o(.text)
    exit                                     0x000003e9   Thumb Code    16  exit.o(.text)
    __user_libspace                          0x000003f9   Thumb Code     8  libspace.o(.text)
    __user_perproc_libspace                  0x000003f9   Thumb Code     0  libspace.o(.text)
    __aeabi_uidiv                            0x00000411   Thumb Code     0  aeabi_sdiv.o(.text)
    __aeabi_uidivmod                         0x00000411   Thumb Code    20  aeabi_sdiv.o(.text)
    __aeabi_idiv                             0x00000425   Thumb Code     0  aeabi_sdiv.o(.text)
    __aeabi_idivmod                          0x00000425   Thumb Code   326  aeabi_sdiv.o(.text)
    __aeabi_i2d_normalise                    0x0000056b   Thumb Code    66  dflti.o(.text)
    __aeabi_i2d                              0x000005ad   Thumb Code    16  dflti.o(.text)
    _dflt                                    0x000005ad   Thumb Code     0  dflti.o(.text)
    __aeabi_ui2d                             0x000005bd   Thumb Code     6  dflti.o(.text)
    _dfltu                                   0x000005bd   Thumb Code     0  dflti.o(.text)
    __aeabi_dmul                             0x000005c5   Thumb Code     0  dmul.o(.text)
    _dmul                                    0x000005c5   Thumb Code   558  dmul.o(.text)
    __user_setup_stackheap                   0x0000080d   Thumb Code    62  sys_stackheap_outer.o(.text)
    _sys_exit                                0x0000084d   Thumb Code     8  sys_exit.o(.text)
    __I$use$semihosting                      0x00000859   Thumb Code     0  use_no_semi.o(.text)
    __use_no_semihosting_swi                 0x00000859   Thumb Code     2  use_no_semi.o(.text)
    __decompress                             0x0000085b   Thumb Code     0  __dczerorl2.o(.text)
    __decompress1                            0x0000085b   Thumb Code    86  __dczerorl2.o(.text)
    __semihosting_library_function           0x0000085b   Thumb Code     0  indicate_semi.o(.text)
    OS_Tick_AcknowledgeIRQ                   0x0000097d   Thumb Code    12  os_systick.o(.text.OS_Tick_AcknowledgeIRQ)
    OS_Tick_Enable                           0x00000989   Thumb Code    44  os_systick.o(.text.OS_Tick_Enable)
    OS_Tick_GetIRQn                          0x000009b5   Thumb Code     6  os_systick.o(.text.OS_Tick_GetIRQn)
    OS_Tick_Setup                            0x000009bd   Thumb Code    76  os_systick.o(.text.OS_Tick_Setup)
    osDelay                                  0x00000aed   Thumb Code    40  rtx_delay.o(.text.osDelay)
    osKernelGetState                         0x00000b15   Thumb Code    48  rtx_kernel.o(.text.osKernelGetState)
    osKernelInitialize                       0x00000b45   Thumb Code    40  rtx_kernel.o(.text.osKernelInitialize)
    osKernelStart                            0x00000b6d   Thumb Code    36  rtx_kernel.o(.text.osKernelStart)
    osMessageQueueGet                        0x00000b91   Thumb Code   116  rtx_msgqueue.o(.text.osMessageQueueGet)
    osMessageQueueNew                        0x00000c05   Thumb Code    36  rtx_msgqueue.o(.text.osMessageQueueNew)
    osMessageQueuePut                        0x00000c29   Thumb Code   120  rtx_msgqueue.o(.text.osMessageQueuePut)
    osMutexAcquire                           0x00000ca1   Thumb Code    40  rtx_mutex.o(.text.osMutexAcquire)
    osMutexDelete                            0x00000cc9   Thumb Code    40  rtx_mutex.o(.text.osMutexDelete)
    osMutexNew                               0x00000cf1   Thumb Code    36  rtx_mutex.o(.text.osMutexNew)
    osMutexRelease                           0x00000d15   Thumb Code    40  rtx_mutex.o(.text.osMutexRelease)
    osRtxKernelPreInit                       0x00000d3d   Thumb Code     2  rtx_kernel.o(.text.osRtxKernelPreInit)
    osRtxMemoryAlloc                         0x00000d3f   Thumb Code   124  rtx_memory.o(.text.osRtxMemoryAlloc)
    osRtxMemoryFree                          0x00000dbb   Thumb Code    78  rtx_memory.o(.text.osRtxMemoryFree)
    osRtxMemoryInit                          0x00000e09   Thumb Code    50  rtx_memory.o(.text.osRtxMemoryInit)
    osRtxMemoryPoolAlloc                     0x00000e3b   Thumb Code    46  rtx_mempool.o(.text.osRtxMemoryPoolAlloc)
    osRtxMemoryPoolFree                      0x00000e69   Thumb Code    58  rtx_mempool.o(.text.osRtxMemoryPoolFree)
    osRtxMemoryPoolInit                      0x00000ea3   Thumb Code    62  rtx_mempool.o(.text.osRtxMemoryPoolInit)
    osRtxMutexOwnerRelease                   0x00000f9d   Thumb Code    68  rtx_mutex.o(.text.osRtxMutexOwnerRelease)
    osRtxPendSV_Handler                      0x00000fe1   Thumb Code   128  rtx_system.o(.text.osRtxPendSV_Handler)
    osRtxPostProcess                         0x00001061   Thumb Code   108  rtx_system.o(.text.osRtxPostProcess)
    osRtxThreadDelayTick                     0x000011ed   Thumb Code    56  rtx_thread.o(.text.osRtxThreadDelayTick)
    osRtxThreadDispatch                      0x00001225   Thumb Code    80  rtx_thread.o(.text.osRtxThreadDispatch)
    osRtxThreadListGet                       0x000012c9   Thumb Code    20  rtx_thread.o(.text.osRtxThreadListGet)
    osRtxThreadListPut                       0x000012dd   Thumb Code    44  rtx_thread.o(.text.osRtxThreadListPut)
    osRtxThreadListRemove                    0x00001309   Thumb Code    24  rtx_thread.o(.text.osRtxThreadListRemove)
    osRtxThreadListSort                      0x00001321   Thumb Code    38  rtx_thread.o(.text.osRtxThreadListSort)
    osRtxThreadReadyPut                      0x0000136d   Thumb Code    24  rtx_thread.o(.text.osRtxThreadReadyPut)
    osRtxThreadRegPtr                        0x00001385   Thumb Code     6  rtx_thread.o(.text.osRtxThreadRegPtr)
    osRtxThreadStackCheck                    0x0000138d   Thumb Code    44  rtx_thread.o(.text.osRtxThreadStackCheck)
    osRtxThreadStartup                       0x000013b9   Thumb Code    64  rtx_thread.o(.text.osRtxThreadStartup)
    osRtxThreadSwitch                        0x000013f9   Thumb Code    20  rtx_thread.o(.text.osRtxThreadSwitch)
    osRtxThreadWaitEnter                     0x0000140d   Thumb Code    60  rtx_thread.o(.text.osRtxThreadWaitEnter)
    osRtxThreadWaitExit                      0x00001449   Thumb Code    34  rtx_thread.o(.text.osRtxThreadWaitExit)
    osRtxTick_Handler                        0x0000146d   Thumb Code   116  rtx_system.o(.text.osRtxTick_Handler)
    osRtxTimerThread                         0x000014e1   Thumb Code    60  rtx_timer.o(.text.osRtxTimerThread)
    osSemaphoreAcquire                       0x0000157d   Thumb Code    68  rtx_semaphore.o(.text.osSemaphoreAcquire)
    osSemaphoreNew                           0x000015c1   Thumb Code    36  rtx_semaphore.o(.text.osSemaphoreNew)
    osSemaphoreRelease                       0x000015e5   Thumb Code    76  rtx_semaphore.o(.text.osSemaphoreRelease)
    osThreadExit                             0x00001631   Thumb Code    12  rtx_thread.o(.text.osThreadExit)
    osThreadNew                              0x0000163d   Thumb Code    36  rtx_thread.o(.text.osThreadNew)
    PIT_IRQHandler                           0x000021bd   Thumb Code    40  ultrasound.o(i.PIT_IRQHandler)
    SystemCoreClockUpdate                    0x000021ed   Thumb Code   372  system_mkl25z4.o(i.SystemCoreClockUpdate)
    SystemInit                               0x0000237d   Thumb Code     8  system_mkl25z4.o(i.SystemInit)
    TPM2_IRQHandler                          0x00002389   Thumb Code    76  ultrasound.o(i.TPM2_IRQHandler)
    UART2_IRQHandler                         0x000023dd   Thumb Code    42  uart.o(i.UART2_IRQHandler)
    __ARM_common_switch8                     0x00002411   Thumb Code    28  rtx_config.o(i.__ARM_common_switch8)
    _mutex_acquire                           0x00002515   Thumb Code    24  rtx_lib.o(i._mutex_acquire)
    _mutex_free                              0x0000252d   Thumb Code    12  rtx_lib.o(i._mutex_free)
    _mutex_initialize                        0x00002539   Thumb Code    36  rtx_lib.o(i._mutex_initialize)
    _mutex_release                           0x0000255d   Thumb Code    20  rtx_lib.o(i._mutex_release)
    _platform_post_stackheap_init            0x00002571   Thumb Code     8  rtx_lib.o(i._platform_post_stackheap_init)
    audio_thread                             0x00002579   Thumb Code    14  main.o(i.audio_thread)
    auto_obstacle_avoid                      0x00002589   Thumb Code   278  main.o(i.auto_obstacle_avoid)
    auto_thread                              0x000026a9   Thumb Code   300  main.o(i.auto_thread)
    calc_left                                0x00002805   Thumb Code    80  motor.o(i.calc_left)
    calc_left_back                           0x00002871   Thumb Code    80  motor.o(i.calc_left_back)
    calc_right                               0x000028dd   Thumb Code    80  motor.o(i.calc_right)
    calc_right_back                          0x00002949   Thumb Code    80  motor.o(i.calc_right_back)
    clearTIF                                 0x000029b5   Thumb Code    16  ultrasound.o(i.clearTIF)
    create_motor_cmd                         0x000029c9   Thumb Code    52  motor.o(i.create_motor_cmd)
    disablePIT                               0x000029fd   Thumb Code    64  ultrasound.o(i.disablePIT)
    disableTPM2                              0x00002a4d   Thumb Code    18  ultrasound.o(i.disableTPM2)
    enableTPM2IRQ                            0x00002a5f   Thumb Code    24  ultrasound.o(i.enableTPM2IRQ)
    getDistance                              0x00002a79   Thumb Code    56  ultrasound.o(i.getDistance)
    getPITTick                               0x00002ab5   Thumb Code     6  ultrasound.o(i.getPITTick)
    getTPMC1Value                            0x00002ac1   Thumb Code     6  ultrasound.o(i.getTPMC1Value)
    get_level                                0x00002acd   Thumb Code    50  main.o(i.get_level)
    get_move_state                           0x00002b01   Thumb Code    24  motor.o(i.get_move_state)
    greenLED_thread                          0x00002b21   Thumb Code    32  main.o(i.greenLED_thread)
    greenLedMove                             0x00002b41   Thumb Code    96  led.o(i.greenLedMove)
    greenLedStop                             0x00002bb1   Thumb Code    26  led.o(i.greenLedStop)
    handle_UART                              0x00002bd5   Thumb Code   334  main.o(i.handle_UART)
    initAudio                                0x00002d35   Thumb Code     8  audio.o(i.initAudio)
    initEcho                                 0x00002d3d   Thumb Code     8  ultrasound.o(i.initEcho)
    initGreenLED                             0x00002d45   Thumb Code   306  led.o(i.initGreenLED)
    initMotor                                0x00002e89   Thumb Code   314  motor.o(i.initMotor)
    initPIT                                  0x00002fd9   Thumb Code   148  ultrasound.o(i.initPIT)
    initPWM                                  0x0000307d   Thumb Code   150  audio.o(i.initPWM)
    initRedLED                               0x00003125   Thumb Code    66  led.o(i.initRedLED)
    initTPM2                                 0x00003175   Thumb Code   204  ultrasound.o(i.initTPM2)
    initTrigger                              0x00003251   Thumb Code    54  ultrasound.o(i.initTrigger)
    initUART2                                0x00003295   Thumb Code   116  uart.o(i.initUART2)
    initUltrasound                           0x00003315   Thumb Code    12  ultrasound.o(i.initUltrasound)
    just_backward                            0x00003321   Thumb Code    38  motor.o(i.just_backward)
    just_forward                             0x0000335d   Thumb Code    36  motor.o(i.just_forward)
    just_stop                                0x00003395   Thumb Code    26  motor.o(i.just_stop)
    just_stoppppp                            0x000033c5   Thumb Code    64  main.o(i.just_stoppppp)
    main                                     0x0000340d   Thumb Code   156  main.o(i.main)
    motor_thread                             0x000034e9   Thumb Code    54  main.o(i.motor_thread)
    osRtxErrorNotify                         0x00003529   Thumb Code    32  rtx_config.o(i.osRtxErrorNotify)
    osRtxIdleThread                          0x00003549   Thumb Code     4  rtx_config.o(i.osRtxIdleThread)
    play_audio                               0x00003571   Thumb Code   220  audio.o(i.play_audio)
    play_end                                 0x00003671   Thumb Code     8  audio.o(i.play_end)
    play_internet_connect                    0x0000367d   Thumb Code     8  audio.o(i.play_internet_connect)
    play_run                                 0x00003689   Thumb Code     8  audio.o(i.play_run)
    redLED_thread                            0x00003695   Thumb Code    32  main.o(i.redLED_thread)
    redLedMove                               0x000036b5   Thumb Code    56  led.o(i.redLedMove)
    redLedStop                               0x000036f1   Thumb Code    52  led.o(i.redLedStop)
    resetPitTick                             0x00003729   Thumb Code     8  ultrasound.o(i.resetPitTick)
    resetTPM2                                0x00003735   Thumb Code     8  ultrasound.o(i.resetTPM2)
    set_motors                               0x00003741   Thumb Code   306  motor.o(i.set_motors)
    startMeasure                             0x00003899   Thumb Code    44  ultrasound.o(i.startMeasure)
    startTPM2                                0x000038c9   Thumb Code    14  ultrasound.o(i.startTPM2)
    startUltrasound                          0x000038dd   Thumb Code    18  ultrasound.o(i.startUltrasound)
    stopTPM2                                 0x000038f5   Thumb Code    14  ultrasound.o(i.stopTPM2)
    stopUltrasound                           0x00003909   Thumb Code     8  ultrasound.o(i.stopUltrasound)
    stop_music                               0x00003911   Thumb Code     8  audio.o(i.stop_music)
    timeToDistance                           0x0000391d   Thumb Code    30  ultrasound.o(i.timeToDistance)
    util_delay                               0x00003949   Thumb Code    20  utils.o(i.util_delay)
    __I$use$fp                               0x0000395c   Number         0  usenofp.o(x$fpl$usenofp)
    uartPriority                             0x0000395c   Data          36  main.o(.constdata)
    motorPriority                            0x00003980   Data          36  main.o(.constdata)
    autoPriority                             0x000039a4   Data          36  main.o(.constdata)
    greenPriority                            0x000039c8   Data          36  main.o(.constdata)
    redPriority                              0x000039ec   Data          36  main.o(.constdata)
    audioPriority                            0x00003a10   Data          36  main.o(.constdata)
    osRtxUserSVC                             0x00003a94   Data           4  rtx_lib.o(.constdata)
    irqRtxLib                                0x00003a98   Data           1  irq_cm0.o(.constdata)
    osRtxConfig                              0x00003a9c   Data         104  rtx_lib.o(.rodata)
    os_cb_sections                           0x00003b04   Data          56  rtx_lib.o(.rodata)
    Region$$Table$$Base                      0x00003b48   Number         0  anon$$obj.o(Region$$Table)
    Region$$Table$$Limit                     0x00003b68   Number         0  anon$$obj.o(Region$$Table)
    .bss.os.msgqueue.cb$$Base                0x20000040   Number         0  rtx_lib.o(.bss.os.msgqueue.cb)
    .bss.os.msgqueue.cb$$Limit               0x20000074   Number         0  rtx_lib.o(.bss.os.msgqueue.cb)
    .bss.os.thread.cb$$Base                  0x200000c4   Number         0  rtx_lib.o(.bss.os.thread.cb)
    .bss.os.thread.cb$$Limit                 0x2000014c   Number         0  rtx_lib.o(.bss.os.thread.cb)
    isAuto                                   0x20000350   Data           4  main.o(.data)
    isFirstObstacle                          0x20000354   Data           4  main.o(.data)
    isSecondObstacle                         0x20000358   Data           4  main.o(.data)
    cur_distance                             0x2000035c   Data           4  main.o(.data)
    state                                    0x20000360   Data           4  main.o(.data)
    low_ultra_dist_counts                    0x20000364   Data           4  main.o(.data)
    auto_start_pit_ticks                     0x20000368   Data           4  main.o(.data)
    auto_first_pit_ticks                     0x2000036c   Data           4  main.o(.data)
    first_obstacle_pit_ticks                 0x20000370   Data           4  main.o(.data)
    justConnected                            0x20000374   Data           4  main.o(.data)
    startTrial                               0x20000378   Data           4  main.o(.data)
    endTrial                                 0x2000037c   Data           4  main.o(.data)
    motorMQ                                  0x20000380   Data           4  main.o(.data)
    motorMutex                               0x20000384   Data           4  main.o(.data)
    autoStopSemaphore                        0x20000388   Data           4  main.o(.data)
    autoStartSemaphore                       0x2000038c   Data           4  main.o(.data)
    ultrasonicSemaphore                      0x20000390   Data           4  main.o(.data)
    straight_level                           0x20000394   Data           1  motor.o(.data)
    side_level                               0x20000395   Data           1  motor.o(.data)
    f_b_dir                                  0x20000396   Data           1  motor.o(.data)
    l_r_dir                                  0x20000397   Data           1  motor.o(.data)
    CUR_TPM1_C0V                             0x20000398   Data           4  motor.o(.data)
    CUR_TPM1_C1V                             0x2000039c   Data           4  motor.o(.data)
    CUR_TPM0_C1V                             0x200003a0   Data           4  motor.o(.data)
    CUR_TPM0_C0V                             0x200003a4   Data           4  motor.o(.data)
    ultra_dist                               0x200003a8   Data           4  ultrasound.o(.data)
    pit_tick                                 0x200003ac   Data           4  ultrasound.o(.data)
    echo_is_on                               0x200003b0   Data           4  ultrasound.o(.data)
    pit_ldval                                0x200003b4   Data           4  ultrasound.o(.data)
    TPM2_CH0_count                           0x200003b8   Data           4  ultrasound.o(.data)
    isPITEnabled                             0x200003bc   Data           4  ultrasound.o(.data)
    greenPins                                0x200003c0   Data          40  led.o(.data)
    i                                        0x200003e8   Data           4  led.o(.data)
    cur_audio                                0x200003ec   Data           1  audio.o(.data)
    new_audio                                0x200003ed   Data           1  audio.o(.data)
    changeAudio                              0x200003f0   Data           4  audio.o(.data)
    russian_anthem                           0x200003f4   Data         984  audio.o(.data)
    dejavu                                   0x200007cc   Data        1600  audio.o(.data)
    untitled                                 0x20000e0c   Data        8000  audio.o(.data)
    irqRtxLibRef                             0x20002d4c   Data           4  rtx_lib.o(.data)
    SystemCoreClock                          0x20002d54   Data           4  system_mkl25z4.o(.data)
    osRtxInfo                                0x20002d58   Data         164  rtx_kernel.o(.data.os)
    __libspace_start                         0x20002dfc   Data          96  libspace.o(.bss)
    __temporary_stack_top$libspace           0x20002e5c   Data           0  libspace.o(.bss)



==============================================================================

Memory Map of the image

  Image Entry point : 0x00000189

  Load Region LR_1 (Base: 0x00000000, Size: 0x00007964, Max: 0xffffffff, ABSOLUTE, COMPRESSED[0x00003ebc])

    Execution Region ER_RO (Exec base: 0x00000000, Load base: 0x00000000, Size: 0x00003b68, Max: 0xffffffff, ABSOLUTE)

    Exec Addr    Load Addr    Size         Type   Attr      Idx    E Section Name        Object

    0x00000000   0x00000000   0x000000c0   Data   RO          745    RESET               startup_mkl25z4.o
    0x000000c0   0x000000c0   0x00000008   Code   RO         1302  * !!!main             c_p.l(__main.o)
    0x000000c8   0x000000c8   0x0000003c   Code   RO         1480    !!!scatter          c_p.l(__scatter.o)
    0x00000104   0x00000104   0x0000001c   Code   RO         1482    !!handler_zi        c_p.l(__scatter_zi.o)
    0x00000120   0x00000120   0x00000002   Code   RO         1347    .ARM.Collect$$libinit$$00000000  c_p.l(libinit.o)
    0x00000122   0x00000122   0x00000000   Code   RO         1361    .ARM.Collect$$libinit$$00000002  c_p.l(libinit2.o)
    0x00000122   0x00000122   0x00000000   Code   RO         1363    .ARM.Collect$$libinit$$00000004  c_p.l(libinit2.o)
    0x00000122   0x00000122   0x00000000   Code   RO         1366    .ARM.Collect$$libinit$$0000000A  c_p.l(libinit2.o)
    0x00000122   0x00000122   0x00000000   Code   RO         1368    .ARM.Collect$$libinit$$0000000C  c_p.l(libinit2.o)
    0x00000122   0x00000122   0x00000000   Code   RO         1370    .ARM.Collect$$libinit$$0000000E  c_p.l(libinit2.o)
    0x00000122   0x00000122   0x00000000   Code   RO         1373    .ARM.Collect$$libinit$$00000011  c_p.l(libinit2.o)
    0x00000122   0x00000122   0x00000000   Code   RO         1375    .ARM.Collect$$libinit$$00000013  c_p.l(libinit2.o)
    0x00000122   0x00000122   0x00000000   Code   RO         1377    .ARM.Collect$$libinit$$00000015  c_p.l(libinit2.o)
    0x00000122   0x00000122   0x00000000   Code   RO         1379    .ARM.Collect$$libinit$$00000017  c_p.l(libinit2.o)
    0x00000122   0x00000122   0x00000000   Code   RO         1381    .ARM.Collect$$libinit$$00000019  c_p.l(libinit2.o)
    0x00000122   0x00000122   0x00000000   Code   RO         1383    .ARM.Collect$$libinit$$0000001B  c_p.l(libinit2.o)
    0x00000122   0x00000122   0x00000000   Code   RO         1385    .ARM.Collect$$libinit$$0000001D  c_p.l(libinit2.o)
    0x00000122   0x00000122   0x00000000   Code   RO         1387    .ARM.Collect$$libinit$$0000001F  c_p.l(libinit2.o)
    0x00000122   0x00000122   0x00000000   Code   RO         1389    .ARM.Collect$$libinit$$00000021  c_p.l(libinit2.o)
    0x00000122   0x00000122   0x00000000   Code   RO         1391    .ARM.Collect$$libinit$$00000023  c_p.l(libinit2.o)
    0x00000122   0x00000122   0x00000000   Code   RO         1393    .ARM.Collect$$libinit$$00000025  c_p.l(libinit2.o)
    0x00000122   0x00000122   0x00000000   Code   RO         1397    .ARM.Collect$$libinit$$0000002C  c_p.l(libinit2.o)
    0x00000122   0x00000122   0x00000000   Code   RO         1399    .ARM.Collect$$libinit$$0000002E  c_p.l(libinit2.o)
    0x00000122   0x00000122   0x00000000   Code   RO         1401    .ARM.Collect$$libinit$$00000030  c_p.l(libinit2.o)
    0x00000122   0x00000122   0x00000000   Code   RO         1403    .ARM.Collect$$libinit$$00000032  c_p.l(libinit2.o)
    0x00000122   0x00000122   0x00000002   Code   RO         1404    .ARM.Collect$$libinit$$00000033  c_p.l(libinit2.o)
    0x00000124   0x00000124   0x00000002   Code   RO         1435    .ARM.Collect$$libshutdown$$00000000  c_p.l(libshutdown.o)
    0x00000126   0x00000126   0x00000000   Code   RO         1461    .ARM.Collect$$libshutdown$$00000002  c_p.l(libshutdown2.o)
    0x00000126   0x00000126   0x00000000   Code   RO         1463    .ARM.Collect$$libshutdown$$00000004  c_p.l(libshutdown2.o)
    0x00000126   0x00000126   0x00000000   Code   RO         1466    .ARM.Collect$$libshutdown$$00000007  c_p.l(libshutdown2.o)
    0x00000126   0x00000126   0x00000000   Code   RO         1469    .ARM.Collect$$libshutdown$$0000000A  c_p.l(libshutdown2.o)
    0x00000126   0x00000126   0x00000000   Code   RO         1471    .ARM.Collect$$libshutdown$$0000000C  c_p.l(libshutdown2.o)
    0x00000126   0x00000126   0x00000000   Code   RO         1474    .ARM.Collect$$libshutdown$$0000000F  c_p.l(libshutdown2.o)
    0x00000126   0x00000126   0x00000002   Code   RO         1475    .ARM.Collect$$libshutdown$$00000010  c_p.l(libshutdown2.o)
    0x00000128   0x00000128   0x00000000   Code   RO         1312    .ARM.Collect$$rtentry$$00000000  c_p.l(__rtentry.o)
    0x00000128   0x00000128   0x00000000   Code   RO         1319    .ARM.Collect$$rtentry$$00000002  c_p.l(__rtentry2.o)
    0x00000128   0x00000128   0x00000006   Code   RO         1331    .ARM.Collect$$rtentry$$00000004  c_p.l(__rtentry4.o)
    0x0000012e   0x0000012e   0x00000008   Code   RO         1320    .ARM.Collect$$rtentry$$00000008  c_p.l(__rtentry2.o)
    0x00000136   0x00000136   0x00000004   Code   RO         1322    .ARM.Collect$$rtentry$$0000000A  c_p.l(__rtentry2.o)
    0x0000013a   0x0000013a   0x00000000   Code   RO         1324    .ARM.Collect$$rtentry$$0000000C  c_p.l(__rtentry2.o)
    0x0000013a   0x0000013a   0x00000008   Code   RO         1325    .ARM.Collect$$rtentry$$0000000D  c_p.l(__rtentry2.o)
    0x00000142   0x00000142   0x00000002   Code   RO         1352    .ARM.Collect$$rtexit$$00000000  c_p.l(rtexit.o)
    0x00000144   0x00000144   0x00000000   Code   RO         1408    .ARM.Collect$$rtexit$$00000002  c_p.l(rtexit2.o)
    0x00000144   0x00000144   0x00000004   Code   RO         1409    .ARM.Collect$$rtexit$$00000003  c_p.l(rtexit2.o)
    0x00000148   0x00000148   0x00000006   Code   RO         1410    .ARM.Collect$$rtexit$$00000004  c_p.l(rtexit2.o)
    0x0000014e   0x0000014e   0x00000002   PAD
    0x00000150   0x00000150   0x00000038   Code   RO         1290    .emb_text           c_p.l(rt_memcpy.o)
    0x00000188   0x00000188   0x00000040   Code   RO          747  * .text               startup_mkl25z4.o
    0x000001c8   0x000001c8   0x000000a4   Code   RO         1132    .text               RTX_CM0.lib(irq_cm0.o)
    0x0000026c   0x0000026c   0x00000082   Code   RO         1291    .text               c_p.l(rt_memcpy.o)
    0x000002ee   0x000002ee   0x00000040   Code   RO         1294    .text               c_p.l(rt_memclr.o)
    0x0000032e   0x0000032e   0x00000006   Code   RO         1300    .text               c_p.l(heapauxi.o)
    0x00000334   0x00000334   0x0000006c   Code   RO         1304    .text               fz_ps.l(dfixi.o)
    0x000003a0   0x000003a0   0x00000048   Code   RO         1306    .text               fz_ps.l(dfixui.o)
    0x000003e8   0x000003e8   0x00000010   Code   RO         1338    .text               c_p.l(exit.o)
    0x000003f8   0x000003f8   0x00000008   Code   RO         1348    .text               c_p.l(libspace.o)
    0x00000400   0x00000400   0x00000010   Code   RO          746    .ARM.__at_0x400     startup_mkl25z4.o
    0x00000410   0x00000410   0x0000015a   Code   RO         1296    .text               c_p.l(aeabi_sdiv.o)
    0x0000056a   0x0000056a   0x00000058   Code   RO         1308    .text               fz_ps.l(dflti.o)
    0x000005c2   0x000005c2   0x00000002   PAD
    0x000005c4   0x000005c4   0x00000248   Code   RO         1310    .text               fz_ps.l(dmul.o)
    0x0000080c   0x0000080c   0x0000003e   Code   RO         1335    .text               c_p.l(sys_stackheap_outer.o)
    0x0000084a   0x0000084a   0x00000002   PAD
    0x0000084c   0x0000084c   0x0000000c   Code   RO         1405    .text               c_p.l(sys_exit.o)
    0x00000858   0x00000858   0x00000002   Code   RO         1424    .text               c_p.l(use_no_semi.o)
    0x0000085a   0x0000085a   0x00000000   Code   RO         1426    .text               c_p.l(indicate_semi.o)
    0x0000085a   0x0000085a   0x00000056   Code   RO         1478    .text               c_p.l(__dczerorl2.o)
    0x000008b0   0x000008b0   0x0000004c   Code   RO         1115    .text.MessageQueueGet  RTX_CM0.lib(rtx_msgqueue.o)
    0x000008fc   0x000008fc   0x00000062   Code   RO         1109    .text.MessageQueuePut  RTX_CM0.lib(rtx_msgqueue.o)
    0x0000095e   0x0000095e   0x0000001e   Code   RO         1107    .text.MessageQueueRemove  RTX_CM0.lib(rtx_msgqueue.o)
    0x0000097c   0x0000097c   0x0000000c   Code   RO         1267    .text.OS_Tick_AcknowledgeIRQ  RTX_CM0.lib(os_systick.o)
    0x00000988   0x00000988   0x0000002c   Code   RO         1263    .text.OS_Tick_Enable  RTX_CM0.lib(os_systick.o)
    0x000009b4   0x000009b4   0x00000006   Code   RO         1269    .text.OS_Tick_GetIRQn  RTX_CM0.lib(os_systick.o)
    0x000009ba   0x000009ba   0x00000002   PAD
    0x000009bc   0x000009bc   0x0000004c   Code   RO         1261    .text.OS_Tick_Setup  RTX_CM0.lib(os_systick.o)
    0x00000a08   0x00000a08   0x00000024   Code   RO         1054    .text.SemaphoreTokenDecrement  RTX_CM0.lib(rtx_semaphore.o)
    0x00000a2c   0x00000a2c   0x00000026   Code   RO         1060    .text.SemaphoreTokenIncrement  RTX_CM0.lib(rtx_semaphore.o)
    0x00000a52   0x00000a52   0x0000004e   Code   RO          931    .text.ThreadFlagsCheck  RTX_CM0.lib(rtx_thread.o)
    0x00000aa0   0x00000aa0   0x0000004c   Code   RO         1153    .text.TimerInsert   RTX_CM0.lib(rtx_timer.o)
    0x00000aec   0x00000aec   0x00000028   Code   RO          984    .text.osDelay       RTX_CM0.lib(rtx_delay.o)
    0x00000b14   0x00000b14   0x00000030   Code   RO          794    .text.osKernelGetState  RTX_CM0.lib(rtx_kernel.o)
    0x00000b44   0x00000b44   0x00000028   Code   RO          788    .text.osKernelInitialize  RTX_CM0.lib(rtx_kernel.o)
    0x00000b6c   0x00000b6c   0x00000024   Code   RO          798    .text.osKernelStart  RTX_CM0.lib(rtx_kernel.o)
    0x00000b90   0x00000b90   0x00000074   Code   RO         1081    .text.osMessageQueueGet  RTX_CM0.lib(rtx_msgqueue.o)
    0x00000c04   0x00000c04   0x00000024   Code   RO         1075    .text.osMessageQueueNew  RTX_CM0.lib(rtx_msgqueue.o)
    0x00000c28   0x00000c28   0x00000078   Code   RO         1079    .text.osMessageQueuePut  RTX_CM0.lib(rtx_msgqueue.o)
    0x00000ca0   0x00000ca0   0x00000028   Code   RO         1007    .text.osMutexAcquire  RTX_CM0.lib(rtx_mutex.o)
    0x00000cc8   0x00000cc8   0x00000028   Code   RO         1013    .text.osMutexDelete  RTX_CM0.lib(rtx_mutex.o)
    0x00000cf0   0x00000cf0   0x00000024   Code   RO         1003    .text.osMutexNew    RTX_CM0.lib(rtx_mutex.o)
    0x00000d14   0x00000d14   0x00000028   Code   RO         1009    .text.osMutexRelease  RTX_CM0.lib(rtx_mutex.o)
    0x00000d3c   0x00000d3c   0x00000002   Code   RO          786    .text.osRtxKernelPreInit  RTX_CM0.lib(rtx_kernel.o)
    0x00000d3e   0x00000d3e   0x0000007c   Code   RO         1180    .text.osRtxMemoryAlloc  RTX_CM0.lib(rtx_memory.o)
    0x00000dba   0x00000dba   0x0000004e   Code   RO         1182    .text.osRtxMemoryFree  RTX_CM0.lib(rtx_memory.o)
    0x00000e08   0x00000e08   0x00000032   Code   RO         1178    .text.osRtxMemoryInit  RTX_CM0.lib(rtx_memory.o)
    0x00000e3a   0x00000e3a   0x0000002e   Code   RO         1195    .text.osRtxMemoryPoolAlloc  RTX_CM0.lib(rtx_mempool.o)
    0x00000e68   0x00000e68   0x0000003a   Code   RO         1197    .text.osRtxMemoryPoolFree  RTX_CM0.lib(rtx_mempool.o)
    0x00000ea2   0x00000ea2   0x0000003e   Code   RO         1193    .text.osRtxMemoryPoolInit  RTX_CM0.lib(rtx_mempool.o)
    0x00000ee0   0x00000ee0   0x000000bc   Code   RO         1105    .text.osRtxMessageQueuePostProcess  RTX_CM0.lib(rtx_msgqueue.o)
    0x00000f9c   0x00000f9c   0x00000044   Code   RO         1001    .text.osRtxMutexOwnerRelease  RTX_CM0.lib(rtx_mutex.o)
    0x00000fe0   0x00000fe0   0x00000080   Code   RO         1248    .text.osRtxPendSV_Handler  RTX_CM0.lib(rtx_system.o)
    0x00001060   0x00001060   0x0000006c   Code   RO         1250    .text.osRtxPostProcess  RTX_CM0.lib(rtx_system.o)
    0x000010cc   0x000010cc   0x00000024   Code   RO         1052    .text.osRtxSemaphorePostProcess  RTX_CM0.lib(rtx_semaphore.o)
    0x000010f0   0x000010f0   0x00000038   Code   RO          871    .text.osRtxThreadBlock  RTX_CM0.lib(rtx_thread.o)
    0x00001128   0x00001128   0x00000080   Code   RO          879    .text.osRtxThreadDelayInsert  RTX_CM0.lib(rtx_thread.o)
    0x000011a8   0x000011a8   0x00000044   Code   RO          875    .text.osRtxThreadDelayRemove  RTX_CM0.lib(rtx_thread.o)
    0x000011ec   0x000011ec   0x00000038   Code   RO          861    .text.osRtxThreadDelayTick  RTX_CM0.lib(rtx_thread.o)
    0x00001224   0x00001224   0x00000050   Code   RO          869    .text.osRtxThreadDispatch  RTX_CM0.lib(rtx_thread.o)
    0x00001274   0x00001274   0x00000054   Code   RO          955    .text.osRtxThreadFree  RTX_CM0.lib(rtx_thread.o)
    0x000012c8   0x000012c8   0x00000014   Code   RO          853    .text.osRtxThreadListGet  RTX_CM0.lib(rtx_thread.o)
    0x000012dc   0x000012dc   0x0000002c   Code   RO          851    .text.osRtxThreadListPut  RTX_CM0.lib(rtx_thread.o)
    0x00001308   0x00001308   0x00000018   Code   RO          857    .text.osRtxThreadListRemove  RTX_CM0.lib(rtx_thread.o)
    0x00001320   0x00001320   0x00000026   Code   RO          855    .text.osRtxThreadListSort  RTX_CM0.lib(rtx_thread.o)
    0x00001346   0x00001346   0x00000026   Code   RO          929    .text.osRtxThreadPostProcess  RTX_CM0.lib(rtx_thread.o)
    0x0000136c   0x0000136c   0x00000018   Code   RO          859    .text.osRtxThreadReadyPut  RTX_CM0.lib(rtx_thread.o)
    0x00001384   0x00001384   0x00000006   Code   RO          863    .text.osRtxThreadRegPtr  RTX_CM0.lib(rtx_thread.o)
    0x0000138a   0x0000138a   0x00000002   PAD
    0x0000138c   0x0000138c   0x0000002c   Code   RO          867    .text.osRtxThreadStackCheck  RTX_CM0.lib(rtx_thread.o)
    0x000013b8   0x000013b8   0x00000040   Code   RO          881    .text.osRtxThreadStartup  RTX_CM0.lib(rtx_thread.o)
    0x000013f8   0x000013f8   0x00000014   Code   RO          865    .text.osRtxThreadSwitch  RTX_CM0.lib(rtx_thread.o)
    0x0000140c   0x0000140c   0x0000003c   Code   RO          877    .text.osRtxThreadWaitEnter  RTX_CM0.lib(rtx_thread.o)
    0x00001448   0x00001448   0x00000022   Code   RO          873    .text.osRtxThreadWaitExit  RTX_CM0.lib(rtx_thread.o)
    0x0000146a   0x0000146a   0x00000002   PAD
    0x0000146c   0x0000146c   0x00000074   Code   RO         1246    .text.osRtxTick_Handler  RTX_CM0.lib(rtx_system.o)
    0x000014e0   0x000014e0   0x0000003c   Code   RO         1137    .text.osRtxTimerThread  RTX_CM0.lib(rtx_timer.o)
    0x0000151c   0x0000151c   0x00000060   Code   RO         1139    .text.osRtxTimerTick  RTX_CM0.lib(rtx_timer.o)
    0x0000157c   0x0000157c   0x00000044   Code   RO         1040    .text.osSemaphoreAcquire  RTX_CM0.lib(rtx_semaphore.o)
    0x000015c0   0x000015c0   0x00000024   Code   RO         1036    .text.osSemaphoreNew  RTX_CM0.lib(rtx_semaphore.o)
    0x000015e4   0x000015e4   0x0000004c   Code   RO         1042    .text.osSemaphoreRelease  RTX_CM0.lib(rtx_semaphore.o)
    0x00001630   0x00001630   0x0000000c   Code   RO          913    .text.osThreadExit  RTX_CM0.lib(rtx_thread.o)
    0x0000163c   0x0000163c   0x00000024   Code   RO          885    .text.osThreadNew   RTX_CM0.lib(rtx_thread.o)
    0x00001660   0x00001660   0x00000012   Code   RO          988    .text.svcRtxDelay   RTX_CM0.lib(rtx_delay.o)
    0x00001672   0x00001672   0x00000002   PAD
    0x00001674   0x00001674   0x0000000c   Code   RO          796    .text.svcRtxKernelGetState  RTX_CM0.lib(rtx_kernel.o)
    0x00001680   0x00001680   0x00000148   Code   RO          826    .text.svcRtxKernelInitialize  RTX_CM0.lib(rtx_kernel.o)
    0x000017c8   0x000017c8   0x00000084   Code   RO          828    .text.svcRtxKernelStart  RTX_CM0.lib(rtx_kernel.o)
    0x0000184c   0x0000184c   0x000000e8   Code   RO         1117    .text.svcRtxMessageQueueGet  RTX_CM0.lib(rtx_msgqueue.o)
    0x00001934   0x00001934   0x000001e4   Code   RO         1103    .text.svcRtxMessageQueueNew  RTX_CM0.lib(rtx_msgqueue.o)
    0x00001b18   0x00001b18   0x000000bc   Code   RO         1113    .text.svcRtxMessageQueuePut  RTX_CM0.lib(rtx_msgqueue.o)
    0x00001bd4   0x00001bd4   0x00000098   Code   RO         1019    .text.svcRtxMutexAcquire  RTX_CM0.lib(rtx_mutex.o)
    0x00001c6c   0x00001c6c   0x000000bc   Code   RO         1025    .text.svcRtxMutexDelete  RTX_CM0.lib(rtx_mutex.o)
    0x00001d28   0x00001d28   0x00000070   Code   RO         1015    .text.svcRtxMutexNew  RTX_CM0.lib(rtx_mutex.o)
    0x00001d98   0x00001d98   0x000000c0   Code   RO         1021    .text.svcRtxMutexRelease  RTX_CM0.lib(rtx_mutex.o)
    0x00001e58   0x00001e58   0x0000004c   Code   RO         1058    .text.svcRtxSemaphoreAcquire  RTX_CM0.lib(rtx_semaphore.o)
    0x00001ea4   0x00001ea4   0x00000088   Code   RO         1050    .text.svcRtxSemaphoreNew  RTX_CM0.lib(rtx_semaphore.o)
    0x00001f2c   0x00001f2c   0x00000038   Code   RO         1062    .text.svcRtxSemaphoreRelease  RTX_CM0.lib(rtx_semaphore.o)
    0x00001f64   0x00001f64   0x0000006c   Code   RO          959    .text.svcRtxThreadExit  RTX_CM0.lib(rtx_thread.o)
    0x00001fd0   0x00001fd0   0x000001ec   Code   RO          883    .text.svcRtxThreadNew  RTX_CM0.lib(rtx_thread.o)
    0x000021bc   0x000021bc   0x00000030   Code   RO          304    i.PIT_IRQHandler    ultrasound.o
    0x000021ec   0x000021ec   0x00000190   Code   RO          755    i.SystemCoreClockUpdate  system_mkl25z4.o
    0x0000237c   0x0000237c   0x0000000c   Code   RO          756    i.SystemInit        system_mkl25z4.o
    0x00002388   0x00002388   0x00000054   Code   RO          305    i.TPM2_IRQHandler   ultrasound.o
    0x000023dc   0x000023dc   0x00000034   Code   RO          154    i.UART2_IRQHandler  uart.o
    0x00002410   0x00002410   0x0000001c   Code   RO          734    i.__ARM_common_switch8  rtx_config.o
    0x0000242c   0x0000242c   0x00000018   Code   RO          306    i.__NVIC_ClearPendingIRQ  ultrasound.o
    0x00002444   0x00002444   0x00000038   Code   RO          307    i.__NVIC_DisableIRQ  ultrasound.o
    0x0000247c   0x0000247c   0x00000020   Code   RO          308    i.__NVIC_EnableIRQ  ultrasound.o
    0x0000249c   0x0000249c   0x00000078   Code   RO          309    i.__NVIC_SetPriority  ultrasound.o
    0x00002514   0x00002514   0x00000018   Code   RO          637    i._mutex_acquire    rtx_lib.o
    0x0000252c   0x0000252c   0x0000000c   Code   RO          638    i._mutex_free       rtx_lib.o
    0x00002538   0x00002538   0x00000024   Code   RO          639    i._mutex_initialize  rtx_lib.o
    0x0000255c   0x0000255c   0x00000014   Code   RO          640    i._mutex_release    rtx_lib.o
    0x00002570   0x00002570   0x00000008   Code   RO          641    i._platform_post_stackheap_init  rtx_lib.o
    0x00002578   0x00002578   0x0000000e   Code   RO            3    i.audio_thread      main.o
    0x00002586   0x00002586   0x00000002   PAD
    0x00002588   0x00002588   0x00000120   Code   RO            4    i.auto_obstacle_avoid  main.o
    0x000026a8   0x000026a8   0x0000015c   Code   RO            5    i.auto_thread       main.o
    0x00002804   0x00002804   0x0000006c   Code   RO          212    i.calc_left         motor.o
    0x00002870   0x00002870   0x0000006c   Code   RO          213    i.calc_left_back    motor.o
    0x000028dc   0x000028dc   0x0000006c   Code   RO          214    i.calc_right        motor.o
    0x00002948   0x00002948   0x0000006c   Code   RO          215    i.calc_right_back   motor.o
    0x000029b4   0x000029b4   0x00000014   Code   RO          310    i.clearTIF          ultrasound.o
    0x000029c8   0x000029c8   0x00000034   Code   RO          216    i.create_motor_cmd  motor.o
    0x000029fc   0x000029fc   0x00000050   Code   RO          311    i.disablePIT        ultrasound.o
    0x00002a4c   0x00002a4c   0x00000012   Code   RO          312    i.disableTPM2       ultrasound.o
    0x00002a5e   0x00002a5e   0x00000018   Code   RO          313    i.enableTPM2IRQ     ultrasound.o
    0x00002a76   0x00002a76   0x00000002   PAD
    0x00002a78   0x00002a78   0x0000003c   Code   RO          314    i.getDistance       ultrasound.o
    0x00002ab4   0x00002ab4   0x0000000c   Code   RO          315    i.getPITTick        ultrasound.o
    0x00002ac0   0x00002ac0   0x0000000c   Code   RO          316    i.getTPMC1Value     ultrasound.o
    0x00002acc   0x00002acc   0x00000032   Code   RO            7    i.get_level         main.o
    0x00002afe   0x00002afe   0x00000002   PAD
    0x00002b00   0x00002b00   0x00000020   Code   RO          218    i.get_move_state    motor.o
    0x00002b20   0x00002b20   0x00000020   Code   RO            8    i.greenLED_thread   main.o
    0x00002b40   0x00002b40   0x00000070   Code   RO          507    i.greenLedMove      led.o
    0x00002bb0   0x00002bb0   0x00000024   Code   RO          508    i.greenLedStop      led.o
    0x00002bd4   0x00002bd4   0x00000160   Code   RO            9    i.handle_UART       main.o
    0x00002d34   0x00002d34   0x00000008   Code   RO          567    i.initAudio         audio.o
    0x00002d3c   0x00002d3c   0x00000008   Code   RO          318    i.initEcho          ultrasound.o
    0x00002d44   0x00002d44   0x00000144   Code   RO          509    i.initGreenLED      led.o
    0x00002e88   0x00002e88   0x00000150   Code   RO          219    i.initMotor         motor.o
    0x00002fd8   0x00002fd8   0x000000a4   Code   RO          319    i.initPIT           ultrasound.o
    0x0000307c   0x0000307c   0x000000a8   Code   RO          568    i.initPWM           audio.o
    0x00003124   0x00003124   0x00000050   Code   RO          510    i.initRedLED        led.o
    0x00003174   0x00003174   0x000000dc   Code   RO          320    i.initTPM2          ultrasound.o
    0x00003250   0x00003250   0x00000044   Code   RO          321    i.initTrigger       ultrasound.o
    0x00003294   0x00003294   0x00000080   Code   RO          156    i.initUART2         uart.o
    0x00003314   0x00003314   0x0000000c   Code   RO          322    i.initUltrasound    ultrasound.o
    0x00003320   0x00003320   0x0000003c   Code   RO          220    i.just_backward     motor.o
    0x0000335c   0x0000335c   0x00000038   Code   RO          221    i.just_forward      motor.o
    0x00003394   0x00003394   0x00000030   Code   RO          222    i.just_stop         motor.o
    0x000033c4   0x000033c4   0x00000048   Code   RO           10    i.just_stoppppp     main.o
    0x0000340c   0x0000340c   0x000000dc   Code   RO           11    i.main              main.o
    0x000034e8   0x000034e8   0x00000040   Code   RO           12    i.motor_thread      main.o
    0x00003528   0x00003528   0x00000020   Code   RO          713    i.osRtxErrorNotify  rtx_config.o
    0x00003548   0x00003548   0x00000004   Code   RO          714    i.osRtxIdleThread   rtx_config.o
    0x0000354c   0x0000354c   0x00000024   Code   RO          642    i.os_kernel_is_active  rtx_lib.o
    0x00003570   0x00003570   0x00000100   Code   RO          569    i.play_audio        audio.o
    0x00003670   0x00003670   0x0000000c   Code   RO          570    i.play_end          audio.o
    0x0000367c   0x0000367c   0x0000000c   Code   RO          571    i.play_internet_connect  audio.o
    0x00003688   0x00003688   0x0000000c   Code   RO          572    i.play_run          audio.o
    0x00003694   0x00003694   0x00000020   Code   RO           13    i.redLED_thread     main.o
    0x000036b4   0x000036b4   0x0000003c   Code   RO          511    i.redLedMove        led.o
    0x000036f0   0x000036f0   0x00000038   Code   RO          512    i.redLedStop        led.o
    0x00003728   0x00003728   0x0000000c   Code   RO          325    i.resetPitTick      ultrasound.o
    0x00003734   0x00003734   0x0000000c   Code   RO          326    i.resetTPM2         ultrasound.o
    0x00003740   0x00003740   0x00000158   Code   RO          223    i.set_motors        motor.o
    0x00003898   0x00003898   0x00000030   Code   RO          327    i.startMeasure      ultrasound.o
    0x000038c8   0x000038c8   0x00000014   Code   RO          328    i.startTPM2         ultrasound.o
    0x000038dc   0x000038dc   0x00000018   Code   RO          329    i.startUltrasound   ultrasound.o
    0x000038f4   0x000038f4   0x00000014   Code   RO          330    i.stopTPM2          ultrasound.o
    0x00003908   0x00003908   0x00000008   Code   RO          331    i.stopUltrasound    ultrasound.o
    0x00003910   0x00003910   0x0000000c   Code   RO          573    i.stop_music        audio.o
    0x0000391c   0x0000391c   0x0000002c   Code   RO          332    i.timeToDistance    ultrasound.o
    0x00003948   0x00003948   0x00000014   Code   RO          192    i.util_delay        utils.o
    0x0000395c   0x0000395c   0x00000000   Code   RO         1317    x$fpl$usenofp       fz_ps.l(usenofp.o)
    0x0000395c   0x0000395c   0x000000d8   Data   RO           16    .constdata          main.o
    0x00003a34   0x00003a34   0x00000064   Data   RO          649    .constdata          rtx_lib.o
    0x00003a98   0x00003a98   0x00000001   Data   RO         1131    .constdata          RTX_CM0.lib(irq_cm0.o)
    0x00003a99   0x00003a99   0x00000003   PAD
    0x00003a9c   0x00003a9c   0x000000a0   Data   RO          651    .rodata             rtx_lib.o
    0x00003b3c   0x00003b3c   0x0000000b   Data   RO          840    .rodata.str1.4      RTX_CM0.lib(rtx_kernel.o)
    0x00003b47   0x00003b47   0x00000001   PAD
    0x00003b48   0x00003b48   0x00000020   Data   RO         1476    Region$$Table       anon$$obj.o


    Execution Region ER_RW (Exec base: 0x1ffff000, Load base: 0x00003b68, Size: 0x00003dfc, Max: 0xffffffff, ABSOLUTE, COMPRESSED[0x00000354])

    Exec Addr    Load Addr    Size         Type   Attr      Idx    E Section Name        Object

    0x1ffff000   COMPRESSED   0x00001040   Data   RW          643    .bss.os             rtx_lib.o
    0x20000040   COMPRESSED   0x00000034   Data   RW          645    .bss.os.msgqueue.cb  rtx_lib.o
    0x20000074   COMPRESSED   0x00000050   Data   RW          646    .bss.os.msgqueue.mem  rtx_lib.o
    0x200000c4   COMPRESSED   0x00000088   Data   RW          647    .bss.os.thread.cb   rtx_lib.o
    0x2000014c   COMPRESSED   0x00000004   PAD
    0x20000150   COMPRESSED   0x00000200   Data   RW          648    .bss.os.thread.stack  rtx_lib.o
    0x20000350   COMPRESSED   0x00000044   Data   RW           17    .data               main.o
    0x20000394   COMPRESSED   0x00000014   Data   RW          224    .data               motor.o
    0x200003a8   COMPRESSED   0x00000018   Data   RW          333    .data               ultrasound.o
    0x200003c0   COMPRESSED   0x0000002c   Data   RW          513    .data               led.o
    0x200003ec   COMPRESSED   0x00002960   Data   RW          574    .data               audio.o
    0x20002d4c   COMPRESSED   0x00000005   Data   RW          650    .data               rtx_lib.o
    0x20002d51   COMPRESSED   0x00000003   PAD
    0x20002d54   COMPRESSED   0x00000004   Data   RW          757    .data               system_mkl25z4.o
    0x20002d58   COMPRESSED   0x000000a4   Data   RW          841    .data.os            RTX_CM0.lib(rtx_kernel.o)


    Execution Region ER_ZI (Exec base: 0x20002dfc, Load base: 0x00003ebc, Size: 0x00000164, Max: 0xffffffff, ABSOLUTE)

    Exec Addr    Load Addr    Size         Type   Attr      Idx    E Section Name        Object

    0x20002dfc        -       0x00000060   Zero   RW         1349    .bss                c_p.l(libspace.o)
    0x20002e5c        -       0x00000001   Zero   RW         1279    .bss.PendST         RTX_CM0.lib(os_systick.o)
    0x20002e5d   0x00003ebc   0x00000003   PAD
    0x20002e60        -       0x00000000   Zero   RW          744    HEAP                startup_mkl25z4.o
    0x20002e60        -       0x00000100   Zero   RW          743    STACK               startup_mkl25z4.o


==============================================================================

Image component sizes


      Code (inc. data)   RO Data    RW Data    ZI Data      Debug   Object Name

       480         70          0      10592          0       5027   audio.o
       668         66          0         44          0       3106   led.o
      1472        158        216         68          0     227911   main.o
      1360        244          0         20          0       6948   motor.o
        64          8          0          0          0       1009   rtx_config.o
       136          6        260       4945          0      12846   rtx_lib.o
        80         44        192          0        256        852   startup_mkl25z4.o
       412         42          0          4          0       1467   system_mkl25z4.o
       180         22          0          0          0       9123   uart.o
      1250        170          0         24          0      19739   ultrasound.o
        20          0          0          0          0        833   utils.o

    ----------------------------------------------------------------------
      6128        830        700      15704        256     288861   Object Totals
         0          0         32          0          0          0   (incl. Generated)
         6          0          0          7          0          0   (incl. Padding)

    ----------------------------------------------------------------------

      Code (inc. data)   RO Data    RW Data    ZI Data      Debug   Library Member Name

       164          8          1          0          0        496   irq_cm0.o
       138         32          0          0          1       2766   os_systick.o
        58          4          0          0          0       2753   rtx_delay.o
       598         48         11        164          0      16105   rtx_kernel.o
       252          0          0          0          0       2564   rtx_memory.o
       166          0          0          0          0      14282   rtx_mempool.o
      1568         44          0          0          0      17889   rtx_msgqueue.o
       868         32          0          0          0       9201   rtx_mutex.o
       558         28          0          0          0      10054   rtx_semaphore.o
       352         26          0          0          0       4635   rtx_system.o
      1614         96          0          0          0      30867   rtx_thread.o
       232         20          0          0          0      10018   rtx_timer.o
        86          0          0          0          0          0   __dczerorl2.o
         8          0          0          0          0         68   __main.o
         0          0          0          0          0          0   __rtentry.o
        20          0          0          0          0          0   __rtentry2.o
         6          0          0          0          0          0   __rtentry4.o
        60          8          0          0          0          0   __scatter.o
        28          0          0          0          0          0   __scatter_zi.o
       346          0          0          0          0         92   aeabi_sdiv.o
        16          0          0          0          0         68   exit.o
         6          0          0          0          0        136   heapauxi.o
         0          0          0          0          0          0   indicate_semi.o
         2          0          0          0          0          0   libinit.o
         2          0          0          0          0          0   libinit2.o
         2          0          0          0          0          0   libshutdown.o
         2          0          0          0          0          0   libshutdown2.o
         8          4          0          0         96         68   libspace.o
        64          0          0          0          0        108   rt_memclr.o
       186          0          0          0          0        144   rt_memcpy.o
         2          0          0          0          0          0   rtexit.o
        10          0          0          0          0          0   rtexit2.o
        12          4          0          0          0         60   sys_exit.o
        62          0          0          0          0         80   sys_stackheap_outer.o
         2          0          0          0          0         68   use_no_semi.o
       108         10          0          0          0         72   dfixi.o
        72          4          0          0          0         68   dfixui.o
        88          0          0          0          0         92   dflti.o
       584         26          0          0          0         84   dmul.o
         0          0          0          0          0          0   usenofp.o

    ----------------------------------------------------------------------
      8364        394         16        164        100     122838   Library Totals
        14          0          4          0          3          0   (incl. Padding)

    ----------------------------------------------------------------------

      Code (inc. data)   RO Data    RW Data    ZI Data      Debug   Library Name

      6568        338         12        164          1     121630   RTX_CM0.lib
       930         16          0          0         96        892   c_p.l
       852         40          0          0          0        316   fz_ps.l

    ----------------------------------------------------------------------
      8364        394         16        164        100     122838   Library Totals

    ----------------------------------------------------------------------

==============================================================================


      Code (inc. data)   RO Data    RW Data    ZI Data      Debug   

     14492       1224        716      15868        356     407951   Grand Totals
     14492       1224        716        852        356     407951   ELF Image Totals (compressed)
     14492       1224        716        852          0          0   ROM Totals

==============================================================================

    Total RO  Size (Code + RO Data)                15208 (  14.85kB)
    Total RW  Size (RW Data + ZI Data)             16224 (  15.84kB)
    Total ROM Size (Code + RO Data + RW Data)      16060 (  15.68kB)

==============================================================================

