Component: ARM Compiler 5.06 update 6 (build 750) Tool: armlink [4d35ed]

==============================================================================

Section Cross References

    main.o(i.audio_thread) refers to audio.o(i.play_audio) for play_audio
    main.o(i.audio_thread) refers to rtx_delay.o(.text.osDelay) for osDelay
    main.o(i.auto_obstacle_avoid) refers to main.o(i.just_stoppppp) for just_stoppppp
    main.o(i.auto_obstacle_avoid) refers to rtx_delay.o(.text.osDelay) for osDelay
    main.o(i.auto_obstacle_avoid) refers to motor.o(i.create_motor_cmd) for create_motor_cmd
    main.o(i.auto_obstacle_avoid) refers to rtx_msgqueue.o(.text.osMessageQueuePut) for osMessageQueuePut
    main.o(i.auto_obstacle_avoid) refers to main.o(.data) for motorMQ
    main.o(i.auto_thread) refers to rtx_semaphore.o(.text.osSemaphoreAcquire) for osSemaphoreAcquire
    main.o(i.auto_thread) refers to ultrasound.o(i.startUltrasound) for startUltrasound
    main.o(i.auto_thread) refers to audio.o(i.play_run) for play_run
    main.o(i.auto_thread) refers to rtx_delay.o(.text.osDelay) for osDelay
    main.o(i.auto_thread) refers to ultrasound.o(i.getPITTick) for getPITTick
    main.o(i.auto_thread) refers to main.o(i.just_stoppppp) for just_stoppppp
    main.o(i.auto_thread) refers to audio.o(i.play_end) for play_end
    main.o(i.auto_thread) refers to ultrasound.o(i.stopUltrasound) for stopUltrasound
    main.o(i.auto_thread) refers to dflti.o(.text) for __aeabi_ui2d
    main.o(i.auto_thread) refers to dlef.o(x$fpl$dleqf) for __aeabi_cdcmple
    main.o(i.auto_thread) refers to ultrasound.o(i.disableTPM2) for disableTPM2
    main.o(i.auto_thread) refers to main.o(i.auto_obstacle_avoid) for auto_obstacle_avoid
    main.o(i.auto_thread) refers to motor.o(i.get_move_state) for get_move_state
    main.o(i.auto_thread) refers to motor.o(i.create_motor_cmd) for create_motor_cmd
    main.o(i.auto_thread) refers to rtx_msgqueue.o(.text.osMessageQueuePut) for osMessageQueuePut
    main.o(i.auto_thread) refers to audio.o(i.stop_music) for stop_music
    main.o(i.auto_thread) refers to rtx_semaphore.o(.text.osSemaphoreRelease) for osSemaphoreRelease
    main.o(i.auto_thread) refers to main.o(.data) for autoStartSemaphore
    main.o(i.auto_thread) refers to ultrasound.o(.data) for ultra_dist
    main.o(i.greenLED_thread) refers to motor.o(i.get_move_state) for get_move_state
    main.o(i.greenLED_thread) refers to led.o(i.greenLedMove) for greenLedMove
    main.o(i.greenLED_thread) refers to led.o(i.greenLedStop) for greenLedStop
    main.o(i.greenLED_thread) refers to rtx_delay.o(.text.osDelay) for osDelay
    main.o(i.handle_UART) refers to uart.o(i.UART2_IRQHandler) for UART2_IRQHandler
    main.o(i.handle_UART) refers to audio.o(i.play_internet_connect) for play_internet_connect
    main.o(i.handle_UART) refers to audio.o(i.play_run) for play_run
    main.o(i.handle_UART) refers to audio.o(i.play_end) for play_end
    main.o(i.handle_UART) refers to main.o(i.get_level) for get_level
    main.o(i.handle_UART) refers to rtx_msgqueue.o(.text.osMessageQueuePut) for osMessageQueuePut
    main.o(i.handle_UART) refers to rtx_semaphore.o(.text.osSemaphoreRelease) for osSemaphoreRelease
    main.o(i.handle_UART) refers to rtx_semaphore.o(.text.osSemaphoreAcquire) for osSemaphoreAcquire
    main.o(i.handle_UART) refers to rtx_delay.o(.text.osDelay) for osDelay
    main.o(i.handle_UART) refers to main.o(.data) for isAuto
    main.o(i.just_stoppppp) refers to motor.o(i.create_motor_cmd) for create_motor_cmd
    main.o(i.just_stoppppp) refers to rtx_msgqueue.o(.text.osMessageQueuePut) for osMessageQueuePut
    main.o(i.just_stoppppp) refers to utils.o(i.util_delay) for util_delay
    main.o(i.just_stoppppp) refers to main.o(.data) for motorMQ
    main.o(i.main) refers to system_mkl25z4.o(i.SystemCoreClockUpdate) for SystemCoreClockUpdate
    main.o(i.main) refers to motor.o(i.initMotor) for initMotor
    main.o(i.main) refers to ultrasound.o(i.initUltrasound) for initUltrasound
    main.o(i.main) refers to uart.o(i.initUART2) for initUART2
    main.o(i.main) refers to led.o(i.initRedLED) for initRedLED
    main.o(i.main) refers to led.o(i.initGreenLED) for initGreenLED
    main.o(i.main) refers to audio.o(i.initAudio) for initAudio
    main.o(i.main) refers to rtx_kernel.o(.text.osKernelInitialize) for osKernelInitialize
    main.o(i.main) refers to rtx_msgqueue.o(.text.osMessageQueueNew) for osMessageQueueNew
    main.o(i.main) refers to rtx_mutex.o(.text.osMutexNew) for osMutexNew
    main.o(i.main) refers to rtx_semaphore.o(.text.osSemaphoreNew) for osSemaphoreNew
    main.o(i.main) refers to rtx_thread.o(.text.osThreadNew) for osThreadNew
    main.o(i.main) refers to rtx_kernel.o(.text.osKernelStart) for osKernelStart
    main.o(i.main) refers to main.o(.data) for motorMQ
    main.o(i.main) refers to main.o(.constdata) for uartPriority
    main.o(i.main) refers to main.o(i.handle_UART) for handle_UART
[...]
    [Anonymous Symbol]                       0x0000143c   Section        0  rtx_thread.o(.text.osRtxThreadListRemove)
    [Anonymous Symbol]                       0x00001454   Section        0  rtx_thread.o(.text.osRtxThreadListSort)
    [Anonymous Symbol]                       0x0000147a   Section        0  rtx_thread.o(.text.osRtxThreadPostProcess)
    osRtxThreadPostProcess                   0x0000147b   Thumb Code    38  rtx_thread.o(.text.osRtxThreadPostProcess)
    [Anonymous Symbol]                       0x000014a0   Section        0  rtx_thread.o(.text.osRtxThreadReadyPut)
    __arm_cp.4_0                             0x000014b4   Number         4  rtx_thread.o(.text.osRtxThreadReadyPut)
    [Anonymous Symbol]                       0x000014b8   Section        0  rtx_thread.o(.text.osRtxThreadRegPtr)
    [Anonymous Symbol]                       0x000014c0   Section        0  rtx_thread.o(.text.osRtxThreadStackCheck)
    __arm_cp.8_0                             0x000014e4   Number         4  rtx_thread.o(.text.osRtxThreadStackCheck)
    __arm_cp.8_1                             0x000014e8   Number         4  rtx_thread.o(.text.osRtxThreadStackCheck)
    [Anonymous Symbol]                       0x000014ec   Section        0  rtx_thread.o(.text.osRtxThreadStartup)
    __arm_cp.15_0                            0x0000151c   Number         4  rtx_thread.o(.text.osRtxThreadStartup)
    __arm_cp.15_1                            0x00001520   Number         4  rtx_thread.o(.text.osRtxThreadStartup)
    __arm_cp.15_2                            0x00001524   Number         4  rtx_thread.o(.text.osRtxThreadStartup)
    __arm_cp.15_3                            0x00001528   Number         4  rtx_thread.o(.text.osRtxThreadStartup)
    [Anonymous Symbol]                       0x0000152c   Section        0  rtx_thread.o(.text.osRtxThreadSwitch)
    __arm_cp.7_0                             0x0000153c   Number         4  rtx_thread.o(.text.osRtxThreadSwitch)
    [Anonymous Symbol]                       0x00001540   Section        0  rtx_thread.o(.text.osRtxThreadWaitEnter)
    __arm_cp.13_0                            0x00001578   Number         4  rtx_thread.o(.text.osRtxThreadWaitEnter)
    [Anonymous Symbol]                       0x0000157c   Section        0  rtx_thread.o(.text.osRtxThreadWaitExit)
    [Anonymous Symbol]                       0x000015a0   Section        0  rtx_system.o(.text.osRtxTick_Handler)
    __arm_cp.0_0                             0x00001610   Number         4  rtx_system.o(.text.osRtxTick_Handler)
    [Anonymous Symbol]                       0x00001614   Section        0  rtx_timer.o(.text.osRtxTimerThread)
    __arm_cp.0_0                             0x00001644   Number         4  rtx_timer.o(.text.osRtxTimerThread)
    __arm_cp.0_1                             0x00001648   Number         4  rtx_timer.o(.text.osRtxTimerThread)
    __arm_cp.0_2                             0x0000164c   Number         4  rtx_timer.o(.text.osRtxTimerThread)
    [Anonymous Symbol]                       0x00001650   Section        0  rtx_timer.o(.text.osRtxTimerTick)
    osRtxTimerTick                           0x00001651   Thumb Code    96  rtx_timer.o(.text.osRtxTimerTick)
    __arm_cp.1_0                             0x000016ac   Number         4  rtx_timer.o(.text.osRtxTimerTick)
    [Anonymous Symbol]                       0x000016b0   Section        0  rtx_semaphore.o(.text.osSemaphoreAcquire)
    __arm_cp.2_0                             0x000016f0   Number         4  rtx_semaphore.o(.text.osSemaphoreAcquire)
    [Anonymous Symbol]                       0x000016f4   Section        0  rtx_semaphore.o(.text.osSemaphoreNew)
    __arm_cp.0_0                             0x00001714   Number         4  rtx_semaphore.o(.text.osSemaphoreNew)
    [Anonymous Symbol]                       0x00001718   Section        0  rtx_semaphore.o(.text.osSemaphoreRelease)
    __arm_cp.3_0                             0x00001760   Number         4  rtx_semaphore.o(.text.osSemaphoreRelease)
    [Anonymous Symbol]                       0x00001764   Section        0  rtx_thread.o(.text.osThreadExit)
    __arm_cp.31_0                            0x0000176c   Number         4  rtx_thread.o(.text.osThreadExit)
    [Anonymous Symbol]                       0x00001770   Section        0  rtx_thread.o(.text.osThreadNew)
    __arm_cp.17_0                            0x00001790   Number         4  rtx_thread.o(.text.osThreadNew)
    [Anonymous Symbol]                       0x00001794   Section        0  rtx_delay.o(.text.svcRtxDelay)
    svcRtxDelay                              0x00001795   Thumb Code    18  rtx_delay.o(.text.svcRtxDelay)
    [Anonymous Symbol]                       0x000017a8   Section        0  rtx_kernel.o(.text.svcRtxKernelGetState)
    svcRtxKernelGetState                     0x000017a9   Thumb Code    12  rtx_kernel.o(.text.svcRtxKernelGetState)
    __arm_cp.5_0                             0x000017b0   Number         4  rtx_kernel.o(.text.svcRtxKernelGetState)
    [Anonymous Symbol]                       0x000017b4   Section        0  rtx_kernel.o(.text.svcRtxKernelInitialize)
    svcRtxKernelInitialize                   0x000017b5   Thumb Code   328  rtx_kernel.o(.text.svcRtxKernelInitialize)
    __arm_cp.20_0                            0x000018f0   Number         4  rtx_kernel.o(.text.svcRtxKernelInitialize)
    __arm_cp.20_1                            0x000018f4   Number         4  rtx_kernel.o(.text.svcRtxKernelInitialize)
    __arm_cp.20_2                            0x000018f8   Number         4  rtx_kernel.o(.text.svcRtxKernelInitialize)
    [Anonymous Symbol]                       0x000018fc   Section        0  rtx_kernel.o(.text.svcRtxKernelStart)
    svcRtxKernelStart                        0x000018fd   Thumb Code   132  rtx_kernel.o(.text.svcRtxKernelStart)
    __arm_cp.21_0                            0x00001970   Number         4  rtx_kernel.o(.text.svcRtxKernelStart)
    __arm_cp.21_1                            0x00001974   Number         4  rtx_kernel.o(.text.svcRtxKernelStart)
    __arm_cp.21_2                            0x00001978   Number         4  rtx_kernel.o(.text.svcRtxKernelStart)
    __arm_cp.21_3                            0x0000197c   Number         4  rtx_kernel.o(.text.svcRtxKernelStart)
    [Anonymous Symbol]                       0x00001980   Section        0  rtx_msgqueue.o(.text.svcRtxMessageQueueGet)
    svcRtxMessageQueueGet                    0x00001981   Thumb Code   232  rtx_msgqueue.o(.text.svcRtxMessageQueueGet)
    __arm_cp.21_0                            0x00001a64   Number         4  rtx_msgqueue.o(.text.svcRtxMessageQueueGet)
    [Anonymous Symbol]                       0x00001a68   Section        0  rtx_msgqueue.o(.text.svcRtxMessageQueueNew)
    svcRtxMessageQueueNew                    0x00001a69   Thumb Code   484  rtx_msgqueue.o(.text.svcRtxMessageQueueNew)
    __arm_cp.14_0                            0x00001c34   Number         4  rtx_msgqueue.o(.text.svcRtxMessageQueueNew)
    __arm_cp.14_1                            0x00001c38   Number         4  rtx_msgqueue.o(.text.svcRtxMessageQueueNew)
    __arm_cp.14_2                            0x00001c3c   Number         4  rtx_msgqueue.o(.text.svcRtxMessageQueueNew)
    __arm_cp.14_3                            0x00001c40   Number         4  rtx_msgqueue.o(.text.svcRtxMessageQueueNew)
    __arm_cp.14_4                            0x00001c44   Number         4  rtx_msgqueue.o(.text.svcRtxMessageQueueNew)
    __arm_cp.14_5                            0x00001c48   Number         4  rtx_msgqueue.o(.text.svcRtxMessageQueueNew)
    [Anonymous Symbol]                       0x00001c4c   Section        0  rtx_msgqueue.o(.text.svcRtxMessageQueuePut)
    svcRtxMessageQueuePut                    0x00001c4d   Thumb Code   188  rtx_msgqueue.o(.text.svcRtxMessageQueuePut)
    __arm_cp.19_0                            0x00001d04   Number         4  rtx_msgqueue.o(.text.svcRtxMessageQueuePut)
    [Anonymous Symbol]                       0x00001d08   Section        0  rtx_mutex.o(.text.svcRtxMutexAcquire)
    svcRtxMutexAcquire                       0x00001d09   Thumb Code   152  rtx_mutex.o(.text.svcRtxMutexAcquire)
    __arm_cp.9_0                             0x00001d9c   Number         4  rtx_mutex.o(.text.svcRtxMutexAcquire)
    [Anonymous Symbol]                       0x00001da0   Section        0  rtx_mutex.o(.text.svcRtxMutexDelete)
    svcRtxMutexDelete                        0x00001da1   Thumb Code   188  rtx_mutex.o(.text.svcRtxMutexDelete)
    __arm_cp.12_0                            0x00001e58   Number         4  rtx_mutex.o(.text.svcRtxMutexDelete)
    [Anonymous Symbol]                       0x00001e5c   Section        0  rtx_mutex.o(.text.svcRtxMutexNew)
    svcRtxMutexNew                           0x00001e5d   Thumb Code   112  rtx_mutex.o(.text.svcRtxMutexNew)
    __arm_cp.7_0                             0x00001ec8   Number         4  rtx_mutex.o(.text.svcRtxMutexNew)
    [Anonymous Symbol]                       0x00001ecc   Section        0  rtx_mutex.o(.text.svcRtxMutexRelease)
    svcRtxMutexRelease                       0x00001ecd   Thumb Code   192  rtx_mutex.o(.text.svcRtxMutexRelease)
    __arm_cp.10_0                            0x00001f88   Number         4  rtx_mutex.o(.text.svcRtxMutexRelease)
    [Anonymous Symbol]                       0x00001f8c   Section        0  rtx_semaphore.o(.text.svcRtxSemaphoreAcquire)
    svcRtxSemaphoreAcquire                   0x00001f8d   Thumb Code    76  rtx_semaphore.o(.text.svcRtxSemaphoreAcquire)
    __arm_cp.11_0                            0x00001fd4   Number         4  rtx_semaphore.o(.text.svcRtxSemaphoreAcquire)
    [Anonymous Symbol]                       0x00001fd8   Section        0  rtx_semaphore.o(.text.svcRtxSemaphoreNew)
    svcRtxSemaphoreNew                       0x00001fd9   Thumb Code   136  rtx_semaphore.o(.text.svcRtxSemaphoreNew)
    __arm_cp.7_0                             0x00002054   Number         4  rtx_semaphore.o(.text.svcRtxSemaphoreNew)
    __arm_cp.7_1                             0x00002058   Number         4  rtx_semaphore.o(.text.svcRtxSemaphoreNew)
    __arm_cp.7_2                             0x0000205c   Number         4  rtx_semaphore.o(.text.svcRtxSemaphoreNew)
    [Anonymous Symbol]                       0x00002060   Section        0  rtx_semaphore.o(.text.svcRtxSemaphoreRelease)
    svcRtxSemaphoreRelease                   0x00002061   Thumb Code    56  rtx_semaphore.o(.text.svcRtxSemaphoreRelease)
    [Anonymous Symbol]                       0x00002098   Section        0  rtx_thread.o(.text.svcRtxThreadExit)
    svcRtxThreadExit                         0x00002099   Thumb Code   108  rtx_thread.o(.text.svcRtxThreadExit)
    __arm_cp.54_0                            0x00002100   Number         4  rtx_thread.o(.text.svcRtxThreadExit)
    [Anonymous Symbol]                       0x00002104   Section        0  rtx_thread.o(.text.svcRtxThreadNew)
    svcRtxThreadNew                          0x00002105   Thumb Code   492  rtx_thread.o(.text.svcRtxThreadNew)
    __arm_cp.16_0                            0x000022d8   Number         4  rtx_thread.o(.text.svcRtxThreadNew)
    __arm_cp.16_1                            0x000022dc   Number         4  rtx_thread.o(.text.svcRtxThreadNew)
    __arm_cp.16_2                            0x000022e0   Number         4  rtx_thread.o(.text.svcRtxThreadNew)
    __arm_cp.16_3                            0x000022e4   Number         4  rtx_thread.o(.text.svcRtxThreadNew)
    __arm_cp.16_4                            0x000022e8   Number         4  rtx_thread.o(.text.svcRtxThreadNew)
    __arm_cp.16_5                            0x000022ec   Number         4  rtx_thread.o(.text.svcRtxThreadNew)
    i.PIT_IRQHandler                         0x000022f0   Section        0  ultrasound.o(i.PIT_IRQHandler)
    i.SystemCoreClockUpdate                  0x00002320   Section        0  system_mkl25z4.o(i.SystemCoreClockUpdate)
    i.SystemInit                             0x000024b0   Section        0  system_mkl25z4.o(i.SystemInit)
    i.TPM2_IRQHandler                        0x000024bc   Section        0  ultrasound.o(i.TPM2_IRQHandler)
    i.UART2_IRQHandler                       0x00002510   Section        0  uart.o(i.UART2_IRQHandler)
    i.__ARM_common_switch8                   0x00002544   Section        0  rtx_config.o(i.__ARM_common_switch8)
    i.__NVIC_ClearPendingIRQ                 0x00002560   Section        0  ultrasound.o(i.__NVIC_ClearPendingIRQ)
    __NVIC_ClearPendingIRQ                   0x00002561   Thumb Code    18  ultrasound.o(i.__NVIC_ClearPendingIRQ)
    i.__NVIC_DisableIRQ                      0x00002578   Section        0  ultrasound.o(i.__NVIC_DisableIRQ)
    __NVIC_DisableIRQ                        0x00002579   Thumb Code    50  ultrasound.o(i.__NVIC_DisableIRQ)
    i.__NVIC_EnableIRQ                       0x000025b0   Section        0  ultrasound.o(i.__NVIC_EnableIRQ)
    __NVIC_EnableIRQ                         0x000025b1   Thumb Code    26  ultrasound.o(i.__NVIC_EnableIRQ)
    i.__NVIC_SetPriority                     0x000025d0   Section        0  ultrasound.o(i.__NVIC_SetPriority)
    __NVIC_SetPriority                       0x000025d1   Thumb Code   110  ultrasound.o(i.__NVIC_SetPriority)
    i._mutex_acquire                         0x00002648   Section        0  rtx_lib.o(i._mutex_acquire)
    __tagsym$$used                           0x00002649   Number         0  rtx_lib.o(i._mutex_acquire)
    i._mutex_free                            0x00002660   Section        0  rtx_lib.o(i._mutex_free)
    __tagsym$$used                           0x00002661   Number         0  rtx_lib.o(i._mutex_free)
    i._mutex_initialize                      0x0000266c   Section        0  rtx_lib.o(i._mutex_initialize)
    __tagsym$$used                           0x0000266d   Number         0  rtx_lib.o(i._mutex_initialize)
    i._mutex_release                         0x00002690   Section        0  rtx_lib.o(i._mutex_release)
    __tagsym$$used                           0x00002691   Number         0  rtx_lib.o(i._mutex_release)
    i._platform_post_stackheap_init          0x000026a4   Section        0  rtx_lib.o(i._platform_post_stackheap_init)
    i.audio_thread                           0x000026ac   Section        0  main.o(i.audio_thread)
    i.auto_obstacle_avoid                    0x000026bc   Section        0  main.o(i.auto_obstacle_avoid)
    i.auto_thread                            0x000027d8   Section        0  main.o(i.auto_thread)
    i.calc_left                              0x00002958   Section        0  motor.o(i.calc_left)
    i.calc_left_back                         0x000029d4   Section        0  motor.o(i.calc_left_back)
    i.calc_right                             0x00002a50   Section        0  motor.o(i.calc_right)
    i.calc_right_back                        0x00002acc   Section        0  motor.o(i.calc_right_back)
    i.clearTIF                               0x00002b48   Section        0  ultrasound.o(i.clearTIF)
    i.create_motor_cmd                       0x00002b5c   Section        0  motor.o(i.create_motor_cmd)
    i.disablePIT                             0x00002b90   Section        0  ultrasound.o(i.disablePIT)
    i.disableTPM2                            0x00002be0   Section        0  ultrasound.o(i.disableTPM2)
    i.enableTPM2IRQ                          0x00002bf2   Section        0  ultrasound.o(i.enableTPM2IRQ)
    i.getDistance                            0x00002c0c   Section        0  ultrasound.o(i.getDistance)
    i.getPITTick                             0x00002c48   Section        0  ultrasound.o(i.getPITTick)
    i.getTPMC1Value                          0x00002c54   Section        0  ultrasound.o(i.getTPMC1Value)
    i.get_level                              0x00002c60   Section        0  main.o(i.get_level)
    i.get_move_state                         0x00002c94   Section        0  motor.o(i.get_move_state)
    i.greenLED_thread                        0x00002cb4   Section        0  main.o(i.greenLED_thread)
    i.greenLedMove                           0x00002cd4   Section        0  led.o(i.greenLedMove)
    i.greenLedStop                           0x00002d44   Section        0  led.o(i.greenLedStop)
    i.handle_UART                            0x00002d68   Section        0  main.o(i.handle_UART)
    i.initAudio                              0x00002ecc   Section        0  audio.o(i.initAudio)
    i.initEcho                               0x00002ed4   Section        0  ultrasound.o(i.initEcho)
    i.initGreenLED                           0x00002edc   Section        0  led.o(i.initGreenLED)
    i.initMotor                              0x00003020   Section        0  motor.o(i.initMotor)
    i.initPIT                                0x00003170   Section        0  ultrasound.o(i.initPIT)
    i.initPWM                                0x00003214   Section        0  audio.o(i.initPWM)
    i.initRedLED                             0x000032bc   Section        0  led.o(i.initRedLED)
    i.initTPM2                               0x0000330c   Section        0  ultrasound.o(i.initTPM2)
    i.initTrigger                            0x000033e8   Section        0  ultrasound.o(i.initTrigger)
    i.initUART2                              0x0000342c   Section        0  uart.o(i.initUART2)
    i.initUltrasound                         0x000034ac   Section        0  ultrasound.o(i.initUltrasound)
    i.just_backward                          0x000034b8   Section        0  motor.o(i.just_backward)
    i.just_forward                           0x000034f4   Section        0  motor.o(i.just_forward)
    i.just_stop                              0x0000352c   Section        0  motor.o(i.just_stop)
    i.just_stoppppp                          0x0000355c   Section        0  main.o(i.just_stoppppp)
    i.main                                   0x000035a4   Section        0  main.o(i.main)
    i.motor_thread                           0x00003680   Section        0  main.o(i.motor_thread)
    i.osRtxErrorNotify                       0x000036c0   Section        0  rtx_config.o(i.osRtxErrorNotify)
    i.osRtxIdleThread                        0x000036e0   Section        0  rtx_config.o(i.osRtxIdleThread)
    i.os_kernel_is_active                    0x000036e4   Section        0  rtx_lib.o(i.os_kernel_is_active)
    os_kernel_is_active                      0x000036e5   Thumb Code    30  rtx_lib.o(i.os_kernel_is_active)
    i.play_audio                             0x00003708   Section        0  audio.o(i.play_audio)
    i.play_end                               0x00003808   Section        0  audio.o(i.play_end)
    i.play_internet_connect                  0x00003814   Section        0  audio.o(i.play_internet_connect)
    i.play_run                               0x00003820   Section        0  audio.o(i.play_run)
    i.redLED_thread                          0x0000382c   Section        0  main.o(i.redLED_thread)
    i.redLedMove                             0x0000384c   Section        0  led.o(i.redLedMove)
    i.redLedStop                             0x00003888   Section        0  led.o(i.redLedStop)
    i.resetPitTick                           0x000038c0   Section        0  ultrasound.o(i.resetPitTick)
    i.resetTPM2                              0x000038cc   Section        0  ultrasound.o(i.resetTPM2)
    i.set_motors                             0x000038d8   Section        0  motor.o(i.set_motors)
    i.startMeasure                           0x00003a30   Section        0  ultrasound.o(i.startMeasure)
    i.startTPM2                              0x00003a60   Section        0  ultrasound.o(i.startTPM2)
    i.startUltrasound                        0x00003a74   Section        0  ultrasound.o(i.startUltrasound)
    i.stopTPM2                               0x00003a8c   Section        0  ultrasound.o(i.stopTPM2)
    i.stopUltrasound                         0x00003aa0   Section        0  ultrasound.o(i.stopUltrasound)
    i.stop_music                             0x00003aa8   Section        0  audio.o(i.stop_music)
    i.timeToDistance                         0x00003ab4   Section        0  ultrasound.o(i.timeToDistance)
    i.util_delay                             0x00003ae0   Section        0  utils.o(i.util_delay)
    x$fpl$dleqf                              0x00003af4   Section      100  dlef.o(x$fpl$dleqf)
    .constdata                               0x00003b58   Section      216  main.o(.constdata)
    x$fpl$usenofp                            0x00003b58   Section        0  usenofp.o(x$fpl$usenofp)
    .constdata                               0x00003c30   Section      100  rtx_lib.o(.constdata)
    os_idle_thread_attr                      0x00003c30   Data          36  rtx_lib.o(.constdata)
    os_timer_thread_attr                     0x00003c54   Data          36  rtx_lib.o(.constdata)
    os_timer_mq_attr                         0x00003c78   Data          24  rtx_lib.o(.constdata)
    .constdata                               0x00003c94   Section        1  irq_cm0.o(.constdata)
    .rodata                                  0x00003c98   Section      160  rtx_lib.o(.rodata)
    __tagsym$$used                           0x00003c98   Number         0  rtx_lib.o(.rodata)
    __tagsym$$used                           0x00003d00   Number         0  rtx_lib.o(.rodata)
    [Anonymous Symbol]                       0x00003d38   Section        0  rtx_kernel.o(.rodata.str1.4)
    .L.str                                   0x00003d38   Data          11  rtx_kernel.o(.rodata.str1.4)
    .bss.os                                  0x1ffff000   Section     4160  rtx_lib.o(.bss.os)
    os_mem                                   0x1ffff000   Data        4096  rtx_lib.o(.bss.os)
    os_isr_queue                             0x20000000   Data          64  rtx_lib.o(.bss.os)
    .bss.os.msgqueue.cb                      0x20000040   Section       52  rtx_lib.o(.bss.os.msgqueue.cb)
    os_timer_mq_cb                           0x20000040   Data          52  rtx_lib.o(.bss.os.msgqueue.cb)
    .bss.os.msgqueue.mem                     0x20000074   Section       80  rtx_lib.o(.bss.os.msgqueue.mem)
    os_timer_mq_data                         0x20000074   Data          80  rtx_lib.o(.bss.os.msgqueue.mem)
    .bss.os.thread.cb                        0x200000c4   Section      136  rtx_lib.o(.bss.os.thread.cb)
    os_idle_thread_cb                        0x200000c4   Data          68  rtx_lib.o(.bss.os.thread.cb)
    os_timer_thread_cb                       0x20000108   Data          68  rtx_lib.o(.bss.os.thread.cb)
    .bss.os.thread.stack                     0x20000150   Section      512  rtx_lib.o(.bss.os.thread.stack)
    os_idle_thread_stack                     0x20000150   Data         256  rtx_lib.o(.bss.os.thread.stack)
    os_timer_thread_stack                    0x20000250   Data         256  rtx_lib.o(.bss.os.thread.stack)
    .data                                    0x20000350   Section       68  main.o(.data)
    .data                                    0x20000394   Section       20  motor.o(.data)
    .data                                    0x200003a8   Section       24  ultrasound.o(.data)
    .data                                    0x200003c0   Section       44  led.o(.data)
    .data                                    0x200003ec   Section    10592  audio.o(.data)
    .data                                    0x20002d4c   Section        5  rtx_lib.o(.data)
    os_kernel_active                         0x20002d50   Data           1  rtx_lib.o(.data)
    .data                                    0x20002d54   Section        4  system_mkl25z4.o(.data)
    .bss                                     0x20002dfc   Section       96  libspace.o(.bss)
    [Anonymous Symbol]                       0x20002e5c   Section        0  os_systick.o(.bss.PendST)
    PendST                                   0x20002e5c   Data           1  os_systick.o(.bss.PendST)
    HEAP                                     0x20002e60   Section        0  startup_mkl25z4.o(HEAP)
    STACK                                    0x20002e60   Section      256  startup_mkl25z4.o(STACK)
    Heap_Mem                                 0x20002e60   Data           0  startup_mkl25z4.o(HEAP)
    Stack_Mem                                0x20002e60   Data         256  startup_mkl25z4.o(STACK)
    __initial_sp                             0x20002f60   Data           0  startup_mkl25z4.o(STACK)

    Global Symbols

    Symbol Name                              Value     Ov Type        Size  Object(Section)

    BuildAttributes$$THM_ISAv3M$S$PE$A:L22$X:L11$S22$IEEE1$IW$~IW$USESV6$~STKCKD$USESV7$~SHL$OSPACE$ROPI$EBA8$UX$STANDARDLIB$REQ8$PRES8$EABIv2 0x00000000   Number         0  anon$$obj.o ABSOLUTE
    __ARM_use_no_argv                        0x00000000   Number         0  main.o ABSOLUTE
    __Vectors                                0x00000000   Data           4  startup_mkl25z4.o(RESET)
    .bss.os.evflags.cb$$Base                  - Undefined Weak Reference
    .bss.os.evflags.cb$$Limit                 - Undefined Weak Reference
    .bss.os.mempool.cb$$Base                  - Undefined Weak Reference
    .bss.os.mempool.cb$$Limit                 - Undefined Weak Reference
    .bss.os.mutex.cb$$Base                    - Undefined Weak Reference
    .bss.os.mutex.cb$$Limit                   - Undefined Weak Reference
    .bss.os.semaphore.cb$$Base                - Undefined Weak Reference
    .bss.os.semaphore.cb$$Limit               - Undefined Weak Reference
    .bss.os.timer.cb$$Base                    - Undefined Weak Reference
    .bss.os.timer.cb$$Limit                   - Undefined Weak Reference
    __ARM_exceptions_init                     - Undefined Weak Reference
    __alloca_initialize                       - Undefined Weak Reference
    __arm_preinit_                            - Undefined Weak Reference
    __cpp_initialize__aeabi_                  - Undefined Weak Reference
    __cxa_finalize                            - Undefined Weak Reference
    __rt_locale                               - Undefined Weak Reference
    __sigvec_lookup                           - Undefined Weak Reference
    _atexit_init                              - Undefined Weak Reference
    _call_atexit_fns                          - Undefined Weak Reference
    _clock_init                               - Undefined Weak Reference
    _fp_trap_init                             - Undefined Weak Reference
    _fp_trap_shutdown                         - Undefined Weak Reference
    _get_lc_collate                           - Undefined Weak Reference
    _get_lc_ctype                             - Undefined Weak Reference
    _get_lc_monetary                          - Undefined Weak Reference
    _get_lc_numeric                           - Undefined Weak Reference
    _get_lc_time                              - Undefined Weak Reference
    _getenv_init                              - Undefined Weak Reference
    _handle_redirection                       - Undefined Weak Reference
    _init_alloc                               - Undefined Weak Reference
    _init_user_alloc                          - Undefined Weak Reference
    _initio                                   - Undefined Weak Reference
    _rand_init                                - Undefined Weak Reference
    _signal_finish                            - Undefined Weak Reference
    _signal_init                              - Undefined Weak Reference
    _terminate_alloc                          - Undefined Weak Reference
    _terminate_user_alloc                     - Undefined Weak Reference
    _terminateio                              - Undefined Weak Reference
    __Vectors_End                            0x000000c0   Data           0  startup_mkl25z4.o(RESET)
    __Vectors_Size                           0x000000c0   Number         0  startup_mkl25z4.o ABSOLUTE
    __main                                   0x000000c1   Thumb Code     8  __main.o(!!!main)
    __scatterload                            0x000000c9   Thumb Code     0  __scatter.o(!!!scatter)
    __scatterload_rt2                        0x000000c9   Thumb Code    52  __scatter.o(!!!scatter)
    __scatterload_rt2_thumb_only             0x000000c9   Thumb Code     0  __scatter.o(!!!scatter)
    __scatterload_null                       0x000000d9   Thumb Code     0  __scatter.o(!!!scatter)
    __scatterload_zeroinit                   0x00000105   Thumb Code    28  __scatter_zi.o(!!handler_zi)
    __rt_lib_init                            0x00000121   Thumb Code     0  libinit.o(.ARM.Collect$$libinit$$00000000)
    __rt_lib_init_alloca_1                   0x00000123   Thumb Code     0  libinit2.o(.ARM.Collect$$libinit$$0000002E)
    __rt_lib_init_argv_1                     0x00000123   Thumb Code     0  libinit2.o(.ARM.Collect$$libinit$$0000002C)
    __rt_lib_init_atexit_1                   0x00000123   Thumb Code     0  libinit2.o(.ARM.Collect$$libinit$$0000001B)
    __rt_lib_init_clock_1                    0x00000123   Thumb Code     0  libinit2.o(.ARM.Collect$$libinit$$00000021)
    __rt_lib_init_cpp_1                      0x00000123   Thumb Code     0  libinit2.o(.ARM.Collect$$libinit$$00000032)
    __rt_lib_init_exceptions_1               0x00000123   Thumb Code     0  libinit2.o(.ARM.Collect$$libinit$$00000030)
    __rt_lib_init_fp_1                       0x00000123   Thumb Code     0  libinit2.o(.ARM.Collect$$libinit$$00000002)
    __rt_lib_init_fp_trap_1                  0x00000123   Thumb Code     0  libinit2.o(.ARM.Collect$$libinit$$0000001F)
    __rt_lib_init_getenv_1                   0x00000123   Thumb Code     0  libinit2.o(.ARM.Collect$$libinit$$00000023)
    __rt_lib_init_heap_1                     0x00000123   Thumb Code     0  libinit2.o(.ARM.Collect$$libinit$$0000000A)
    __rt_lib_init_lc_collate_1               0x00000123   Thumb Code     0  libinit2.o(.ARM.Collect$$libinit$$00000011)
    __rt_lib_init_lc_ctype_1                 0x00000123   Thumb Code     0  libinit2.o(.ARM.Collect$$libinit$$00000013)
    __rt_lib_init_lc_monetary_1              0x00000123   Thumb Code     0  libinit2.o(.ARM.Collect$$libinit$$00000015)
    __rt_lib_init_lc_numeric_1               0x00000123   Thumb Code     0  libinit2.o(.ARM.Collect$$libinit$$00000017)
    __rt_lib_init_lc_time_1                  0x00000123   Thumb Code     0  libinit2.o(.ARM.Collect$$libinit$$00000019)
    __rt_lib_init_preinit_1                  0x00000123   Thumb Code     0  libinit2.o(.ARM.Collect$$libinit$$00000004)
    __rt_lib_init_rand_1                     0x00000123   Thumb Code     0  libinit2.o(.ARM.Collect$$libinit$$0000000E)
    __rt_lib_init_return                     0x00000123   Thumb Code     0  libinit2.o(.ARM.Collect$$libinit$$00000033)
    __rt_lib_init_signal_1                   0x00000123   Thumb Code     0  libinit2.o(.ARM.Collect$$libinit$$0000001D)
    __rt_lib_init_stdio_1                    0x00000123   Thumb Code     0  libinit2.o(.ARM.Collect$$libinit$$00000025)
    __rt_lib_init_user_alloc_1               0x00000123   Thumb Code     0  libinit2.o(.ARM.Collect$$libinit$$0000000C)
    __rt_lib_shutdown                        0x00000125   Thumb Code     0  libshutdown.o(.ARM.Collect$$libshutdown$$00000000)
    __rt_lib_shutdown_cpp_1                  0x00000127   Thumb Code     0  libshutdown2.o(.ARM.Collect$$libshutdown$$00000002)
    __rt_lib_shutdown_fp_trap_1              0x00000127   Thumb Code     0  libshutdown2.o(.ARM.Collect$$libshutdown$$00000007)
    __rt_lib_shutdown_heap_1                 0x00000127   Thumb Code     0  libshutdown2.o(.ARM.Collect$$libshutdown$$0000000F)
    __rt_lib_shutdown_return                 0x00000127   Thumb Code     0  libshutdown2.o(.ARM.Collect$$libshutdown$$00000010)
    __rt_lib_shutdown_signal_1               0x00000127   Thumb Code     0  libshutdown2.o(.ARM.Collect$$libshutdown$$0000000A)
    __rt_lib_shutdown_stdio_1                0x00000127   Thumb Code     0  libshutdown2.o(.ARM.Collect$$libshutdown$$00000004)
    __rt_lib_shutdown_user_alloc_1           0x00000127   Thumb Code     0  libshutdown2.o(.ARM.Collect$$libshutdown$$0000000C)
    __rt_entry                               0x00000129   Thumb Code     0  __rtentry.o(.ARM.Collect$$rtentry$$00000000)
    __rt_entry_presh_1                       0x00000129   Thumb Code     0  __rtentry2.o(.ARM.Collect$$rtentry$$00000002)
    __rt_entry_sh                            0x00000129   Thumb Code     0  __rtentry4.o(.ARM.Collect$$rtentry$$00000004)
    __rt_entry_postsh_1                      0x0000012f   Thumb Code     0  __rtentry2.o(.ARM.Collect$$rtentry$$00000008)
    __rt_entry_li                            0x00000137   Thumb Code     0  __rtentry2.o(.ARM.Collect$$rtentry$$0000000A)
    __rt_entry_main                          0x0000013b   Thumb Code     0  __rtentry2.o(.ARM.Collect$$rtentry$$0000000D)
    __rt_entry_postli_1                      0x0000013b   Thumb Code     0  __rtentry2.o(.ARM.Collect$$rtentry$$0000000C)
    __rt_exit                                0x00000143   Thumb Code     0  rtexit.o(.ARM.Collect$$rtexit$$00000000)
    __rt_exit_ls                             0x00000145   Thumb Code     0  rtexit2.o(.ARM.Collect$$rtexit$$00000003)
    __rt_exit_prels_1                        0x00000145   Thumb Code     0  rtexit2.o(.ARM.Collect$$rtexit$$00000002)
    __rt_exit_exit                           0x00000149   Thumb Code     0  rtexit2.o(.ARM.Collect$$rtexit$$00000004)
    __aeabi_memcpy4                          0x00000151   Thumb Code    56  rt_memcpy.o(.emb_text)
    __aeabi_memcpy8                          0x00000151   Thumb Code     0  rt_memcpy.o(.emb_text)
    Reset_Handler                            0x00000189   Thumb Code    12  startup_mkl25z4.o(.text)
    NMI_Handler                              0x00000195   Thumb Code     2  startup_mkl25z4.o(.text)
    HardFault_Handler                        0x00000197   Thumb Code     2  startup_mkl25z4.o(.text)
    ADC0_IRQHandler                          0x0000019f   Thumb Code     0  startup_mkl25z4.o(.text)
    CMP0_IRQHandler                          0x0000019f   Thumb Code     0  startup_mkl25z4.o(.text)
    DAC0_IRQHandler                          0x0000019f   Thumb Code     0  startup_mkl25z4.o(.text)
    DMA0_IRQHandler                          0x0000019f   Thumb Code     0  startup_mkl25z4.o(.text)
    DMA1_IRQHandler                          0x0000019f   Thumb Code     0  startup_mkl25z4.o(.text)
    DMA2_IRQHandler                          0x0000019f   Thumb Code     0  startup_mkl25z4.o(.text)
    DMA3_IRQHandler                          0x0000019f   Thumb Code     0  startup_mkl25z4.o(.text)
    DefaultISR                               0x0000019f   Thumb Code     0  startup_mkl25z4.o(.text)
    FTFA_IRQHandler                          0x0000019f   Thumb Code     0  startup_mkl25z4.o(.text)
    I2C0_IRQHandler                          0x0000019f   Thumb Code     0  startup_mkl25z4.o(.text)
    I2C1_IRQHandler                          0x0000019f   Thumb Code     0  startup_mkl25z4.o(.text)
    LLWU_IRQHandler                          0x0000019f   Thumb Code     0  startup_mkl25z4.o(.text)
    LPTMR0_IRQHandler                        0x0000019f   Thumb Code     0  startup_mkl25z4.o(.text)
    LVD_LVW_IRQHandler                       0x0000019f   Thumb Code     0  startup_mkl25z4.o(.text)
    MCG_IRQHandler                           0x0000019f   Thumb Code     0  startup_mkl25z4.o(.text)
    PORTA_IRQHandler                         0x0000019f   Thumb Code     0  startup_mkl25z4.o(.text)
    PORTD_IRQHandler                         0x0000019f   Thumb Code     0  startup_mkl25z4.o(.text)
    RTC_IRQHandler                           0x0000019f   Thumb Code     0  startup_mkl25z4.o(.text)
    RTC_Seconds_IRQHandler                   0x0000019f   Thumb Code     0  startup_mkl25z4.o(.text)
    Reserved20_IRQHandler                    0x0000019f   Thumb Code     0  startup_mkl25z4.o(.text)
    Reserved39_IRQHandler                    0x0000019f   Thumb Code     0  startup_mkl25z4.o(.text)
    Reserved45_IRQHandler                    0x0000019f   Thumb Code     0  startup_mkl25z4.o(.text)
    SPI0_IRQHandler                          0x0000019f   Thumb Code     0  startup_mkl25z4.o(.text)
    SPI1_IRQHandler                          0x0000019f   Thumb Code     0  startup_mkl25z4.o(.text)
    TPM0_IRQHandler                          0x0000019f   Thumb Code     0  startup_mkl25z4.o(.text)
    TPM1_IRQHandler                          0x0000019f   Thumb Code     0  startup_mkl25z4.o(.text)
    TSI0_IRQHandler                          0x0000019f   Thumb Code     0  startup_mkl25z4.o(.text)
    UART0_IRQHandler                         0x0000019f   Thumb Code     0  startup_mkl25z4.o(.text)
    UART1_IRQHandler                         0x0000019f   Thumb Code     0  startup_mkl25z4.o(.text)
    USB0_IRQHandler                          0x0000019f   Thumb Code     0  startup_mkl25z4.o(.text)
    __user_initial_stackheap                 0x000001a5   Thumb Code     0  startup_mkl25z4.o(.text)
    SVC_Handler                              0x000001c9   Thumb Code   132  irq_cm0.o(.text)
    PendSV_Handler                           0x0000024d   Thumb Code    12  irq_cm0.o(.text)
    SysTick_Handler                          0x00000259   Thumb Code    12  irq_cm0.o(.text)
    __aeabi_memcpy                           0x0000026d   Thumb Code   130  rt_memcpy.o(.text)
    __rt_memcpy                              0x0000026d   Thumb Code     0  rt_memcpy.o(.text)
    _memset_w                                0x000002ef   Thumb Code    26  rt_memclr.o(.text)
    _memset                                  0x00000309   Thumb Code    30  rt_memclr.o(.text)
    __aeabi_memclr                           0x00000327   Thumb Code     4  rt_memclr.o(.text)
    __rt_memclr                              0x00000327   Thumb Code     0  rt_memclr.o(.text)
    __aeabi_memclr4                          0x0000032b   Thumb Code     0  rt_memclr.o(.text)
    __aeabi_memclr8                          0x0000032b   Thumb Code     0  rt_memclr.o(.text)
    __rt_memclr_w                            0x0000032b   Thumb Code     4  rt_memclr.o(.text)
    __use_two_region_memory                  0x0000032f   Thumb Code     2  heapauxi.o(.text)
    __rt_heap_escrow$2region                 0x00000331   Thumb Code     2  heapauxi.o(.text)
    __rt_heap_expand$2region                 0x00000333   Thumb Code     2  heapauxi.o(.text)
    __aeabi_d2iz                             0x00000335   Thumb Code     0  dfixi.o(.text)
    _dfix                                    0x00000335   Thumb Code    98  dfixi.o(.text)
    __aeabi_d2uiz                            0x000003a1   Thumb Code     0  dfixui.o(.text)
    _dfixu                                   0x000003a1   Thumb Code    68  dfixui.o(.text)
    __fpl_dcheck_NaN2                        0x000003e9   Thumb Code    14  dnan2.o(.text)
    __I$use$semihosting                      0x000003fd   Thumb Code     0  use_no_semi.o(.text)
    __use_no_semihosting_swi                 0x000003fd   Thumb Code     2  use_no_semi.o(.text)
    __semihosting_library_function           0x000003ff   Thumb Code     0  indicate_semi.o(.text)
    osRtxKernelPreInit                       0x000003ff   Thumb Code     2  rtx_kernel.o(.text.osRtxKernelPreInit)
    __aeabi_uidiv                            0x00000411   Thumb Code     0  aeabi_sdiv.o(.text)
    __aeabi_uidivmod                         0x00000411   Thumb Code    20  aeabi_sdiv.o(.text)
    __aeabi_idiv                             0x00000425   Thumb Code     0  aeabi_sdiv.o(.text)
    __aeabi_idivmod                          0x00000425   Thumb Code   326  aeabi_sdiv.o(.text)
    __aeabi_i2d_normalise                    0x0000056b   Thumb Code    66  dflti.o(.text)
    __aeabi_i2d                              0x000005ad   Thumb Code    16  dflti.o(.text)
    _dflt                                    0x000005ad   Thumb Code     0  dflti.o(.text)
    __aeabi_ui2d                             0x000005bd   Thumb Code     6  dflti.o(.text)
    _dfltu                                   0x000005bd   Thumb Code     0  dflti.o(.text)
    __aeabi_dmul                             0x000005c5   Thumb Code     0  dmul.o(.text)
    _dmul                                    0x000005c5   Thumb Code   558  dmul.o(.text)
    __fpl_dcmp_InfNaN                        0x0000080d   Thumb Code   140  dcmpin.o(.text)
    __fpl_cmpreturn                          0x0000089d   Thumb Code    46  cmpret.o(.text)
    __user_setup_stackheap                   0x000008cb   Thumb Code    62  sys_stackheap_outer.o(.text)
    exit                                     0x00000909   Thumb Code    16  exit.o(.text)
    __fpl_return_NaN                         0x00000919   Thumb Code    94  retnan.o(.text)
    __user_libspace                          0x00000979   Thumb Code     8  libspace.o(.text)
    __user_perproc_libspace                  0x00000979   Thumb Code     0  libspace.o(.text)
    _sys_exit                                0x00000981   Thumb Code     8  sys_exit.o(.text)
    __decompress                             0x0000098d   Thumb Code     0  __dczerorl2.o(.text)
    __decompress1                            0x0000098d   Thumb Code    86  __dczerorl2.o(.text)
    OS_Tick_AcknowledgeIRQ                   0x00000ab1   Thumb Code    12  os_systick.o(.text.OS_Tick_AcknowledgeIRQ)
    OS_Tick_Enable                           0x00000abd   Thumb Code    44  os_systick.o(.text.OS_Tick_Enable)
    OS_Tick_GetIRQn                          0x00000ae9   Thumb Code     6  os_systick.o(.text.OS_Tick_GetIRQn)
    OS_Tick_Setup                            0x00000af1   Thumb Code    76  os_systick.o(.text.OS_Tick_Setup)
    osDelay                                  0x00000c21   Thumb Code    40  rtx_delay.o(.text.osDelay)
    osKernelGetState                         0x00000c49   Thumb Code    48  rtx_kernel.o(.text.osKernelGetState)
    osKernelInitialize                       0x00000c79   Thumb Code    40  rtx_kernel.o(.text.osKernelInitialize)
    osKernelStart                            0x00000ca1   Thumb Code    36  rtx_kernel.o(.text.osKernelStart)
    osMessageQueueGet                        0x00000cc5   Thumb Code   116  rtx_msgqueue.o(.text.osMessageQueueGet)
    osMessageQueueNew                        0x00000d39   Thumb Code    36  rtx_msgqueue.o(.text.osMessageQueueNew)
    osMessageQueuePut                        0x00000d5d   Thumb Code   120  rtx_msgqueue.o(.text.osMessageQueuePut)
    osMutexAcquire                           0x00000dd5   Thumb Code    40  rtx_mutex.o(.text.osMutexAcquire)
    osMutexDelete                            0x00000dfd   Thumb Code    40  rtx_mutex.o(.text.osMutexDelete)
    osMutexNew                               0x00000e25   Thumb Code    36  rtx_mutex.o(.text.osMutexNew)
    osMutexRelease                           0x00000e49   Thumb Code    40  rtx_mutex.o(.text.osMutexRelease)
    osRtxMemoryAlloc                         0x00000e71   Thumb Code   124  rtx_memory.o(.text.osRtxMemoryAlloc)
    osRtxMemoryFree                          0x00000eed   Thumb Code    78  rtx_memory.o(.text.osRtxMemoryFree)
    osRtxMemoryInit                          0x00000f3b   Thumb Code    50  rtx_memory.o(.text.osRtxMemoryInit)
    osRtxMemoryPoolAlloc                     0x00000f6d   Thumb Code    46  rtx_mempool.o(.text.osRtxMemoryPoolAlloc)
    osRtxMemoryPoolFree                      0x00000f9b   Thumb Code    58  rtx_mempool.o(.text.osRtxMemoryPoolFree)
    osRtxMemoryPoolInit                      0x00000fd5   Thumb Code    62  rtx_mempool.o(.text.osRtxMemoryPoolInit)
    osRtxMutexOwnerRelease                   0x000010cf   Thumb Code    68  rtx_mutex.o(.text.osRtxMutexOwnerRelease)
    osRtxPendSV_Handler                      0x00001115   Thumb Code   128  rtx_system.o(.text.osRtxPendSV_Handler)
    osRtxPostProcess                         0x00001195   Thumb Code   108  rtx_system.o(.text.osRtxPostProcess)
    osRtxThreadDelayTick                     0x00001321   Thumb Code    56  rtx_thread.o(.text.osRtxThreadDelayTick)
    osRtxThreadDispatch                      0x00001359   Thumb Code    80  rtx_thread.o(.text.osRtxThreadDispatch)
    osRtxThreadListGet                       0x000013fd   Thumb Code    20  rtx_thread.o(.text.osRtxThreadListGet)
    osRtxThreadListPut                       0x00001411   Thumb Code    44  rtx_thread.o(.text.osRtxThreadListPut)
    osRtxThreadListRemove                    0x0000143d   Thumb Code    24  rtx_thread.o(.text.osRtxThreadListRemove)
    osRtxThreadListSort                      0x00001455   Thumb Code    38  rtx_thread.o(.text.osRtxThreadListSort)
    osRtxThreadReadyPut                      0x000014a1   Thumb Code    24  rtx_thread.o(.text.osRtxThreadReadyPut)
    osRtxThreadRegPtr                        0x000014b9   Thumb Code     6  rtx_thread.o(.text.osRtxThreadRegPtr)
    osRtxThreadStackCheck                    0x000014c1   Thumb Code    44  rtx_thread.o(.text.osRtxThreadStackCheck)
    osRtxThreadStartup                       0x000014ed   Thumb Code    64  rtx_thread.o(.text.osRtxThreadStartup)
    osRtxThreadSwitch                        0x0000152d   Thumb Code    20  rtx_thread.o(.text.osRtxThreadSwitch)
    osRtxThreadWaitEnter                     0x00001541   Thumb Code    60  rtx_thread.o(.text.osRtxThreadWaitEnter)
    osRtxThreadWaitExit                      0x0000157d   Thumb Code    34  rtx_thread.o(.text.osRtxThreadWaitExit)
    osRtxTick_Handler                        0x000015a1   Thumb Code   116  rtx_system.o(.text.osRtxTick_Handler)
    osRtxTimerThread                         0x00001615   Thumb Code    60  rtx_timer.o(.text.osRtxTimerThread)
    osSemaphoreAcquire                       0x000016b1   Thumb Code    68  rtx_semaphore.o(.text.osSemaphoreAcquire)
    osSemaphoreNew                           0x000016f5   Thumb Code    36  rtx_semaphore.o(.text.osSemaphoreNew)
    osSemaphoreRelease                       0x00001719   Thumb Code    76  rtx_semaphore.o(.text.osSemaphoreRelease)
    osThreadExit                             0x00001765   Thumb Code    12  rtx_thread.o(.text.osThreadExit)
    osThreadNew                              0x00001771   Thumb Code    36  rtx_thread.o(.text.osThreadNew)
    PIT_IRQHandler                           0x000022f1   Thumb Code    40  ultrasound.o(i.PIT_IRQHandler)
    SystemCoreClockUpdate                    0x00002321   Thumb Code   372  system_mkl25z4.o(i.SystemCoreClockUpdate)
    SystemInit                               0x000024b1   Thumb Code     8  system_mkl25z4.o(i.SystemInit)
    TPM2_IRQHandler                          0x000024bd   Thumb Code    76  ultrasound.o(i.TPM2_IRQHandler)
    UART2_IRQHandler                         0x00002511   Thumb Code    42  uart.o(i.UART2_IRQHandler)
    __ARM_common_switch8                     0x00002545   Thumb Code    28  rtx_config.o(i.__ARM_common_switch8)
    _mutex_acquire                           0x00002649   Thumb Code    24  rtx_lib.o(i._mutex_acquire)
    _mutex_free                              0x00002661   Thumb Code    12  rtx_lib.o(i._mutex_free)
    _mutex_initialize                        0x0000266d   Thumb Code    36  rtx_lib.o(i._mutex_initialize)
    _mutex_release                           0x00002691   Thumb Code    20  rtx_lib.o(i._mutex_release)
    _platform_post_stackheap_init            0x000026a5   Thumb Code     8  rtx_lib.o(i._platform_post_stackheap_init)
    audio_thread                             0x000026ad   Thumb Code    16  main.o(i.audio_thread)
    auto_obstacle_avoid                      0x000026bd   Thumb Code   280  main.o(i.auto_obstacle_avoid)
    auto_thread                              0x000027d9   Thumb Code   326  main.o(i.auto_thread)
    calc_left                                0x00002959   Thumb Code    94  motor.o(i.calc_left)
    calc_left_back                           0x000029d5   Thumb Code    94  motor.o(i.calc_left_back)
    calc_right                               0x00002a51   Thumb Code    94  motor.o(i.calc_right)
    calc_right_back                          0x00002acd   Thumb Code    94  motor.o(i.calc_right_back)
    clearTIF                                 0x00002b49   Thumb Code    16  ultrasound.o(i.clearTIF)
    create_motor_cmd                         0x00002b5d   Thumb Code    52  motor.o(i.create_motor_cmd)
    disablePIT                               0x00002b91   Thumb Code    64  ultrasound.o(i.disablePIT)
    disableTPM2                              0x00002be1   Thumb Code    18  ultrasound.o(i.disableTPM2)
    enableTPM2IRQ                            0x00002bf3   Thumb Code    24  ultrasound.o(i.enableTPM2IRQ)
    getDistance                              0x00002c0d   Thumb Code    56  ultrasound.o(i.getDistance)
    getPITTick                               0x00002c49   Thumb Code     6  ultrasound.o(i.getPITTick)
    getTPMC1Value                            0x00002c55   Thumb Code     6  ultrasound.o(i.getTPMC1Value)
    get_level                                0x00002c61   Thumb Code    50  main.o(i.get_level)
    get_move_state                           0x00002c95   Thumb Code    24  motor.o(i.get_move_state)
    greenLED_thread                          0x00002cb5   Thumb Code    32  main.o(i.greenLED_thread)
    greenLedMove                             0x00002cd5   Thumb Code    96  led.o(i.greenLedMove)
    greenLedStop                             0x00002d45   Thumb Code    26  led.o(i.greenLedStop)
    handle_UART                              0x00002d69   Thumb Code   340  main.o(i.handle_UART)
    initAudio                                0x00002ecd   Thumb Code     8  audio.o(i.initAudio)
    initEcho                                 0x00002ed5   Thumb Code     8  ultrasound.o(i.initEcho)
    initGreenLED                             0x00002edd   Thumb Code   306  led.o(i.initGreenLED)
    initMotor                                0x00003021   Thumb Code   314  motor.o(i.initMotor)
    initPIT                                  0x00003171   Thumb Code   148  ultrasound.o(i.initPIT)
    initPWM                                  0x00003215   Thumb Code   150  audio.o(i.initPWM)
    initRedLED                               0x000032bd   Thumb Code    66  led.o(i.initRedLED)
    initTPM2                                 0x0000330d   Thumb Code   204  ultrasound.o(i.initTPM2)
    initTrigger                              0x000033e9   Thumb Code    54  ultrasound.o(i.initTrigger)
    initUART2                                0x0000342d   Thumb Code   116  uart.o(i.initUART2)
    initUltrasound                           0x000034ad   Thumb Code    12  ultrasound.o(i.initUltrasound)
    just_backward                            0x000034b9   Thumb Code    38  motor.o(i.just_backward)
    just_forward                             0x000034f5   Thumb Code    36  motor.o(i.just_forward)
    just_stop                                0x0000352d   Thumb Code    26  motor.o(i.just_stop)
    just_stoppppp                            0x0000355d   Thumb Code    64  main.o(i.just_stoppppp)
    main                                     0x000035a5   Thumb Code   156  main.o(i.main)
    motor_thread                             0x00003681   Thumb Code    54  main.o(i.motor_thread)
    osRtxErrorNotify                         0x000036c1   Thumb Code    32  rtx_config.o(i.osRtxErrorNotify)
    osRtxIdleThread                          0x000036e1   Thumb Code     4  rtx_config.o(i.osRtxIdleThread)
    play_audio                               0x00003709   Thumb Code   220  audio.o(i.play_audio)
    play_end                                 0x00003809   Thumb Code     8  audio.o(i.play_end)
    play_internet_connect                    0x00003815   Thumb Code     8  audio.o(i.play_internet_connect)
    play_run                                 0x00003821   Thumb Code     8  audio.o(i.play_run)
    redLED_thread                            0x0000382d   Thumb Code    32  main.o(i.redLED_thread)
    redLedMove                               0x0000384d   Thumb Code    56  led.o(i.redLedMove)
    redLedStop                               0x00003889   Thumb Code    52  led.o(i.redLedStop)
    resetPitTick                             0x000038c1   Thumb Code     8  ultrasound.o(i.resetPitTick)
    resetTPM2                                0x000038cd   Thumb Code     8  ultrasound.o(i.resetTPM2)
    set_motors                               0x000038d9   Thumb Code   306  motor.o(i.set_motors)
    startMeasure                             0x00003a31   Thumb Code    44  ultrasound.o(i.startMeasure)
    startTPM2                                0x00003a61   Thumb Code    14  ultrasound.o(i.startTPM2)
    startUltrasound                          0x00003a75   Thumb Code    18  ultrasound.o(i.startUltrasound)
    stopTPM2                                 0x00003a8d   Thumb Code    14  ultrasound.o(i.stopTPM2)
    stopUltrasound                           0x00003aa1   Thumb Code     8  ultrasound.o(i.stopUltrasound)
    stop_music                               0x00003aa9   Thumb Code     8  audio.o(i.stop_music)
    timeToDistance                           0x00003ab5   Thumb Code    30  ultrasound.o(i.timeToDistance)
    util_delay                               0x00003ae1   Thumb Code    20  utils.o(i.util_delay)
    __aeabi_cdcmple                          0x00003af5   Thumb Code     0  dlef.o(x$fpl$dleqf)
    _dcmple                                  0x00003af5   Thumb Code    94  dlef.o(x$fpl$dleqf)
    __I$use$fp                               0x00003b58   Number         0  usenofp.o(x$fpl$usenofp)
    uartPriority                             0x00003b58   Data          36  main.o(.constdata)
    motorPriority                            0x00003b7c   Data          36  main.o(.constdata)
    autoPriority                             0x00003ba0   Data          36  main.o(.constdata)
    greenPriority                            0x00003bc4   Data          36  main.o(.constdata)
    redPriority                              0x00003be8   Data          36  main.o(.constdata)
    audioPriority                            0x00003c0c   Data          36  main.o(.constdata)
    osRtxUserSVC                             0x00003c90   Data           4  rtx_lib.o(.constdata)
    irqRtxLib                                0x00003c94   Data           1  irq_cm0.o(.constdata)
    osRtxConfig                              0x00003c98   Data         104  rtx_lib.o(.rodata)
    os_cb_sections                           0x00003d00   Data          56  rtx_lib.o(.rodata)
    Region$$Table$$Base                      0x00003d44   Number         0  anon$$obj.o(Region$$Table)
    Region$$Table$$Limit                     0x00003d64   Number         0  anon$$obj.o(Region$$Table)
    .bss.os.msgqueue.cb$$Base                0x20000040   Number         0  rtx_lib.o(.bss.os.msgqueue.cb)
    .bss.os.msgqueue.cb$$Limit               0x20000074   Number         0  rtx_lib.o(.bss.os.msgqueue.cb)
    .bss.os.thread.cb$$Base                  0x200000c4   Number         0  rtx_lib.o(.bss.os.thread.cb)
    .bss.os.thread.cb$$Limit                 0x2000014c   Number         0  rtx_lib.o(.bss.os.thread.cb)
    isAuto                                   0x20000350   Data           4  main.o(.data)
    isFirstObstacle                          0x20000354   Data           4  main.o(.data)
    isSecondObstacle                         0x20000358   Data           4  main.o(.data)
    cur_distance                             0x2000035c   Data           4  main.o(.data)
    state                                    0x20000360   Data           4  main.o(.data)
    low_ultra_dist_counts                    0x20000364   Data           4  main.o(.data)
    auto_start_pit_ticks                     0x20000368   Data           4  main.o(.data)
    auto_first_pit_ticks                     0x2000036c   Data           4  main.o(.data)
    first_obstacle_pit_ticks                 0x20000370   Data           4  main.o(.data)
    justConnected                            0x20000374   Data           4  main.o(.data)
    startTrial                               0x20000378   Data           4  main.o(.data)
    endTrial                                 0x2000037c   Data           4  main.o(.data)
    motorMQ                                  0x20000380   Data           4  main.o(.data)
    motorMutex                               0x20000384   Data           4  main.o(.data)
    autoStopSemaphore                        0x20000388   Data           4  main.o(.data)
    autoStartSemaphore                       0x2000038c   Data           4  main.o(.data)
    ultrasonicSemaphore                      0x20000390   Data           4  main.o(.data)
    straight_level                           0x20000394   Data           1  motor.o(.data)
    side_level                               0x20000395   Data           1  motor.o(.data)
    f_b_dir                                  0x20000396   Data           1  motor.o(.data)
    l_r_dir                                  0x20000397   Data           1  motor.o(.data)
    CUR_TPM1_C0V                             0x20000398   Data           4  motor.o(.data)
    CUR_TPM1_C1V                             0x2000039c   Data           4  motor.o(.data)
    CUR_TPM0_C1V                             0x200003a0   Data           4  motor.o(.data)
    CUR_TPM0_C0V                             0x200003a4   Data           4  motor.o(.data)
    ultra_dist                               0x200003a8   Data           4  ultrasound.o(.data)
    pit_tick                                 0x200003ac   Data           4  ultrasound.o(.data)
    echo_is_on                               0x200003b0   Data           4  ultrasound.o(.data)
    pit_ldval                                0x200003b4   Data           4  ultrasound.o(.data)
    TPM2_CH0_count                           0x200003b8   Data           4  ultrasound.o(.data)
    isPITEnabled                             0x200003bc   Data           4  ultrasound.o(.data)
    greenPins                                0x200003c0   Data          40  led.o(.data)
    i                                        0x200003e8   Data           4  led.o(.data)
    cur_audio                                0x200003ec   Data           1  audio.o(.data)
    new_audio                                0x200003ed   Data           1  audio.o(.data)
    changeAudio                              0x200003f0   Data           4  audio.o(.data)
    russian_anthem                           0x200003f4   Data         984  audio.o(.data)
    dejavu                                   0x200007cc   Data        1600  audio.o(.data)
    untitled                                 0x20000e0c   Data        8000  audio.o(.data)
    irqRtxLibRef                             0x20002d4c   Data           4  rtx_lib.o(.data)
    SystemCoreClock                          0x20002d54   Data           4  system_mkl25z4.o(.data)
    osRtxInfo                                0x20002d58   Data         164  rtx_kernel.o(.data.os)
    __libspace_start                         0x20002dfc   Data          96  libspace.o(.bss)
    __temporary_stack_top$libspace           0x20002e5c   Data           0  libspace.o(.bss)



==============================================================================

Memory Map of the image

  Image Entry point : 0x00000189

  Load Region LR_1 (Base: 0x00000000, Size: 0x00007b60, Max: 0xffffffff, ABSOLUTE, COMPRESSED[0x000040b8])

    Execution Region ER_RO (Exec base: 0x00000000, Load base: 0x00000000, Size: 0x00003d64, Max: 0xffffffff, ABSOLUTE)

    Exec Addr    Load Addr    Size         Type   Attr      Idx    E Section Name        Object

    0x00000000   0x00000000   0x000000c0   Data   RO          745    RESET               startup_mkl25z4.o
    0x000000c0   0x000000c0   0x00000008   Code   RO         1302  * !!!main             c_p.l(__main.o)
    0x000000c8   0x000000c8   0x0000003c   Code   RO         1490    !!!scatter          c_p.l(__scatter.o)
    0x00000104   0x00000104   0x0000001c   Code   RO         1492    !!handler_zi        c_p.l(__scatter_zi.o)
    0x00000120   0x00000120   0x00000002   Code   RO         1355    .ARM.Collect$$libinit$$00000000  c_p.l(libinit.o)
    0x00000122   0x00000122   0x00000000   Code   RO         1371    .ARM.Collect$$libinit$$00000002  c_p.l(libinit2.o)
    0x00000122   0x00000122   0x00000000   Code   RO         1373    .ARM.Collect$$libinit$$00000004  c_p.l(libinit2.o)
    0x00000122   0x00000122   0x00000000   Code   RO         1376    .ARM.Collect$$libinit$$0000000A  c_p.l(libinit2.o)
    0x00000122   0x00000122   0x00000000   Code   RO         1378    .ARM.Collect$$libinit$$0000000C  c_p.l(libinit2.o)
    0x00000122   0x00000122   0x00000000   Code   RO         1380    .ARM.Collect$$libinit$$0000000E  c_p.l(libinit2.o)
    0x00000122   0x00000122   0x00000000   Code   RO         1383    .ARM.Collect$$libinit$$00000011  c_p.l(libinit2.o)
    0x00000122   0x00000122   0x00000000   Code   RO         1385    .ARM.Collect$$libinit$$00000013  c_p.l(libinit2.o)
    0x00000122   0x00000122   0x00000000   Code   RO         1387    .ARM.Collect$$libinit$$00000015  c_p.l(libinit2.o)
    0x00000122   0x00000122   0x00000000   Code   RO         1389    .ARM.Collect$$libinit$$00000017  c_p.l(libinit2.o)
    0x00000122   0x00000122   0x00000000   Code   RO         1391    .ARM.Collect$$libinit$$00000019  c_p.l(libinit2.o)
    0x00000122   0x00000122   0x00000000   Code   RO         1393    .ARM.Collect$$libinit$$0000001B  c_p.l(libinit2.o)
    0x00000122   0x00000122   0x00000000   Code   RO         1395    .ARM.Collect$$libinit$$0000001D  c_p.l(libinit2.o)
    0x00000122   0x00000122   0x00000000   Code   RO         1397    .ARM.Collect$$libinit$$0000001F  c_p.l(libinit2.o)
    0x00000122   0x00000122   0x00000000   Code   RO         1399    .ARM.Collect$$libinit$$00000021  c_p.l(libinit2.o)
    0x00000122   0x00000122   0x00000000   Code   RO         1401    .ARM.Collect$$libinit$$00000023  c_p.l(libinit2.o)
    0x00000122   0x00000122   0x00000000   Code   RO         1403    .ARM.Collect$$libinit$$00000025  c_p.l(libinit2.o)
    0x00000122   0x00000122   0x00000000   Code   RO         1407    .ARM.Collect$$libinit$$0000002C  c_p.l(libinit2.o)
    0x00000122   0x00000122   0x00000000   Code   RO         1409    .ARM.Collect$$libinit$$0000002E  c_p.l(libinit2.o)
    0x00000122   0x00000122   0x00000000   Code   RO         1411    .ARM.Collect$$libinit$$00000030  c_p.l(libinit2.o)
    0x00000122   0x00000122   0x00000000   Code   RO         1413    .ARM.Collect$$libinit$$00000032  c_p.l(libinit2.o)
    0x00000122   0x00000122   0x00000002   Code   RO         1414    .ARM.Collect$$libinit$$00000033  c_p.l(libinit2.o)
    0x00000124   0x00000124   0x00000002   Code   RO         1445    .ARM.Collect$$libshutdown$$00000000  c_p.l(libshutdown.o)
    0x00000126   0x00000126   0x00000000   Code   RO         1471    .ARM.Collect$$libshutdown$$00000002  c_p.l(libshutdown2.o)
    0x00000126   0x00000126   0x00000000   Code   RO         1473    .ARM.Collect$$libshutdown$$00000004  c_p.l(libshutdown2.o)
    0x00000126   0x00000126   0x00000000   Code   RO         1476    .ARM.Collect$$libshutdown$$00000007  c_p.l(libshutdown2.o)
    0x00000126   0x00000126   0x00000000   Code   RO         1479    .ARM.Collect$$libshutdown$$0000000A  c_p.l(libshutdown2.o)
    0x00000126   0x00000126   0x00000000   Code   RO         1481    .ARM.Collect$$libshutdown$$0000000C  c_p.l(libshutdown2.o)
    0x00000126   0x00000126   0x00000000   Code   RO         1484    .ARM.Collect$$libshutdown$$0000000F  c_p.l(libshutdown2.o)
    0x00000126   0x00000126   0x00000002   Code   RO         1485    .ARM.Collect$$libshutdown$$00000010  c_p.l(libshutdown2.o)
    0x00000128   0x00000128   0x00000000   Code   RO         1314    .ARM.Collect$$rtentry$$00000000  c_p.l(__rtentry.o)
    0x00000128   0x00000128   0x00000000   Code   RO         1323    .ARM.Collect$$rtentry$$00000002  c_p.l(__rtentry2.o)
    0x00000128   0x00000128   0x00000006   Code   RO         1335    .ARM.Collect$$rtentry$$00000004  c_p.l(__rtentry4.o)
    0x0000012e   0x0000012e   0x00000008   Code   RO         1324    .ARM.Collect$$rtentry$$00000008  c_p.l(__rtentry2.o)
    0x00000136   0x00000136   0x00000004   Code   RO         1326    .ARM.Collect$$rtentry$$0000000A  c_p.l(__rtentry2.o)
    0x0000013a   0x0000013a   0x00000000   Code   RO         1328    .ARM.Collect$$rtentry$$0000000C  c_p.l(__rtentry2.o)
    0x0000013a   0x0000013a   0x00000008   Code   RO         1329    .ARM.Collect$$rtentry$$0000000D  c_p.l(__rtentry2.o)
    0x00000142   0x00000142   0x00000002   Code   RO         1362    .ARM.Collect$$rtexit$$00000000  c_p.l(rtexit.o)
    0x00000144   0x00000144   0x00000000   Code   RO         1418    .ARM.Collect$$rtexit$$00000002  c_p.l(rtexit2.o)
    0x00000144   0x00000144   0x00000004   Code   RO         1419    .ARM.Collect$$rtexit$$00000003  c_p.l(rtexit2.o)
    0x00000148   0x00000148   0x00000006   Code   RO         1420    .ARM.Collect$$rtexit$$00000004  c_p.l(rtexit2.o)
    0x0000014e   0x0000014e   0x00000002   PAD
    0x00000150   0x00000150   0x00000038   Code   RO         1290    .emb_text           c_p.l(rt_memcpy.o)
    0x00000188   0x00000188   0x00000040   Code   RO          747  * .text               startup_mkl25z4.o
    0x000001c8   0x000001c8   0x000000a4   Code   RO         1132    .text               RTX_CM0.lib(irq_cm0.o)
    0x0000026c   0x0000026c   0x00000082   Code   RO         1291    .text               c_p.l(rt_memcpy.o)
    0x000002ee   0x000002ee   0x00000040   Code   RO         1294    .text               c_p.l(rt_memclr.o)
    0x0000032e   0x0000032e   0x00000006   Code   RO         1300    .text               c_p.l(heapauxi.o)
    0x00000334   0x00000334   0x0000006c   Code   RO         1304    .text               fz_ps.l(dfixi.o)
    0x000003a0   0x000003a0   0x00000048   Code   RO         1306    .text               fz_ps.l(dfixui.o)
    0x000003e8   0x000003e8   0x00000014   Code   RO         1341    .text               fz_ps.l(dnan2.o)
    0x000003fc   0x000003fc   0x00000002   Code   RO         1434    .text               c_p.l(use_no_semi.o)
    0x000003fe   0x000003fe   0x00000000   Code   RO         1436    .text               c_p.l(indicate_semi.o)
    0x000003fe   0x000003fe   0x00000002   Code   RO          786    .text.osRtxKernelPreInit  RTX_CM0.lib(rtx_kernel.o)
    0x00000400   0x00000400   0x00000010   Code   RO          746    .ARM.__at_0x400     startup_mkl25z4.o
    0x00000410   0x00000410   0x0000015a   Code   RO         1296    .text               c_p.l(aeabi_sdiv.o)
    0x0000056a   0x0000056a   0x00000058   Code   RO         1308    .text               fz_ps.l(dflti.o)
    0x000005c2   0x000005c2   0x00000002   PAD
    0x000005c4   0x000005c4   0x00000248   Code   RO         1312    .text               fz_ps.l(dmul.o)
    0x0000080c   0x0000080c   0x00000090   Code   RO         1319    .text               fz_ps.l(dcmpin.o)
    0x0000089c   0x0000089c   0x0000002e   Code   RO         1339    .text               fz_ps.l(cmpret.o)
    0x000008ca   0x000008ca   0x0000003e   Code   RO         1343    .text               c_p.l(sys_stackheap_outer.o)
    0x00000908   0x00000908   0x00000010   Code   RO         1346    .text               c_p.l(exit.o)
    0x00000918   0x00000918   0x0000005e   Code   RO         1356    .text               fz_ps.l(retnan.o)
    0x00000976   0x00000976   0x00000002   PAD
    0x00000978   0x00000978   0x00000008   Code   RO         1358    .text               c_p.l(libspace.o)
    0x00000980   0x00000980   0x0000000c   Code   RO         1415    .text               c_p.l(sys_exit.o)
    0x0000098c   0x0000098c   0x00000056   Code   RO         1488    .text               c_p.l(__dczerorl2.o)
    0x000009e2   0x000009e2   0x0000004c   Code   RO         1115    .text.MessageQueueGet  RTX_CM0.lib(rtx_msgqueue.o)
    0x00000a2e   0x00000a2e   0x00000062   Code   RO         1109    .text.MessageQueuePut  RTX_CM0.lib(rtx_msgqueue.o)
    0x00000a90   0x00000a90   0x0000001e   Code   RO         1107    .text.MessageQueueRemove  RTX_CM0.lib(rtx_msgqueue.o)
    0x00000aae   0x00000aae   0x00000002   PAD
    0x00000ab0   0x00000ab0   0x0000000c   Code   RO         1267    .text.OS_Tick_AcknowledgeIRQ  RTX_CM0.lib(os_systick.o)
    0x00000abc   0x00000abc   0x0000002c   Code   RO         1263    .text.OS_Tick_Enable  RTX_CM0.lib(os_systick.o)
    0x00000ae8   0x00000ae8   0x00000006   Code   RO         1269    .text.OS_Tick_GetIRQn  RTX_CM0.lib(os_systick.o)
    0x00000aee   0x00000aee   0x00000002   PAD
    0x00000af0   0x00000af0   0x0000004c   Code   RO         1261    .text.OS_Tick_Setup  RTX_CM0.lib(os_systick.o)
    0x00000b3c   0x00000b3c   0x00000024   Code   RO         1054    .text.SemaphoreTokenDecrement  RTX_CM0.lib(rtx_semaphore.o)
    0x00000b60   0x00000b60   0x00000026   Code   RO         1060    .text.SemaphoreTokenIncrement  RTX_CM0.lib(rtx_semaphore.o)
    0x00000b86   0x00000b86   0x0000004e   Code   RO          931    .text.ThreadFlagsCheck  RTX_CM0.lib(rtx_thread.o)
    0x00000bd4   0x00000bd4   0x0000004c   Code   RO         1153    .text.TimerInsert   RTX_CM0.lib(rtx_timer.o)
    0x00000c20   0x00000c20   0x00000028   Code   RO          984    .text.osDelay       RTX_CM0.lib(rtx_delay.o)
    0x00000c48   0x00000c48   0x00000030   Code   RO          794    .text.osKernelGetState  RTX_CM0.lib(rtx_kernel.o)
    0x00000c78   0x00000c78   0x00000028   Code   RO          788    .text.osKernelInitialize  RTX_CM0.lib(rtx_kernel.o)
    0x00000ca0   0x00000ca0   0x00000024   Code   RO          798    .text.osKernelStart  RTX_CM0.lib(rtx_kernel.o)
    0x00000cc4   0x00000cc4   0x00000074   Code   RO         1081    .text.osMessageQueueGet  RTX_CM0.lib(rtx_msgqueue.o)
    0x00000d38   0x00000d38   0x00000024   Code   RO         1075    .text.osMessageQueueNew  RTX_CM0.lib(rtx_msgqueue.o)
    0x00000d5c   0x00000d5c   0x00000078   Code   RO         1079    .text.osMessageQueuePut  RTX_CM0.lib(rtx_msgqueue.o)
    0x00000dd4   0x00000dd4   0x00000028   Code   RO         1007    .text.osMutexAcquire  RTX_CM0.lib(rtx_mutex.o)
    0x00000dfc   0x00000dfc   0x00000028   Code   RO         1013    .text.osMutexDelete  RTX_CM0.lib(rtx_mutex.o)
    0x00000e24   0x00000e24   0x00000024   Code   RO         1003    .text.osMutexNew    RTX_CM0.lib(rtx_mutex.o)
    0x00000e48   0x00000e48   0x00000028   Code   RO         1009    .text.osMutexRelease  RTX_CM0.lib(rtx_mutex.o)
    0x00000e70   0x00000e70   0x0000007c   Code   RO         1180    .text.osRtxMemoryAlloc  RTX_CM0.lib(rtx_memory.o)
    0x00000eec   0x00000eec   0x0000004e   Code   RO         1182    .text.osRtxMemoryFree  RTX_CM0.lib(rtx_memory.o)
    0x00000f3a   0x00000f3a   0x00000032   Code   RO         1178    .text.osRtxMemoryInit  RTX_CM0.lib(rtx_memory.o)
    0x00000f6c   0x00000f6c   0x0000002e   Code   RO         1195    .text.osRtxMemoryPoolAlloc  RTX_CM0.lib(rtx_mempool.o)
    0x00000f9a   0x00000f9a   0x0000003a   Code   RO         1197    .text.osRtxMemoryPoolFree  RTX_CM0.lib(rtx_mempool.o)
    0x00000fd4   0x00000fd4   0x0000003e   Code   RO         1193    .text.osRtxMemoryPoolInit  RTX_CM0.lib(rtx_mempool.o)
    0x00001012   0x00001012   0x000000bc   Code   RO         1105    .text.osRtxMessageQueuePostProcess  RTX_CM0.lib(rtx_msgqueue.o)
    0x000010ce   0x000010ce   0x00000044   Code   RO         1001    .text.osRtxMutexOwnerRelease  RTX_CM0.lib(rtx_mutex.o)
    0x00001112   0x00001112   0x00000002   PAD
    0x00001114   0x00001114   0x00000080   Code   RO         1248    .text.osRtxPendSV_Handler  RTX_CM0.lib(rtx_system.o)
    0x00001194   0x00001194   0x0000006c   Code   RO         1250    .text.osRtxPostProcess  RTX_CM0.lib(rtx_system.o)
    0x00001200   0x00001200   0x00000024   Code   RO         1052    .text.osRtxSemaphorePostProcess  RTX_CM0.lib(rtx_semaphore.o)
    0x00001224   0x00001224   0x00000038   Code   RO          871    .text.osRtxThreadBlock  RTX_CM0.lib(rtx_thread.o)
    0x0000125c   0x0000125c   0x00000080   Code   RO          879    .text.osRtxThreadDelayInsert  RTX_CM0.lib(rtx_thread.o)
    0x000012dc   0x000012dc   0x00000044   Code   RO          875    .text.osRtxThreadDelayRemove  RTX_CM0.lib(rtx_thread.o)
    0x00001320   0x00001320   0x00000038   Code   RO          861    .text.osRtxThreadDelayTick  RTX_CM0.lib(rtx_thread.o)
    0x00001358   0x00001358   0x00000050   Code   RO          869    .text.osRtxThreadDispatch  RTX_CM0.lib(rtx_thread.o)
    0x000013a8   0x000013a8   0x00000054   Code   RO          955    .text.osRtxThreadFree  RTX_CM0.lib(rtx_thread.o)
    0x000013fc   0x000013fc   0x00000014   Code   RO          853    .text.osRtxThreadListGet  RTX_CM0.lib(rtx_thread.o)
    0x00001410   0x00001410   0x0000002c   Code   RO          851    .text.osRtxThreadListPut  RTX_CM0.lib(rtx_thread.o)
    0x0000143c   0x0000143c   0x00000018   Code   RO          857    .text.osRtxThreadListRemove  RTX_CM0.lib(rtx_thread.o)
    0x00001454   0x00001454   0x00000026   Code   RO          855    .text.osRtxThreadListSort  RTX_CM0.lib(rtx_thread.o)
    0x0000147a   0x0000147a   0x00000026   Code   RO          929    .text.osRtxThreadPostProcess  RTX_CM0.lib(rtx_thread.o)
    0x000014a0   0x000014a0   0x00000018   Code   RO          859    .text.osRtxThreadReadyPut  RTX_CM0.lib(rtx_thread.o)
    0x000014b8   0x000014b8   0x00000006   Code   RO          863    .text.osRtxThreadRegPtr  RTX_CM0.lib(rtx_thread.o)
    0x000014be   0x000014be   0x00000002   PAD
    0x000014c0   0x000014c0   0x0000002c   Code   RO          867    .text.osRtxThreadStackCheck  RTX_CM0.lib(rtx_thread.o)
    0x000014ec   0x000014ec   0x00000040   Code   RO          881    .text.osRtxThreadStartup  RTX_CM0.lib(rtx_thread.o)
    0x0000152c   0x0000152c   0x00000014   Code   RO          865    .text.osRtxThreadSwitch  RTX_CM0.lib(rtx_thread.o)
    0x00001540   0x00001540   0x0000003c   Code   RO          877    .text.osRtxThreadWaitEnter  RTX_CM0.lib(rtx_thread.o)
    0x0000157c   0x0000157c   0x00000022   Code   RO          873    .text.osRtxThreadWaitExit  RTX_CM0.lib(rtx_thread.o)
    0x0000159e   0x0000159e   0x00000002   PAD
    0x000015a0   0x000015a0   0x00000074   Code   RO         1246    .text.osRtxTick_Handler  RTX_CM0.lib(rtx_system.o)
    0x00001614   0x00001614   0x0000003c   Code   RO         1137    .text.osRtxTimerThread  RTX_CM0.lib(rtx_timer.o)
    0x00001650   0x00001650   0x00000060   Code   RO         1139    .text.osRtxTimerTick  RTX_CM0.lib(rtx_timer.o)
    0x000016b0   0x000016b0   0x00000044   Code   RO         1040    .text.osSemaphoreAcquire  RTX_CM0.lib(rtx_semaphore.o)
    0x000016f4   0x000016f4   0x00000024   Code   RO         1036    .text.osSemaphoreNew  RTX_CM0.lib(rtx_semaphore.o)
    0x00001718   0x00001718   0x0000004c   Code   RO         1042    .text.osSemaphoreRelease  RTX_CM0.lib(rtx_semaphore.o)
    0x00001764   0x00001764   0x0000000c   Code   RO          913    .text.osThreadExit  RTX_CM0.lib(rtx_thread.o)
    0x00001770   0x00001770   0x00000024   Code   RO          885    .text.osThreadNew   RTX_CM0.lib(rtx_thread.o)
    0x00001794   0x00001794   0x00000012   Code   RO          988    .text.svcRtxDelay   RTX_CM0.lib(rtx_delay.o)
    0x000017a6   0x000017a6   0x00000002   PAD
    0x000017a8   0x000017a8   0x0000000c   Code   RO          796    .text.svcRtxKernelGetState  RTX_CM0.lib(rtx_kernel.o)
    0x000017b4   0x000017b4   0x00000148   Code   RO          826    .text.svcRtxKernelInitialize  RTX_CM0.lib(rtx_kernel.o)
    0x000018fc   0x000018fc   0x00000084   Code   RO          828    .text.svcRtxKernelStart  RTX_CM0.lib(rtx_kernel.o)
    0x00001980   0x00001980   0x000000e8   Code   RO         1117    .text.svcRtxMessageQueueGet  RTX_CM0.lib(rtx_msgqueue.o)
    0x00001a68   0x00001a68   0x000001e4   Code   RO         1103    .text.svcRtxMessageQueueNew  RTX_CM0.lib(rtx_msgqueue.o)
    0x00001c4c   0x00001c4c   0x000000bc   Code   RO         1113    .text.svcRtxMessageQueuePut  RTX_CM0.lib(rtx_msgqueue.o)
    0x00001d08   0x00001d08   0x00000098   Code   RO         1019    .text.svcRtxMutexAcquire  RTX_CM0.lib(rtx_mutex.o)
    0x00001da0   0x00001da0   0x000000bc   Code   RO         1025    .text.svcRtxMutexDelete  RTX_CM0.lib(rtx_mutex.o)
    0x00001e5c   0x00001e5c   0x00000070   Code   RO         1015    .text.svcRtxMutexNew  RTX_CM0.lib(rtx_mutex.o)
    0x00001ecc   0x00001ecc   0x000000c0   Code   RO         1021    .text.svcRtxMutexRelease  RTX_CM0.lib(rtx_mutex.o)
    0x00001f8c   0x00001f8c   0x0000004c   Code   RO         1058    .text.svcRtxSemaphoreAcquire  RTX_CM0.lib(rtx_semaphore.o)
    0x00001fd8   0x00001fd8   0x00000088   Code   RO         1050    .text.svcRtxSemaphoreNew  RTX_CM0.lib(rtx_semaphore.o)
    0x00002060   0x00002060   0x00000038   Code   RO         1062    .text.svcRtxSemaphoreRelease  RTX_CM0.lib(rtx_semaphore.o)
    0x00002098   0x00002098   0x0000006c   Code   RO          959    .text.svcRtxThreadExit  RTX_CM0.lib(rtx_thread.o)
    0x00002104   0x00002104   0x000001ec   Code   RO          883    .text.svcRtxThreadNew  RTX_CM0.lib(rtx_thread.o)
    0x000022f0   0x000022f0   0x00000030   Code   RO          304    i.PIT_IRQHandler    ultrasound.o
    0x00002320   0x00002320   0x00000190   Code   RO          755    i.SystemCoreClockUpdate  system_mkl25z4.o
    0x000024b0   0x000024b0   0x0000000c   Code   RO          756    i.SystemInit        system_mkl25z4.o
    0x000024bc   0x000024bc   0x00000054   Code   RO          305    i.TPM2_IRQHandler   ultrasound.o
    0x00002510   0x00002510   0x00000034   Code   RO          154    i.UART2_IRQHandler  uart.o
    0x00002544   0x00002544   0x0000001c   Code   RO          734    i.__ARM_common_switch8  rtx_config.o
    0x00002560   0x00002560   0x00000018   Code   RO          306    i.__NVIC_ClearPendingIRQ  ultrasound.o
    0x00002578   0x00002578   0x00000038   Code   RO          307    i.__NVIC_DisableIRQ  ultrasound.o
    0x000025b0   0x000025b0   0x00000020   Code   RO          308    i.__NVIC_EnableIRQ  ultrasound.o
    0x000025d0   0x000025d0   0x00000078   Code   RO          309    i.__NVIC_SetPriority  ultrasound.o
    0x00002648   0x00002648   0x00000018   Code   RO          637    i._mutex_acquire    rtx_lib.o
    0x00002660   0x00002660   0x0000000c   Code   RO          638    i._mutex_free       rtx_lib.o
    0x0000266c   0x0000266c   0x00000024   Code   RO          639    i._mutex_initialize  rtx_lib.o
    0x00002690   0x00002690   0x00000014   Code   RO          640    i._mutex_release    rtx_lib.o
    0x000026a4   0x000026a4   0x00000008   Code   RO          641    i._platform_post_stackheap_init  rtx_lib.o
    0x000026ac   0x000026ac   0x00000010   Code   RO            3    i.audio_thread      main.o
    0x000026bc   0x000026bc   0x0000011c   Code   RO            4    i.auto_obstacle_avoid  main.o
    0x000027d8   0x000027d8   0x00000180   Code   RO            5    i.auto_thread       main.o
    0x00002958   0x00002958   0x0000007c   Code   RO          212    i.calc_left         motor.o
    0x000029d4   0x000029d4   0x0000007c   Code   RO          213    i.calc_left_back    motor.o
    0x00002a50   0x00002a50   0x0000007c   Code   RO          214    i.calc_right        motor.o
    0x00002acc   0x00002acc   0x0000007c   Code   RO          215    i.calc_right_back   motor.o
    0x00002b48   0x00002b48   0x00000014   Code   RO          310    i.clearTIF          ultrasound.o
    0x00002b5c   0x00002b5c   0x00000034   Code   RO          216    i.create_motor_cmd  motor.o
    0x00002b90   0x00002b90   0x00000050   Code   RO          311    i.disablePIT        ultrasound.o
    0x00002be0   0x00002be0   0x00000012   Code   RO          312    i.disableTPM2       ultrasound.o
    0x00002bf2   0x00002bf2   0x00000018   Code   RO          313    i.enableTPM2IRQ     ultrasound.o
    0x00002c0a   0x00002c0a   0x00000002   PAD
    0x00002c0c   0x00002c0c   0x0000003c   Code   RO          314    i.getDistance       ultrasound.o
    0x00002c48   0x00002c48   0x0000000c   Code   RO          315    i.getPITTick        ultrasound.o
    0x00002c54   0x00002c54   0x0000000c   Code   RO          316    i.getTPMC1Value     ultrasound.o
    0x00002c60   0x00002c60   0x00000032   Code   RO            7    i.get_level         main.o
    0x00002c92   0x00002c92   0x00000002   PAD
    0x00002c94   0x00002c94   0x00000020   Code   RO          218    i.get_move_state    motor.o
    0x00002cb4   0x00002cb4   0x00000020   Code   RO            8    i.greenLED_thread   main.o
    0x00002cd4   0x00002cd4   0x00000070   Code   RO          507    i.greenLedMove      led.o
    0x00002d44   0x00002d44   0x00000024   Code   RO          508    i.greenLedStop      led.o
    0x00002d68   0x00002d68   0x00000164   Code   RO            9    i.handle_UART       main.o
    0x00002ecc   0x00002ecc   0x00000008   Code   RO          567    i.initAudio         audio.o
    0x00002ed4   0x00002ed4   0x00000008   Code   RO          318    i.initEcho          ultrasound.o
    0x00002edc   0x00002edc   0x00000144   Code   RO          509    i.initGreenLED      led.o
    0x00003020   0x00003020   0x00000150   Code   RO          219    i.initMotor         motor.o
    0x00003170   0x00003170   0x000000a4   Code   RO          319    i.initPIT           ultrasound.o
    0x00003214   0x00003214   0x000000a8   Code   RO          568    i.initPWM           audio.o
    0x000032bc   0x000032bc   0x00000050   Code   RO          510    i.initRedLED        led.o
    0x0000330c   0x0000330c   0x000000dc   Code   RO          320    i.initTPM2          ultrasound.o
    0x000033e8   0x000033e8   0x00000044   Code   RO          321    i.initTrigger       ultrasound.o
    0x0000342c   0x0000342c   0x00000080   Code   RO          156    i.initUART2         uart.o
    0x000034ac   0x000034ac   0x0000000c   Code   RO          322    i.initUltrasound    ultrasound.o
    0x000034b8   0x000034b8   0x0000003c   Code   RO          220    i.just_backward     motor.o
    0x000034f4   0x000034f4   0x00000038   Code   RO          221    i.just_forward      motor.o
    0x0000352c   0x0000352c   0x00000030   Code   RO          222    i.just_stop         motor.o
    0x0000355c   0x0000355c   0x00000048   Code   RO           10    i.just_stoppppp     main.o
    0x000035a4   0x000035a4   0x000000dc   Code   RO           11    i.main              main.o
    0x00003680   0x00003680   0x00000040   Code   RO           12    i.motor_thread      main.o
    0x000036c0   0x000036c0   0x00000020   Code   RO          713    i.osRtxErrorNotify  rtx_config.o
    0x000036e0   0x000036e0   0x00000004   Code   RO          714    i.osRtxIdleThread   rtx_config.o
    0x000036e4   0x000036e4   0x00000024   Code   RO          642    i.os_kernel_is_active  rtx_lib.o
    0x00003708   0x00003708   0x00000100   Code   RO          569    i.play_audio        audio.o
    0x00003808   0x00003808   0x0000000c   Code   RO          570    i.play_end          audio.o
    0x00003814   0x00003814   0x0000000c   Code   RO          571    i.play_internet_connect  audio.o
    0x00003820   0x00003820   0x0000000c   Code   RO          572    i.play_run          audio.o
    0x0000382c   0x0000382c   0x00000020   Code   RO           13    i.redLED_thread     main.o
    0x0000384c   0x0000384c   0x0000003c   Code   RO          511    i.redLedMove        led.o
    0x00003888   0x00003888   0x00000038   Code   RO          512    i.redLedStop        led.o
    0x000038c0   0x000038c0   0x0000000c   Code   RO          325    i.resetPitTick      ultrasound.o
    0x000038cc   0x000038cc   0x0000000c   Code   RO          326    i.resetTPM2         ultrasound.o
    0x000038d8   0x000038d8   0x00000158   Code   RO          223    i.set_motors        motor.o
    0x00003a30   0x00003a30   0x00000030   Code   RO          327    i.startMeasure      ultrasound.o
    0x00003a60   0x00003a60   0x00000014   Code   RO          328    i.startTPM2         ultrasound.o
    0x00003a74   0x00003a74   0x00000018   Code   RO          329    i.startUltrasound   ultrasound.o
    0x00003a8c   0x00003a8c   0x00000014   Code   RO          330    i.stopTPM2          ultrasound.o
    0x00003aa0   0x00003aa0   0x00000008   Code   RO          331    i.stopUltrasound    ultrasound.o
    0x00003aa8   0x00003aa8   0x0000000c   Code   RO          573    i.stop_music        audio.o
    0x00003ab4   0x00003ab4   0x0000002c   Code   RO          332    i.timeToDistance    ultrasound.o
    0x00003ae0   0x00003ae0   0x00000014   Code   RO          192    i.util_delay        utils.o
    0x00003af4   0x00003af4   0x00000064   Code   RO         1310    x$fpl$dleqf         fz_ps.l(dlef.o)
    0x00003b58   0x00003b58   0x00000000   Code   RO         1321    x$fpl$usenofp       fz_ps.l(usenofp.o)
    0x00003b58   0x00003b58   0x000000d8   Data   RO           16    .constdata          main.o
    0x00003c30   0x00003c30   0x00000064   Data   RO          649    .constdata          rtx_lib.o
    0x00003c94   0x00003c94   0x00000001   Data   RO         1131    .constdata          RTX_CM0.lib(irq_cm0.o)
    0x00003c95   0x00003c95   0x00000003   PAD
    0x00003c98   0x00003c98   0x000000a0   Data   RO          651    .rodata             rtx_lib.o
    0x00003d38   0x00003d38   0x0000000b   Data   RO          840    .rodata.str1.4      RTX_CM0.lib(rtx_kernel.o)
    0x00003d43   0x00003d43   0x00000001   PAD
    0x00003d44   0x00003d44   0x00000020   Data   RO         1486    Region$$Table       anon$$obj.o


    Execution Region ER_RW (Exec base: 0x1ffff000, Load base: 0x00003d64, Size: 0x00003dfc, Max: 0xffffffff, ABSOLUTE, COMPRESSED[0x00000354])

    Exec Addr    Load Addr    Size         Type   Attr      Idx    E Section Name        Object

    0x1ffff000   COMPRESSED   0x00001040   Data   RW          643    .bss.os             rtx_lib.o
    0x20000040   COMPRESSED   0x00000034   Data   RW          645    .bss.os.msgqueue.cb  rtx_lib.o
    0x20000074   COMPRESSED   0x00000050   Data   RW          646    .bss.os.msgqueue.mem  rtx_lib.o
    0x200000c4   COMPRESSED   0x00000088   Data   RW          647    .bss.os.thread.cb   rtx_lib.o
    0x2000014c   COMPRESSED   0x00000004   PAD
    0x20000150   COMPRESSED   0x00000200   Data   RW          648    .bss.os.thread.stack  rtx_lib.o
    0x20000350   COMPRESSED   0x00000044   Data   RW           17    .data               main.o
    0x20000394   COMPRESSED   0x00000014   Data   RW          224    .data               motor.o
    0x200003a8   COMPRESSED   0x00000018   Data   RW          333    .data               ultrasound.o
    0x200003c0   COMPRESSED   0x0000002c   Data   RW          513    .data               led.o
    0x200003ec   COMPRESSED   0x00002960   Data   RW          574    .data               audio.o
    0x20002d4c   COMPRESSED   0x00000005   Data   RW          650    .data               rtx_lib.o
    0x20002d51   COMPRESSED   0x00000003   PAD
    0x20002d54   COMPRESSED   0x00000004   Data   RW          757    .data               system_mkl25z4.o
    0x20002d58   COMPRESSED   0x000000a4   Data   RW          841    .data.os            RTX_CM0.lib(rtx_kernel.o)


    Execution Region ER_ZI (Exec base: 0x20002dfc, Load base: 0x000040b8, Size: 0x00000164, Max: 0xffffffff, ABSOLUTE)

    Exec Addr    Load Addr    Size         Type   Attr      Idx    E Section Name        Object

    0x20002dfc        -       0x00000060   Zero   RW         1359    .bss                c_p.l(libspace.o)
    0x20002e5c        -       0x00000001   Zero   RW         1279    .bss.PendST         RTX_CM0.lib(os_systick.o)
    0x20002e5d   0x000040b8   0x00000003   PAD
    0x20002e60        -       0x00000000   Zero   RW          744    HEAP                startup_mkl25z4.o
    0x20002e60        -       0x00000100   Zero   RW          743    STACK               startup_mkl25z4.o


==============================================================================

Image component sizes


      Code (inc. data)   RO Data    RW Data    ZI Data      Debug   Object Name

       480         70          0      10592          0       5027   audio.o
       668         66          0         44          0       3106   led.o
      1510        160        216         68          0     228135   main.o
      1424        252          0         20          0       7060   motor.o
        64          8          0          0          0       1009   rtx_config.o
       136          6        260       4945          0      12846   rtx_lib.o
        80         44        192          0        256        852   startup_mkl25z4.o
       412         42          0          4          0       1467   system_mkl25z4.o
       180         22          0          0          0       9123   uart.o
      1250        170          0         24          0      19739   ultrasound.o
        20          0          0          0          0        833   utils.o

    ----------------------------------------------------------------------
      6228        840        700      15704        256     289197   Object Totals
         0          0         32          0          0          0   (incl. Generated)
         4          0          0          7          0          0   (incl. Padding)

    ----------------------------------------------------------------------

      Code (inc. data)   RO Data    RW Data    ZI Data      Debug   Library Member Name

       164          8          1          0          0        496   irq_cm0.o
       138         32          0          0          1       2766   os_systick.o
        58          4          0          0          0       2753   rtx_delay.o
       598         48         11        164          0      16105   rtx_kernel.o
       252          0          0          0          0       2564   rtx_memory.o
       166          0          0          0          0      14282   rtx_mempool.o
      1568         44          0          0          0      17889   rtx_msgqueue.o
       868         32          0          0          0       9201   rtx_mutex.o
       558         28          0          0          0      10054   rtx_semaphore.o
       352         26          0          0          0       4635   rtx_system.o
      1614         96          0          0          0      30867   rtx_thread.o
       232         20          0          0          0      10018   rtx_timer.o
        86          0          0          0          0          0   __dczerorl2.o
         8          0          0          0          0         68   __main.o
         0          0          0          0          0          0   __rtentry.o
        20          0          0          0          0          0   __rtentry2.o
         6          0          0          0          0          0   __rtentry4.o
        60          8          0          0          0          0   __scatter.o
        28          0          0          0          0          0   __scatter_zi.o
       346          0          0          0          0         92   aeabi_sdiv.o
        16          0          0          0          0         68   exit.o
         6          0          0          0          0        136   heapauxi.o
         0          0          0          0          0          0   indicate_semi.o
         2          0          0          0          0          0   libinit.o
         2          0          0          0          0          0   libinit2.o
         2          0          0          0          0          0   libshutdown.o
         2          0          0          0          0          0   libshutdown2.o
         8          4          0          0         96         68   libspace.o
        64          0          0          0          0        108   rt_memclr.o
       186          0          0          0          0        144   rt_memcpy.o
         2          0          0          0          0          0   rtexit.o
        10          0          0          0          0          0   rtexit2.o
        12          4          0          0          0         60   sys_exit.o
        62          0          0          0          0         80   sys_stackheap_outer.o
         2          0          0          0          0         68   use_no_semi.o
        46          0          0          0          0         60   cmpret.o
       144          4          0          0          0         76   dcmpin.o
       108         10          0          0          0         72   dfixi.o
        72          4          0          0          0         68   dfixui.o
        88          0          0          0          0         92   dflti.o
       100          4          0          0          0         92   dlef.o
       584         26          0          0          0         84   dmul.o
        20          6          0          0          0         68   dnan2.o
        94          0          0          0          0         68   retnan.o
         0          0          0          0          0          0   usenofp.o

    ----------------------------------------------------------------------
      8772        408         16        164        100     123202   Library Totals
        18          0          4          0          3          0   (incl. Padding)

    ----------------------------------------------------------------------

      Code (inc. data)   RO Data    RW Data    ZI Data      Debug   Library Name

      6568        338         12        164          1     121630   RTX_CM0.lib
       930         16          0          0         96        892   c_p.l
      1256         54          0          0          0        680   fz_ps.l

    ----------------------------------------------------------------------
      8772        408         16        164        100     123202   Library Totals

    ----------------------------------------------------------------------

==============================================================================


      Code (inc. data)   RO Data    RW Data    ZI Data      Debug   

     15000       1248        716      15868        356     408423   Grand Totals
     15000       1248        716        852        356     408423   ELF Image Totals (compressed)
     15000       1248        716        852          0          0   ROM Totals

==============================================================================

    Total RO  Size (Code + RO Data)                15716 (  15.35kB)
    Total RW  Size (RW Data + ZI Data)             16224 (  15.84kB)
    Total ROM Size (Code + RO Data + RW Data)      16568 (  16.18kB)

==============================================================================

