Component: ARM Compiler 5.06 update 6 (build 750) Tool: armlink [4d35ed]

==============================================================================

Section Cross References

    main.o(i.auto_thread) refers to rtx_semaphore.o(.text.osSemaphoreAcquire) for osSemaphoreAcquire
    main.o(i.auto_thread) refers to main.o(.data) for autoModeSemaphore
    main.o(i.handle_UART) refers to uart.o(i.UART2_Receive_Poll) for UART2_Receive_Poll
    main.o(i.handle_UART) refers to main.o(i.get_level) for get_level
    main.o(i.handle_UART) refers to rtx_msgqueue.o(.text.osMessageQueuePut) for osMessageQueuePut
    main.o(i.handle_UART) refers to rtx_semaphore.o(.text.osSemaphoreRelease) for osSemaphoreRelease
    main.o(i.handle_UART) refers to main.o(.data) for isAuto
    main.o(i.main) refers to system_mkl25z4.o(i.SystemCoreClockUpdate) for SystemCoreClockUpdate
    main.o(i.main) refers to motor.o(i.initMotor) for initMotor
    main.o(i.main) refers to uart.o(i.initUART2) for initUART2
    main.o(i.main) refers to rtx_kernel.o(.text.osKernelInitialize) for osKernelInitialize
    main.o(i.main) refers to rtx_msgqueue.o(.text.osMessageQueueNew) for osMessageQueueNew
    main.o(i.main) refers to rtx_semaphore.o(.text.osSemaphoreNew) for osSemaphoreNew
    main.o(i.main) refers to rtx_thread.o(.text.osThreadNew) for osThreadNew
    main.o(i.main) refers to rtx_kernel.o(.text.osKernelStart) for osKernelStart
    main.o(i.main) refers to main.o(.data) for motorMQ
    main.o(i.main) refers to main.o(i.handle_UART) for handle_UART
    main.o(i.main) refers to main.o(i.motor_thread) for motor_thread
    main.o(i.motor_thread) refers to rtx_msgqueue.o(.text.osMessageQueueGet) for osMessageQueueGet
    main.o(i.motor_thread) refers to motor.o(i.set_motors) for set_motors
    main.o(i.motor_thread) refers to main.o(.data) for motorMQ
    uart.o(i.initUART2) refers to aeabi_sdiv.o(.text) for __aeabi_uidivmod
    motor.o(i.left_motor) refers to uart.o(i.UART2_Receive_Poll) for UART2_Receive_Poll
    motor.o(i.right_motor) refers to uart.o(i.UART2_Receive_Poll) for UART2_Receive_Poll
    motor.o(i.set_motors) refers to aeabi_sdiv.o(.text) for __aeabi_idivmod
    motor.o(i.set_motors) refers to motor.o(.data) for CUR_TPM1_C0V
    motor.o(i.stop) refers to uart.o(i.UART2_Receive_Poll) for UART2_Receive_Poll
    ultrasound.o(i.PIT_IRQHandler) refers to ultrasound.o(i.__NVIC_ClearPendingIRQ) for __NVIC_ClearPendingIRQ
    ultrasound.o(i.PIT_IRQHandler) refers to ultrasound.o(i.startMeasure) for startMeasure
    ultrasound.o(i.PIT_IRQHandler) refers to ultrasound.o(i.clearTIF) for clearTIF
    ultrasound.o(i.TPM2_IRQHandler) refers to ultrasound.o(i.__NVIC_ClearPendingIRQ) for __NVIC_ClearPendingIRQ
    ultrasound.o(i.TPM2_IRQHandler) refers to ultrasound.o(i.getDistance) for getDistance
    ultrasound.o(i.disableTPM2) refers to ultrasound.o(i.stopTPM2) for stopTPM2
    ultrasound.o(i.disableTPM2) refers to ultrasound.o(i.resetTPM2) for resetTPM2
    ultrasound.o(i.getDistance) refers to ultrasound.o(i.stopTPM2) for stopTPM2
    ultrasound.o(i.getDistance) refers to ultrasound.o(i.resetTPM2) for resetTPM2
    ultrasound.o(i.getDistance) refers to ultrasound.o(i.startTPM2) for startTPM2
    ultrasound.o(i.getDistance) refers to ultrasound.o(i.getTPMC1Value) for getTPMC1Value
    ultrasound.o(i.getDistance) refers to ultrasound.o(i.timeToDistance) for timeToDistance
    ultrasound.o(i.getDistance) refers to ultrasound.o(.data) for echo_is_on
    ultrasound.o(i.initEcho) refers to ultrasound.o(i.initTPM2) for initTPM2
    ultrasound.o(i.initPIT) refers to ultrasound.o(i.clearTIF) for clearTIF
    ultrasound.o(i.initPIT) refers to ultrasound.o(i.__NVIC_SetPriority) for __NVIC_SetPriority
    ultrasound.o(i.initPIT) refers to ultrasound.o(i.__NVIC_ClearPendingIRQ) for __NVIC_ClearPendingIRQ
    ultrasound.o(i.initPIT) refers to ultrasound.o(i.__NVIC_EnableIRQ) for __NVIC_EnableIRQ
    ultrasound.o(i.initPIT) refers to ultrasound.o(.data) for pit_ldval
    ultrasound.o(i.initTPM2) refers to ultrasound.o(i.startTPM2) for startTPM2
    ultrasound.o(i.initTPM2) refers to ultrasound.o(i.__NVIC_SetPriority) for __NVIC_SetPriority
    ultrasound.o(i.initTPM2) refers to ultrasound.o(i.__NVIC_ClearPendingIRQ) for __NVIC_ClearPendingIRQ
    ultrasound.o(i.initTPM2) refers to ultrasound.o(i.__NVIC_EnableIRQ) for __NVIC_EnableIRQ
    ultrasound.o(i.initUltrasound) refers to ultrasound.o(i.initEcho) for initEcho
    ultrasound.o(i.initUltrasound) refers to ultrasound.o(i.initTrigger) for initTrigger
    ultrasound.o(i.startMeasure) refers to ultrasound.o(i.stopTPM2) for stopTPM2
    ultrasound.o(i.startMeasure) refers to ultrasound.o(i.resetTPM2) for resetTPM2
    ultrasound.o(i.startMeasure) refers to ultrasound.o(i.startTPM2) for startTPM2
    ultrasound.o(i.startUltrasound) refers to ultrasound.o(i.initPIT) for initPIT
    ultrasound.o(i.timeToDistance) refers to dflti.o(.text) for __aeabi_ui2d
[...]
    ../clib/signal.c                         0x00000000   Number         0  defsig_general.o ABSOLUTE
    ../clib/signal.c                         0x00000000   Number         0  __raise.o ABSOLUTE
    ../clib/signal.c                         0x00000000   Number         0  defsig_fpe_outer.o ABSOLUTE
    ../clib/signal.c                         0x00000000   Number         0  defsig_fpe_inner.o ABSOLUTE
    ../clib/signal.s                         0x00000000   Number         0  defsig.o ABSOLUTE
    ../clib/stdlib.c                         0x00000000   Number         0  exit.o ABSOLUTE
    ../fplib/cfplib/dmul.c                   0x00000000   Number         0  dmul.o ABSOLUTE
    ../fplib/cfplib/ffix.c                   0x00000000   Number         0  dfixui.o ABSOLUTE
    ../fplib/cfplib/fflt.c                   0x00000000   Number         0  dflti.o ABSOLUTE
    ../fplib/cfplib/fpinit.c                 0x00000000   Number         0  fpinit.o ABSOLUTE
    ../fplib/usenofp.s                       0x00000000   Number         0  usenofp.o ABSOLUTE
    ..\..\..\Source\ARM\irq_cm0.s            0x00000000   Number         0  irq_cm0.o ABSOLUTE
    C:\Users\facestomperx\AppData\Local\Arm\Packs\ARM\CMSIS\5.6.0\CMSIS\RTOS2\RTX\Source\rtx_lib.c 0x00000000   Number         0  rtx_lib.o ABSOLUTE
    C:\\Users\\facestomperx\\AppData\\Local\\Arm\\Packs\\ARM\\CMSIS\\5.6.0\\CMSIS\\RTOS2\\RTX\\Source\\rtx_lib.c 0x00000000   Number         0  rtx_lib.o ABSOLUTE
    RTE\CMSIS\RTX_Config.c                   0x00000000   Number         0  rtx_config.o ABSOLUTE
    RTE\Device\MKL25Z128xxx4\startup_MKL25Z4.s 0x00000000   Number         0  startup_mkl25z4.o ABSOLUTE
    RTE\Device\MKL25Z128xxx4\system_MKL25Z4.c 0x00000000   Number         0  system_mkl25z4.o ABSOLUTE
    RTE\\CMSIS\\RTX_Config.c                 0x00000000   Number         0  rtx_config.o ABSOLUTE
    RTE\\Device\\MKL25Z128xxx4\\system_MKL25Z4.c 0x00000000   Number         0  system_mkl25z4.o ABSOLUTE
    UART\\uart.c                             0x00000000   Number         0  uart.o ABSOLUTE
    UART\uart.c                              0x00000000   Number         0  uart.o ABSOLUTE
    dc.s                                     0x00000000   Number         0  dc.o ABSOLUTE
    main.c                                   0x00000000   Number         0  main.o ABSOLUTE
    main.c                                   0x00000000   Number         0  main.o ABSOLUTE
    motor\\motor.c                           0x00000000   Number         0  motor.o ABSOLUTE
    motor\motor.c                            0x00000000   Number         0  motor.o ABSOLUTE
    os_systick.c                             0x00000000   Number         0  os_systick.o ABSOLUTE
    rtx_kernel.c                             0x00000000   Number         0  rtx_kernel.o ABSOLUTE
    rtx_memory.c                             0x00000000   Number         0  rtx_memory.o ABSOLUTE
    rtx_mempool.c                            0x00000000   Number         0  rtx_mempool.o ABSOLUTE
    rtx_msgqueue.c                           0x00000000   Number         0  rtx_msgqueue.o ABSOLUTE
    rtx_mutex.c                              0x00000000   Number         0  rtx_mutex.o ABSOLUTE
    rtx_semaphore.c                          0x00000000   Number         0  rtx_semaphore.o ABSOLUTE
    rtx_system.c                             0x00000000   Number         0  rtx_system.o ABSOLUTE
    rtx_thread.c                             0x00000000   Number         0  rtx_thread.o ABSOLUTE
    rtx_timer.c                              0x00000000   Number         0  rtx_timer.o ABSOLUTE
    ultrasound\\ultrasound.c                 0x00000000   Number         0  ultrasound.o ABSOLUTE
    ultrasound\ultrasound.c                  0x00000000   Number         0  ultrasound.o ABSOLUTE
    utils.c                                  0x00000000   Number         0  utils.o ABSOLUTE
    utils.c                                  0x00000000   Number         0  utils.o ABSOLUTE
    !!!main                                  0x000000c0   Section        8  __main.o(!!!main)
    !!!scatter                               0x000000c8   Section       60  __scatter.o(!!!scatter)
    !!handler_zi                             0x00000104   Section       28  __scatter_zi.o(!!handler_zi)
    .ARM.Collect$$libinit$$00000000          0x00000120   Section        2  libinit.o(.ARM.Collect$$libinit$$00000000)
    .ARM.Collect$$libinit$$00000002          0x00000122   Section        0  libinit2.o(.ARM.Collect$$libinit$$00000002)
    .ARM.Collect$$libinit$$00000004          0x00000122   Section        0  libinit2.o(.ARM.Collect$$libinit$$00000004)
    .ARM.Collect$$libinit$$0000000A          0x00000122   Section        0  libinit2.o(.ARM.Collect$$libinit$$0000000A)
    .ARM.Collect$$libinit$$0000000C          0x00000122   Section        0  libinit2.o(.ARM.Collect$$libinit$$0000000C)
    .ARM.Collect$$libinit$$0000000E          0x00000122   Section        0  libinit2.o(.ARM.Collect$$libinit$$0000000E)
    .ARM.Collect$$libinit$$00000011          0x00000122   Section        0  libinit2.o(.ARM.Collect$$libinit$$00000011)
    .ARM.Collect$$libinit$$00000013          0x00000122   Section        0  libinit2.o(.ARM.Collect$$libinit$$00000013)
    .ARM.Collect$$libinit$$00000015          0x00000122   Section        0  libinit2.o(.ARM.Collect$$libinit$$00000015)
    .ARM.Collect$$libinit$$00000017          0x00000122   Section        0  libinit2.o(.ARM.Collect$$libinit$$00000017)
    .ARM.Collect$$libinit$$00000019          0x00000122   Section        0  libinit2.o(.ARM.Collect$$libinit$$00000019)
    .ARM.Collect$$libinit$$0000001B          0x00000122   Section        0  libinit2.o(.ARM.Collect$$libinit$$0000001B)
    .ARM.Collect$$libinit$$0000001D          0x00000122   Section        0  libinit2.o(.ARM.Collect$$libinit$$0000001D)
    .ARM.Collect$$libinit$$0000001F          0x00000122   Section        0  libinit2.o(.ARM.Collect$$libinit$$0000001F)
    .ARM.Collect$$libinit$$00000021          0x00000122   Section        0  libinit2.o(.ARM.Collect$$libinit$$00000021)
    .ARM.Collect$$libinit$$00000023          0x00000122   Section        0  libinit2.o(.ARM.Collect$$libinit$$00000023)
    .ARM.Collect$$libinit$$00000025          0x00000122   Section        0  libinit2.o(.ARM.Collect$$libinit$$00000025)
    .ARM.Collect$$libinit$$0000002C          0x00000122   Section        0  libinit2.o(.ARM.Collect$$libinit$$0000002C)
    .ARM.Collect$$libinit$$0000002E          0x00000122   Section        0  libinit2.o(.ARM.Collect$$libinit$$0000002E)
    .ARM.Collect$$libinit$$00000030          0x00000122   Section        0  libinit2.o(.ARM.Collect$$libinit$$00000030)
    .ARM.Collect$$libinit$$00000032          0x00000122   Section        0  libinit2.o(.ARM.Collect$$libinit$$00000032)
    .ARM.Collect$$libinit$$00000033          0x00000122   Section        2  libinit2.o(.ARM.Collect$$libinit$$00000033)
    .ARM.Collect$$libshutdown$$00000000      0x00000124   Section        2  libshutdown.o(.ARM.Collect$$libshutdown$$00000000)
    .ARM.Collect$$libshutdown$$00000002      0x00000126   Section        0  libshutdown2.o(.ARM.Collect$$libshutdown$$00000002)
    .ARM.Collect$$libshutdown$$00000004      0x00000126   Section        0  libshutdown2.o(.ARM.Collect$$libshutdown$$00000004)
    .ARM.Collect$$libshutdown$$00000007      0x00000126   Section        0  libshutdown2.o(.ARM.Collect$$libshutdown$$00000007)
    .ARM.Collect$$libshutdown$$0000000A      0x00000126   Section        0  libshutdown2.o(.ARM.Collect$$libshutdown$$0000000A)
    .ARM.Collect$$libshutdown$$0000000C      0x00000126   Section        0  libshutdown2.o(.ARM.Collect$$libshutdown$$0000000C)
    .ARM.Collect$$libshutdown$$0000000F      0x00000126   Section        0  libshutdown2.o(.ARM.Collect$$libshutdown$$0000000F)
    .ARM.Collect$$libshutdown$$00000010      0x00000126   Section        2  libshutdown2.o(.ARM.Collect$$libshutdown$$00000010)
    .ARM.Collect$$rtentry$$00000000          0x00000128   Section        0  __rtentry.o(.ARM.Collect$$rtentry$$00000000)
    .ARM.Collect$$rtentry$$00000002          0x00000128   Section        0  __rtentry2.o(.ARM.Collect$$rtentry$$00000002)
    .ARM.Collect$$rtentry$$00000004          0x00000128   Section        6  __rtentry4.o(.ARM.Collect$$rtentry$$00000004)
    .ARM.Collect$$rtentry$$00000008          0x0000012e   Section        8  __rtentry2.o(.ARM.Collect$$rtentry$$00000008)
    .ARM.Collect$$rtentry$$0000000A          0x00000136   Section        4  __rtentry2.o(.ARM.Collect$$rtentry$$0000000A)
    .ARM.Collect$$rtentry$$0000000C          0x0000013a   Section        0  __rtentry2.o(.ARM.Collect$$rtentry$$0000000C)
    .ARM.Collect$$rtentry$$0000000D          0x0000013a   Section        8  __rtentry2.o(.ARM.Collect$$rtentry$$0000000D)
    .ARM.Collect$$rtexit$$00000000           0x00000142   Section        2  rtexit.o(.ARM.Collect$$rtexit$$00000000)
    .ARM.Collect$$rtexit$$00000002           0x00000144   Section        0  rtexit2.o(.ARM.Collect$$rtexit$$00000002)
    .ARM.Collect$$rtexit$$00000003           0x00000144   Section        4  rtexit2.o(.ARM.Collect$$rtexit$$00000003)
    .ARM.Collect$$rtexit$$00000004           0x00000148   Section        6  rtexit2.o(.ARM.Collect$$rtexit$$00000004)
    .emb_text                                0x00000150   Section       56  rt_memcpy.o(.emb_text)
    .text                                    0x00000188   Section       64  startup_mkl25z4.o(.text)
    .text                                    0x000001c8   Section      164  irq_cm0.o(.text)
    .text                                    0x0000026c   Section        0  rt_memcpy.o(.text)
    .text                                    0x000002ee   Section        0  rt_memclr.o(.text)
    .text                                    0x0000032e   Section        0  heapauxi.o(.text)
    .text                                    0x00000334   Section        0  dfixui.o(.text)
    .text                                    0x0000037c   Section        0  dflti.o(.text)
    .text                                    0x000003d4   Section        0  exit.o(.text)
    .text                                    0x000003e4   Section        8  libspace.o(.text)
    .text                                    0x000003ec   Section        0  sys_exit.o(.text)
    .text                                    0x000003f8   Section        2  use_no_semi.o(.text)
    [Anonymous Symbol]                       0x000003fa   Section        0  os_systick.o(.text.OS_Tick_GetIRQn)
    .text                                    0x000003fa   Section        0  indicate_semi.o(.text)
    .ARM.__at_0x400                          0x00000400   Section       16  startup_mkl25z4.o(.ARM.__at_0x400)
    .text                                    0x00000410   Section      346  aeabi_sdiv.o(.text)
    .text                                    0x0000056c   Section        0  dmul.o(.text)
    .text                                    0x000007b4   Section       62  sys_stackheap_outer.o(.text)
    .text                                    0x000007f2   Section        0  __dczerorl.o(.text)
    [Anonymous Symbol]                       0x0000082c   Section        0  rtx_msgqueue.o(.text.MessageQueueGet)
    MessageQueueGet                          0x0000082d   Thumb Code    76  rtx_msgqueue.o(.text.MessageQueueGet)
    [Anonymous Symbol]                       0x00000878   Section        0  rtx_msgqueue.o(.text.MessageQueuePut)
    MessageQueuePut                          0x00000879   Thumb Code    98  rtx_msgqueue.o(.text.MessageQueuePut)
    [Anonymous Symbol]                       0x000008da   Section        0  rtx_msgqueue.o(.text.MessageQueueRemove)
    MessageQueueRemove                       0x000008db   Thumb Code    30  rtx_msgqueue.o(.text.MessageQueueRemove)
    [Anonymous Symbol]                       0x000008f8   Section        0  os_systick.o(.text.OS_Tick_AcknowledgeIRQ)
    __arm_cp.3_0                             0x00000900   Number         4  os_systick.o(.text.OS_Tick_AcknowledgeIRQ)
    [Anonymous Symbol]                       0x00000904   Section        0  os_systick.o(.text.OS_Tick_Enable)
    __arm_cp.1_0                             0x00000924   Number         4  os_systick.o(.text.OS_Tick_Enable)
    __arm_cp.1_1                             0x00000928   Number         4  os_systick.o(.text.OS_Tick_Enable)
    __arm_cp.1_2                             0x0000092c   Number         4  os_systick.o(.text.OS_Tick_Enable)
    [Anonymous Symbol]                       0x00000930   Section        0  os_systick.o(.text.OS_Tick_Setup)
    __arm_cp.0_0                             0x0000096c   Number         4  os_systick.o(.text.OS_Tick_Setup)
    __arm_cp.0_1                             0x00000970   Number         4  os_systick.o(.text.OS_Tick_Setup)
    __arm_cp.0_2                             0x00000974   Number         4  os_systick.o(.text.OS_Tick_Setup)
    __arm_cp.0_3                             0x00000978   Number         4  os_systick.o(.text.OS_Tick_Setup)
    [Anonymous Symbol]                       0x0000097c   Section        0  rtx_semaphore.o(.text.SemaphoreTokenDecrement)
    SemaphoreTokenDecrement                  0x0000097d   Thumb Code    36  rtx_semaphore.o(.text.SemaphoreTokenDecrement)
    [Anonymous Symbol]                       0x000009a0   Section        0  rtx_semaphore.o(.text.SemaphoreTokenIncrement)
    SemaphoreTokenIncrement                  0x000009a1   Thumb Code    38  rtx_semaphore.o(.text.SemaphoreTokenIncrement)
    [Anonymous Symbol]                       0x000009c6   Section        0  rtx_thread.o(.text.ThreadFlagsCheck)
    ThreadFlagsCheck                         0x000009c7   Thumb Code    78  rtx_thread.o(.text.ThreadFlagsCheck)
    [Anonymous Symbol]                       0x00000a14   Section        0  rtx_timer.o(.text.TimerInsert)
    TimerInsert                              0x00000a15   Thumb Code    76  rtx_timer.o(.text.TimerInsert)
    __arm_cp.8_0                             0x00000a5c   Number         4  rtx_timer.o(.text.TimerInsert)
    [Anonymous Symbol]                       0x00000a60   Section        0  rtx_kernel.o(.text.osKernelGetState)
    __arm_cp.4_0                             0x00000a88   Number         4  rtx_kernel.o(.text.osKernelGetState)
    __arm_cp.4_1                             0x00000a8c   Number         4  rtx_kernel.o(.text.osKernelGetState)
    [Anonymous Symbol]                       0x00000a90   Section        0  rtx_kernel.o(.text.osKernelInitialize)
    __arm_cp.1_0                             0x00000ab4   Number         4  rtx_kernel.o(.text.osKernelInitialize)
    [Anonymous Symbol]                       0x00000ab8   Section        0  rtx_kernel.o(.text.osKernelStart)
    __arm_cp.6_0                             0x00000ad8   Number         4  rtx_kernel.o(.text.osKernelStart)
    [Anonymous Symbol]                       0x00000adc   Section        0  rtx_msgqueue.o(.text.osMessageQueueGet)
    __arm_cp.3_0                             0x00000b4c   Number         4  rtx_msgqueue.o(.text.osMessageQueueGet)
    [Anonymous Symbol]                       0x00000b50   Section        0  rtx_msgqueue.o(.text.osMessageQueueNew)
    __arm_cp.0_0                             0x00000b70   Number         4  rtx_msgqueue.o(.text.osMessageQueueNew)
    [Anonymous Symbol]                       0x00000b74   Section        0  rtx_msgqueue.o(.text.osMessageQueuePut)
    __arm_cp.2_0                             0x00000be8   Number         4  rtx_msgqueue.o(.text.osMessageQueuePut)
    [Anonymous Symbol]                       0x00000bec   Section        0  rtx_mutex.o(.text.osMutexAcquire)
    __arm_cp.3_0                             0x00000c10   Number         4  rtx_mutex.o(.text.osMutexAcquire)
    [Anonymous Symbol]                       0x00000c14   Section        0  rtx_mutex.o(.text.osMutexDelete)
    __arm_cp.6_0                             0x00000c38   Number         4  rtx_mutex.o(.text.osMutexDelete)
    [Anonymous Symbol]                       0x00000c3c   Section        0  rtx_mutex.o(.text.osMutexNew)
    __arm_cp.1_0                             0x00000c5c   Number         4  rtx_mutex.o(.text.osMutexNew)
    [Anonymous Symbol]                       0x00000c60   Section        0  rtx_mutex.o(.text.osMutexRelease)
    __arm_cp.4_0                             0x00000c84   Number         4  rtx_mutex.o(.text.osMutexRelease)
    [Anonymous Symbol]                       0x00000c88   Section        0  rtx_kernel.o(.text.osRtxKernelPreInit)
    [Anonymous Symbol]                       0x00000c8a   Section        0  rtx_memory.o(.text.osRtxMemoryAlloc)
    [Anonymous Symbol]                       0x00000d06   Section        0  rtx_memory.o(.text.osRtxMemoryFree)
    [Anonymous Symbol]                       0x00000d54   Section        0  rtx_memory.o(.text.osRtxMemoryInit)
    [Anonymous Symbol]                       0x00000d86   Section        0  rtx_mempool.o(.text.osRtxMemoryPoolAlloc)
    [Anonymous Symbol]                       0x00000db4   Section        0  rtx_mempool.o(.text.osRtxMemoryPoolFree)
    [Anonymous Symbol]                       0x00000dee   Section        0  rtx_mempool.o(.text.osRtxMemoryPoolInit)
    [Anonymous Symbol]                       0x00000e2c   Section        0  rtx_msgqueue.o(.text.osRtxMessageQueuePostProcess)
    osRtxMessageQueuePostProcess             0x00000e2d   Thumb Code   188  rtx_msgqueue.o(.text.osRtxMessageQueuePostProcess)
    [Anonymous Symbol]                       0x00000ee8   Section        0  rtx_mutex.o(.text.osRtxMutexOwnerRelease)
    [Anonymous Symbol]                       0x00000f2c   Section        0  rtx_system.o(.text.osRtxPendSV_Handler)
    __arm_cp.1_0                             0x00000fa8   Number         4  rtx_system.o(.text.osRtxPendSV_Handler)
    [Anonymous Symbol]                       0x00000fac   Section        0  rtx_system.o(.text.osRtxPostProcess)
    __arm_cp.2_0                             0x00001010   Number         4  rtx_system.o(.text.osRtxPostProcess)
    __arm_cp.2_1                             0x00001014   Number         4  rtx_system.o(.text.osRtxPostProcess)
    [Anonymous Symbol]                       0x00001018   Section        0  rtx_semaphore.o(.text.osRtxSemaphorePostProcess)
    osRtxSemaphorePostProcess                0x00001019   Thumb Code    36  rtx_semaphore.o(.text.osRtxSemaphorePostProcess)
    [Anonymous Symbol]                       0x0000103c   Section        0  rtx_thread.o(.text.osRtxThreadBlock)
    osRtxThreadBlock                         0x0000103d   Thumb Code    56  rtx_thread.o(.text.osRtxThreadBlock)
    __arm_cp.10_0                            0x00001070   Number         4  rtx_thread.o(.text.osRtxThreadBlock)
    [Anonymous Symbol]                       0x00001074   Section        0  rtx_thread.o(.text.osRtxThreadDelayInsert)
    osRtxThreadDelayInsert                   0x00001075   Thumb Code   128  rtx_thread.o(.text.osRtxThreadDelayInsert)
    __arm_cp.14_0                            0x000010f0   Number         4  rtx_thread.o(.text.osRtxThreadDelayInsert)
    [Anonymous Symbol]                       0x000010f4   Section        0  rtx_thread.o(.text.osRtxThreadDelayRemove)
    osRtxThreadDelayRemove                   0x000010f5   Thumb Code    68  rtx_thread.o(.text.osRtxThreadDelayRemove)
    __arm_cp.12_0                            0x00001134   Number         4  rtx_thread.o(.text.osRtxThreadDelayRemove)
    [Anonymous Symbol]                       0x00001138   Section        0  rtx_thread.o(.text.osRtxThreadDelayTick)
    __arm_cp.5_0                             0x0000116c   Number         4  rtx_thread.o(.text.osRtxThreadDelayTick)
    [Anonymous Symbol]                       0x00001170   Section        0  rtx_thread.o(.text.osRtxThreadDispatch)
    __arm_cp.9_0                             0x000011bc   Number         4  rtx_thread.o(.text.osRtxThreadDispatch)
    [Anonymous Symbol]                       0x000011c0   Section        0  rtx_thread.o(.text.osRtxThreadFree)
    osRtxThreadFree                          0x000011c1   Thumb Code    84  rtx_thread.o(.text.osRtxThreadFree)
    __arm_cp.52_0                            0x00001210   Number         4  rtx_thread.o(.text.osRtxThreadFree)
    [Anonymous Symbol]                       0x00001214   Section        0  rtx_thread.o(.text.osRtxThreadListGet)
    [Anonymous Symbol]                       0x00001228   Section        0  rtx_thread.o(.text.osRtxThreadListPut)
    [Anonymous Symbol]                       0x00001254   Section        0  rtx_thread.o(.text.osRtxThreadListRemove)
    [Anonymous Symbol]                       0x0000126c   Section        0  rtx_thread.o(.text.osRtxThreadListSort)
    [Anonymous Symbol]                       0x00001292   Section        0  rtx_thread.o(.text.osRtxThreadPostProcess)
    osRtxThreadPostProcess                   0x00001293   Thumb Code    38  rtx_thread.o(.text.osRtxThreadPostProcess)
    [Anonymous Symbol]                       0x000012b8   Section        0  rtx_thread.o(.text.osRtxThreadReadyPut)
    __arm_cp.4_0                             0x000012cc   Number         4  rtx_thread.o(.text.osRtxThreadReadyPut)
    [Anonymous Symbol]                       0x000012d0   Section        0  rtx_thread.o(.text.osRtxThreadRegPtr)
    [Anonymous Symbol]                       0x000012d8   Section        0  rtx_thread.o(.text.osRtxThreadStackCheck)
    __arm_cp.8_0                             0x000012fc   Number         4  rtx_thread.o(.text.osRtxThreadStackCheck)
    __arm_cp.8_1                             0x00001300   Number         4  rtx_thread.o(.text.osRtxThreadStackCheck)
    [Anonymous Symbol]                       0x00001304   Section        0  rtx_thread.o(.text.osRtxThreadStartup)
    __arm_cp.15_0                            0x00001334   Number         4  rtx_thread.o(.text.osRtxThreadStartup)
    __arm_cp.15_1                            0x00001338   Number         4  rtx_thread.o(.text.osRtxThreadStartup)
    __arm_cp.15_2                            0x0000133c   Number         4  rtx_thread.o(.text.osRtxThreadStartup)
    __arm_cp.15_3                            0x00001340   Number         4  rtx_thread.o(.text.osRtxThreadStartup)
    [Anonymous Symbol]                       0x00001344   Section        0  rtx_thread.o(.text.osRtxThreadSwitch)
    __arm_cp.7_0                             0x00001354   Number         4  rtx_thread.o(.text.osRtxThreadSwitch)
    [Anonymous Symbol]                       0x00001358   Section        0  rtx_thread.o(.text.osRtxThreadWaitEnter)
    __arm_cp.13_0                            0x00001390   Number         4  rtx_thread.o(.text.osRtxThreadWaitEnter)
    [Anonymous Symbol]                       0x00001394   Section        0  rtx_thread.o(.text.osRtxThreadWaitExit)
    [Anonymous Symbol]                       0x000013b8   Section        0  rtx_system.o(.text.osRtxTick_Handler)
    __arm_cp.0_0                             0x00001428   Number         4  rtx_system.o(.text.osRtxTick_Handler)
    [Anonymous Symbol]                       0x0000142c   Section        0  rtx_timer.o(.text.osRtxTimerThread)
    __arm_cp.0_0                             0x0000145c   Number         4  rtx_timer.o(.text.osRtxTimerThread)
    __arm_cp.0_1                             0x00001460   Number         4  rtx_timer.o(.text.osRtxTimerThread)
    __arm_cp.0_2                             0x00001464   Number         4  rtx_timer.o(.text.osRtxTimerThread)
    [Anonymous Symbol]                       0x00001468   Section        0  rtx_timer.o(.text.osRtxTimerTick)
    osRtxTimerTick                           0x00001469   Thumb Code    96  rtx_timer.o(.text.osRtxTimerTick)
    __arm_cp.1_0                             0x000014c4   Number         4  rtx_timer.o(.text.osRtxTimerTick)
    [Anonymous Symbol]                       0x000014c8   Section        0  rtx_semaphore.o(.text.osSemaphoreNew)
    __arm_cp.0_0                             0x000014e8   Number         4  rtx_semaphore.o(.text.osSemaphoreNew)
    [Anonymous Symbol]                       0x000014ec   Section        0  rtx_semaphore.o(.text.osSemaphoreRelease)
    __arm_cp.3_0                             0x00001534   Number         4  rtx_semaphore.o(.text.osSemaphoreRelease)
    [Anonymous Symbol]                       0x00001538   Section        0  rtx_thread.o(.text.osThreadExit)
    __arm_cp.31_0                            0x00001540   Number         4  rtx_thread.o(.text.osThreadExit)
    [Anonymous Symbol]                       0x00001544   Section        0  rtx_thread.o(.text.osThreadNew)
    __arm_cp.17_0                            0x00001564   Number         4  rtx_thread.o(.text.osThreadNew)
    [Anonymous Symbol]                       0x00001568   Section        0  rtx_kernel.o(.text.svcRtxKernelGetState)
    svcRtxKernelGetState                     0x00001569   Thumb Code    12  rtx_kernel.o(.text.svcRtxKernelGetState)
    __arm_cp.5_0                             0x00001570   Number         4  rtx_kernel.o(.text.svcRtxKernelGetState)
    [Anonymous Symbol]                       0x00001574   Section        0  rtx_kernel.o(.text.svcRtxKernelInitialize)
    svcRtxKernelInitialize                   0x00001575   Thumb Code   328  rtx_kernel.o(.text.svcRtxKernelInitialize)
    __arm_cp.20_0                            0x000016b0   Number         4  rtx_kernel.o(.text.svcRtxKernelInitialize)
    __arm_cp.20_1                            0x000016b4   Number         4  rtx_kernel.o(.text.svcRtxKernelInitialize)
    __arm_cp.20_2                            0x000016b8   Number         4  rtx_kernel.o(.text.svcRtxKernelInitialize)
    [Anonymous Symbol]                       0x000016bc   Section        0  rtx_kernel.o(.text.svcRtxKernelStart)
    svcRtxKernelStart                        0x000016bd   Thumb Code   132  rtx_kernel.o(.text.svcRtxKernelStart)
    __arm_cp.21_0                            0x00001730   Number         4  rtx_kernel.o(.text.svcRtxKernelStart)
    __arm_cp.21_1                            0x00001734   Number         4  rtx_kernel.o(.text.svcRtxKernelStart)
    __arm_cp.21_2                            0x00001738   Number         4  rtx_kernel.o(.text.svcRtxKernelStart)
    __arm_cp.21_3                            0x0000173c   Number         4  rtx_kernel.o(.text.svcRtxKernelStart)
    [Anonymous Symbol]                       0x00001740   Section        0  rtx_msgqueue.o(.text.svcRtxMessageQueueGet)
    svcRtxMessageQueueGet                    0x00001741   Thumb Code   232  rtx_msgqueue.o(.text.svcRtxMessageQueueGet)
    __arm_cp.21_0                            0x00001824   Number         4  rtx_msgqueue.o(.text.svcRtxMessageQueueGet)
    [Anonymous Symbol]                       0x00001828   Section        0  rtx_msgqueue.o(.text.svcRtxMessageQueueNew)
    svcRtxMessageQueueNew                    0x00001829   Thumb Code   484  rtx_msgqueue.o(.text.svcRtxMessageQueueNew)
    __arm_cp.14_0                            0x000019f4   Number         4  rtx_msgqueue.o(.text.svcRtxMessageQueueNew)
    __arm_cp.14_1                            0x000019f8   Number         4  rtx_msgqueue.o(.text.svcRtxMessageQueueNew)
    __arm_cp.14_2                            0x000019fc   Number         4  rtx_msgqueue.o(.text.svcRtxMessageQueueNew)
    __arm_cp.14_3                            0x00001a00   Number         4  rtx_msgqueue.o(.text.svcRtxMessageQueueNew)
    __arm_cp.14_4                            0x00001a04   Number         4  rtx_msgqueue.o(.text.svcRtxMessageQueueNew)
    __arm_cp.14_5                            0x00001a08   Number         4  rtx_msgqueue.o(.text.svcRtxMessageQueueNew)
    [Anonymous Symbol]                       0x00001a0c   Section        0  rtx_msgqueue.o(.text.svcRtxMessageQueuePut)
    svcRtxMessageQueuePut                    0x00001a0d   Thumb Code   188  rtx_msgqueue.o(.text.svcRtxMessageQueuePut)
    __arm_cp.19_0                            0x00001ac4   Number         4  rtx_msgqueue.o(.text.svcRtxMessageQueuePut)
    [Anonymous Symbol]                       0x00001ac8   Section        0  rtx_mutex.o(.text.svcRtxMutexAcquire)
    svcRtxMutexAcquire                       0x00001ac9   Thumb Code   152  rtx_mutex.o(.text.svcRtxMutexAcquire)
    __arm_cp.9_0                             0x00001b5c   Number         4  rtx_mutex.o(.text.svcRtxMutexAcquire)
    [Anonymous Symbol]                       0x00001b60   Section        0  rtx_mutex.o(.text.svcRtxMutexDelete)
    svcRtxMutexDelete                        0x00001b61   Thumb Code   188  rtx_mutex.o(.text.svcRtxMutexDelete)
    __arm_cp.12_0                            0x00001c18   Number         4  rtx_mutex.o(.text.svcRtxMutexDelete)
    [Anonymous Symbol]                       0x00001c1c   Section        0  rtx_mutex.o(.text.svcRtxMutexNew)
    svcRtxMutexNew                           0x00001c1d   Thumb Code   112  rtx_mutex.o(.text.svcRtxMutexNew)
    __arm_cp.7_0                             0x00001c88   Number         4  rtx_mutex.o(.text.svcRtxMutexNew)
    [Anonymous Symbol]                       0x00001c8c   Section        0  rtx_mutex.o(.text.svcRtxMutexRelease)
    svcRtxMutexRelease                       0x00001c8d   Thumb Code   192  rtx_mutex.o(.text.svcRtxMutexRelease)
    __arm_cp.10_0                            0x00001d48   Number         4  rtx_mutex.o(.text.svcRtxMutexRelease)
    [Anonymous Symbol]                       0x00001d4c   Section        0  rtx_semaphore.o(.text.svcRtxSemaphoreNew)
    svcRtxSemaphoreNew                       0x00001d4d   Thumb Code   136  rtx_semaphore.o(.text.svcRtxSemaphoreNew)
    __arm_cp.7_0                             0x00001dc8   Number         4  rtx_semaphore.o(.text.svcRtxSemaphoreNew)
    __arm_cp.7_1                             0x00001dcc   Number         4  rtx_semaphore.o(.text.svcRtxSemaphoreNew)
    __arm_cp.7_2                             0x00001dd0   Number         4  rtx_semaphore.o(.text.svcRtxSemaphoreNew)
    [Anonymous Symbol]                       0x00001dd4   Section        0  rtx_semaphore.o(.text.svcRtxSemaphoreRelease)
    svcRtxSemaphoreRelease                   0x00001dd5   Thumb Code    56  rtx_semaphore.o(.text.svcRtxSemaphoreRelease)
    [Anonymous Symbol]                       0x00001e0c   Section        0  rtx_thread.o(.text.svcRtxThreadExit)
    svcRtxThreadExit                         0x00001e0d   Thumb Code   108  rtx_thread.o(.text.svcRtxThreadExit)
    __arm_cp.54_0                            0x00001e74   Number         4  rtx_thread.o(.text.svcRtxThreadExit)
    [Anonymous Symbol]                       0x00001e78   Section        0  rtx_thread.o(.text.svcRtxThreadNew)
    svcRtxThreadNew                          0x00001e79   Thumb Code   492  rtx_thread.o(.text.svcRtxThreadNew)
    __arm_cp.16_0                            0x0000204c   Number         4  rtx_thread.o(.text.svcRtxThreadNew)
    __arm_cp.16_1                            0x00002050   Number         4  rtx_thread.o(.text.svcRtxThreadNew)
    __arm_cp.16_2                            0x00002054   Number         4  rtx_thread.o(.text.svcRtxThreadNew)
    __arm_cp.16_3                            0x00002058   Number         4  rtx_thread.o(.text.svcRtxThreadNew)
    __arm_cp.16_4                            0x0000205c   Number         4  rtx_thread.o(.text.svcRtxThreadNew)
    __arm_cp.16_5                            0x00002060   Number         4  rtx_thread.o(.text.svcRtxThreadNew)
    i.PIT_IRQHandler                         0x00002064   Section        0  ultrasound.o(i.PIT_IRQHandler)
    i.SystemCoreClockUpdate                  0x00002088   Section        0  system_mkl25z4.o(i.SystemCoreClockUpdate)
    i.SystemInit                             0x00002218   Section        0  system_mkl25z4.o(i.SystemInit)
    i.TPM2_IRQHandler                        0x00002224   Section        0  ultrasound.o(i.TPM2_IRQHandler)
    i.UART2_Receive_Poll                     0x0000225c   Section        0  uart.o(i.UART2_Receive_Poll)
    i.__ARM_common_switch8                   0x00002274   Section        0  rtx_config.o(i.__ARM_common_switch8)
    i.__NVIC_ClearPendingIRQ                 0x00002290   Section        0  ultrasound.o(i.__NVIC_ClearPendingIRQ)
    __NVIC_ClearPendingIRQ                   0x00002291   Thumb Code    18  ultrasound.o(i.__NVIC_ClearPendingIRQ)
    i._mutex_acquire                         0x000022a8   Section        0  rtx_lib.o(i._mutex_acquire)
    __tagsym$$used                           0x000022a9   Number         0  rtx_lib.o(i._mutex_acquire)
    i._mutex_free                            0x000022c0   Section        0  rtx_lib.o(i._mutex_free)
    __tagsym$$used                           0x000022c1   Number         0  rtx_lib.o(i._mutex_free)
    i._mutex_initialize                      0x000022cc   Section        0  rtx_lib.o(i._mutex_initialize)
    __tagsym$$used                           0x000022cd   Number         0  rtx_lib.o(i._mutex_initialize)
    i._mutex_release                         0x000022f0   Section        0  rtx_lib.o(i._mutex_release)
    __tagsym$$used                           0x000022f1   Number         0  rtx_lib.o(i._mutex_release)
    i._platform_post_stackheap_init          0x00002304   Section        0  rtx_lib.o(i._platform_post_stackheap_init)
    i.clearTIF                               0x0000230c   Section        0  ultrasound.o(i.clearTIF)
    i.getDistance                            0x00002320   Section        0  ultrasound.o(i.getDistance)
    i.getTPMC1Value                          0x00002358   Section        0  ultrasound.o(i.getTPMC1Value)
    i.get_level                              0x00002364   Section        0  main.o(i.get_level)
    i.handle_UART                            0x00002398   Section        0  main.o(i.handle_UART)
    i.initMotor                              0x00002488   Section        0  motor.o(i.initMotor)
    i.initUART2                              0x00002614   Section        0  uart.o(i.initUART2)
    i.main                                   0x00002694   Section        0  main.o(i.main)
    i.motor_thread                           0x00002704   Section        0  main.o(i.motor_thread)
    i.osRtxErrorNotify                       0x00002724   Section        0  rtx_config.o(i.osRtxErrorNotify)
    i.osRtxIdleThread                        0x00002744   Section        0  rtx_config.o(i.osRtxIdleThread)
    i.os_kernel_is_active                    0x00002748   Section        0  rtx_lib.o(i.os_kernel_is_active)
    os_kernel_is_active                      0x00002749   Thumb Code    30  rtx_lib.o(i.os_kernel_is_active)
    i.resetTPM2                              0x0000276c   Section        0  ultrasound.o(i.resetTPM2)
    i.set_motors                             0x00002778   Section        0  motor.o(i.set_motors)
    i.startMeasure                           0x00002928   Section        0  ultrasound.o(i.startMeasure)
    i.startTPM2                              0x00002954   Section        0  ultrasound.o(i.startTPM2)
    i.stopTPM2                               0x00002968   Section        0  ultrasound.o(i.stopTPM2)
    i.timeToDistance                         0x0000297c   Section        0  ultrasound.o(i.timeToDistance)
    .constdata                               0x000029a8   Section      100  rtx_lib.o(.constdata)
    x$fpl$usenofp                            0x000029a8   Section        0  usenofp.o(x$fpl$usenofp)
    os_idle_thread_attr                      0x000029a8   Data          36  rtx_lib.o(.constdata)
    os_timer_thread_attr                     0x000029cc   Data          36  rtx_lib.o(.constdata)
    os_timer_mq_attr                         0x000029f0   Data          24  rtx_lib.o(.constdata)
    .constdata                               0x00002a0c   Section        1  irq_cm0.o(.constdata)
    .rodata                                  0x00002a10   Section      160  rtx_lib.o(.rodata)
    __tagsym$$used                           0x00002a10   Number         0  rtx_lib.o(.rodata)
    __tagsym$$used                           0x00002a78   Number         0  rtx_lib.o(.rodata)
    [Anonymous Symbol]                       0x00002ab0   Section        0  rtx_kernel.o(.rodata.str1.4)
    .L.str                                   0x00002ab0   Data          11  rtx_kernel.o(.rodata.str1.4)
    .bss.os                                  0x1ffff000   Section     4160  rtx_lib.o(.bss.os)
    os_mem                                   0x1ffff000   Data        4096  rtx_lib.o(.bss.os)
    os_isr_queue                             0x20000000   Data          64  rtx_lib.o(.bss.os)
    .bss.os.msgqueue.cb                      0x20000040   Section       52  rtx_lib.o(.bss.os.msgqueue.cb)
    os_timer_mq_cb                           0x20000040   Data          52  rtx_lib.o(.bss.os.msgqueue.cb)
    .bss.os.msgqueue.mem                     0x20000074   Section       80  rtx_lib.o(.bss.os.msgqueue.mem)
    os_timer_mq_data                         0x20000074   Data          80  rtx_lib.o(.bss.os.msgqueue.mem)
    .bss.os.thread.cb                        0x200000c4   Section      136  rtx_lib.o(.bss.os.thread.cb)
    os_idle_thread_cb                        0x200000c4   Data          68  rtx_lib.o(.bss.os.thread.cb)
    os_timer_thread_cb                       0x20000108   Data          68  rtx_lib.o(.bss.os.thread.cb)
    .bss.os.thread.stack                     0x20000150   Section      512  rtx_lib.o(.bss.os.thread.stack)
    os_idle_thread_stack                     0x20000150   Data         256  rtx_lib.o(.bss.os.thread.stack)
    os_timer_thread_stack                    0x20000250   Data         256  rtx_lib.o(.bss.os.thread.stack)
    .data                                    0x20000350   Section       16  main.o(.data)
    .data                                    0x20000360   Section       20  motor.o(.data)
    .data                                    0x20000374   Section       12  ultrasound.o(.data)
    .data                                    0x20000380   Section        5  rtx_lib.o(.data)
    os_kernel_active                         0x20000384   Data           1  rtx_lib.o(.data)
    .data                                    0x20000388   Section        4  system_mkl25z4.o(.data)
    .bss                                     0x20000430   Section       96  libspace.o(.bss)
    [Anonymous Symbol]                       0x20000490   Section        0  os_systick.o(.bss.PendST)
    PendST                                   0x20000490   Data           1  os_systick.o(.bss.PendST)
    HEAP                                     0x20000498   Section        0  startup_mkl25z4.o(HEAP)
    STACK                                    0x20000498   Section      256  startup_mkl25z4.o(STACK)
    Heap_Mem                                 0x20000498   Data           0  startup_mkl25z4.o(HEAP)
    Stack_Mem                                0x20000498   Data         256  startup_mkl25z4.o(STACK)
    __initial_sp                             0x20000598   Data           0  startup_mkl25z4.o(STACK)

    Global Symbols

    Symbol Name                              Value     Ov Type        Size  Object(Section)

    BuildAttributes$$THM_ISAv3M$S$PE$A:L22$X:L11$S22$IEEE1$IW$~IW$USESV6$~STKCKD$USESV7$~SHL$OSPACE$ROPI$EBA8$UX$STANDARDLIB$REQ8$PRES8$EABIv2 0x00000000   Number         0  anon$$obj.o ABSOLUTE
    __ARM_use_no_argv                        0x00000000   Number         0  main.o ABSOLUTE
    __Vectors                                0x00000000   Data           4  startup_mkl25z4.o(RESET)
    .bss.os.evflags.cb$$Base                  - Undefined Weak Reference
    .bss.os.evflags.cb$$Limit                 - Undefined Weak Reference
    .bss.os.mempool.cb$$Base                  - Undefined Weak Reference
    .bss.os.mempool.cb$$Limit                 - Undefined Weak Reference
    .bss.os.mutex.cb$$Base                    - Undefined Weak Reference
    .bss.os.mutex.cb$$Limit                   - Undefined Weak Reference
    .bss.os.semaphore.cb$$Base                - Undefined Weak Reference
    .bss.os.semaphore.cb$$Limit               - Undefined Weak Reference
    .bss.os.timer.cb$$Base                    - Undefined Weak Reference
    .bss.os.timer.cb$$Limit                   - Undefined Weak Reference
    __ARM_exceptions_init                     - Undefined Weak Reference
    __alloca_initialize                       - Undefined Weak Reference
    __arm_preinit_                            - Undefined Weak Reference
    __cpp_initialize__aeabi_                  - Undefined Weak Reference
    __cxa_finalize                            - Undefined Weak Reference
    __rt_locale                               - Undefined Weak Reference
    __sigvec_lookup                           - Undefined Weak Reference
    _atexit_init                              - Undefined Weak Reference
    _call_atexit_fns                          - Undefined Weak Reference
    _clock_init                               - Undefined Weak Reference
    _fp_trap_init                             - Undefined Weak Reference
    _fp_trap_shutdown                         - Undefined Weak Reference
    _get_lc_collate                           - Undefined Weak Reference
    _get_lc_ctype                             - Undefined Weak Reference
    _get_lc_monetary                          - Undefined Weak Reference
    _get_lc_numeric                           - Undefined Weak Reference
    _get_lc_time                              - Undefined Weak Reference
    _getenv_init                              - Undefined Weak Reference
    _handle_redirection                       - Undefined Weak Reference
    _init_alloc                               - Undefined Weak Reference
    _init_user_alloc                          - Undefined Weak Reference
    _initio                                   - Undefined Weak Reference
    _rand_init                                - Undefined Weak Reference
    _signal_finish                            - Undefined Weak Reference
    _signal_init                              - Undefined Weak Reference
    _terminate_alloc                          - Undefined Weak Reference
    _terminate_user_alloc                     - Undefined Weak Reference
    _terminateio                              - Undefined Weak Reference
    __Vectors_End                            0x000000c0   Data           0  startup_mkl25z4.o(RESET)
    __Vectors_Size                           0x000000c0   Number         0  startup_mkl25z4.o ABSOLUTE
    __main                                   0x000000c1   Thumb Code     8  __main.o(!!!main)
    __scatterload                            0x000000c9   Thumb Code     0  __scatter.o(!!!scatter)
    __scatterload_rt2                        0x000000c9   Thumb Code    52  __scatter.o(!!!scatter)
    __scatterload_rt2_thumb_only             0x000000c9   Thumb Code     0  __scatter.o(!!!scatter)
    __scatterload_null                       0x000000d9   Thumb Code     0  __scatter.o(!!!scatter)
    __scatterload_zeroinit                   0x00000105   Thumb Code    28  __scatter_zi.o(!!handler_zi)
    __rt_lib_init                            0x00000121   Thumb Code     0  libinit.o(.ARM.Collect$$libinit$$00000000)
    __rt_lib_init_alloca_1                   0x00000123   Thumb Code     0  libinit2.o(.ARM.Collect$$libinit$$0000002E)
    __rt_lib_init_argv_1                     0x00000123   Thumb Code     0  libinit2.o(.ARM.Collect$$libinit$$0000002C)
    __rt_lib_init_atexit_1                   0x00000123   Thumb Code     0  libinit2.o(.ARM.Collect$$libinit$$0000001B)
    __rt_lib_init_clock_1                    0x00000123   Thumb Code     0  libinit2.o(.ARM.Collect$$libinit$$00000021)
    __rt_lib_init_cpp_1                      0x00000123   Thumb Code     0  libinit2.o(.ARM.Collect$$libinit$$00000032)
    __rt_lib_init_exceptions_1               0x00000123   Thumb Code     0  libinit2.o(.ARM.Collect$$libinit$$00000030)
    __rt_lib_init_fp_1                       0x00000123   Thumb Code     0  libinit2.o(.ARM.Collect$$libinit$$00000002)
    __rt_lib_init_fp_trap_1                  0x00000123   Thumb Code     0  libinit2.o(.ARM.Collect$$libinit$$0000001F)
    __rt_lib_init_getenv_1                   0x00000123   Thumb Code     0  libinit2.o(.ARM.Collect$$libinit$$00000023)
    __rt_lib_init_heap_1                     0x00000123   Thumb Code     0  libinit2.o(.ARM.Collect$$libinit$$0000000A)
    __rt_lib_init_lc_collate_1               0x00000123   Thumb Code     0  libinit2.o(.ARM.Collect$$libinit$$00000011)
    __rt_lib_init_lc_ctype_1                 0x00000123   Thumb Code     0  libinit2.o(.ARM.Collect$$libinit$$00000013)
    __rt_lib_init_lc_monetary_1              0x00000123   Thumb Code     0  libinit2.o(.ARM.Collect$$libinit$$00000015)
    __rt_lib_init_lc_numeric_1               0x00000123   Thumb Code     0  libinit2.o(.ARM.Collect$$libinit$$00000017)
    __rt_lib_init_lc_time_1                  0x00000123   Thumb Code     0  libinit2.o(.ARM.Collect$$libinit$$00000019)
    __rt_lib_init_preinit_1                  0x00000123   Thumb Code     0  libinit2.o(.ARM.Collect$$libinit$$00000004)
    __rt_lib_init_rand_1                     0x00000123   Thumb Code     0  libinit2.o(.ARM.Collect$$libinit$$0000000E)
    __rt_lib_init_return                     0x00000123   Thumb Code     0  libinit2.o(.ARM.Collect$$libinit$$00000033)
    __rt_lib_init_signal_1                   0x00000123   Thumb Code     0  libinit2.o(.ARM.Collect$$libinit$$0000001D)
    __rt_lib_init_stdio_1                    0x00000123   Thumb Code     0  libinit2.o(.ARM.Collect$$libinit$$00000025)
    __rt_lib_init_user_alloc_1               0x00000123   Thumb Code     0  libinit2.o(.ARM.Collect$$libinit$$0000000C)
    __rt_lib_shutdown                        0x00000125   Thumb Code     0  libshutdown.o(.ARM.Collect$$libshutdown$$00000000)
    __rt_lib_shutdown_cpp_1                  0x00000127   Thumb Code     0  libshutdown2.o(.ARM.Collect$$libshutdown$$00000002)
    __rt_lib_shutdown_fp_trap_1              0x00000127   Thumb Code     0  libshutdown2.o(.ARM.Collect$$libshutdown$$00000007)
    __rt_lib_shutdown_heap_1                 0x00000127   Thumb Code     0  libshutdown2.o(.ARM.Collect$$libshutdown$$0000000F)
    __rt_lib_shutdown_return                 0x00000127   Thumb Code     0  libshutdown2.o(.ARM.Collect$$libshutdown$$00000010)
    __rt_lib_shutdown_signal_1               0x00000127   Thumb Code     0  libshutdown2.o(.ARM.Collect$$libshutdown$$0000000A)
    __rt_lib_shutdown_stdio_1                0x00000127   Thumb Code     0  libshutdown2.o(.ARM.Collect$$libshutdown$$00000004)
    __rt_lib_shutdown_user_alloc_1           0x00000127   Thumb Code     0  libshutdown2.o(.ARM.Collect$$libshutdown$$0000000C)
    __rt_entry                               0x00000129   Thumb Code     0  __rtentry.o(.ARM.Collect$$rtentry$$00000000)
    __rt_entry_presh_1                       0x00000129   Thumb Code     0  __rtentry2.o(.ARM.Collect$$rtentry$$00000002)
    __rt_entry_sh                            0x00000129   Thumb Code     0  __rtentry4.o(.ARM.Collect$$rtentry$$00000004)
    __rt_entry_postsh_1                      0x0000012f   Thumb Code     0  __rtentry2.o(.ARM.Collect$$rtentry$$00000008)
    __rt_entry_li                            0x00000137   Thumb Code     0  __rtentry2.o(.ARM.Collect$$rtentry$$0000000A)
    __rt_entry_main                          0x0000013b   Thumb Code     0  __rtentry2.o(.ARM.Collect$$rtentry$$0000000D)
    __rt_entry_postli_1                      0x0000013b   Thumb Code     0  __rtentry2.o(.ARM.Collect$$rtentry$$0000000C)
    __rt_exit                                0x00000143   Thumb Code     0  rtexit.o(.ARM.Collect$$rtexit$$00000000)
    __rt_exit_ls                             0x00000145   Thumb Code     0  rtexit2.o(.ARM.Collect$$rtexit$$00000003)
    __rt_exit_prels_1                        0x00000145   Thumb Code     0  rtexit2.o(.ARM.Collect$$rtexit$$00000002)
    __rt_exit_exit                           0x00000149   Thumb Code     0  rtexit2.o(.ARM.Collect$$rtexit$$00000004)
    __aeabi_memcpy4                          0x00000151   Thumb Code    56  rt_memcpy.o(.emb_text)
    __aeabi_memcpy8                          0x00000151   Thumb Code     0  rt_memcpy.o(.emb_text)
    Reset_Handler                            0x00000189   Thumb Code    12  startup_mkl25z4.o(.text)
    NMI_Handler                              0x00000195   Thumb Code     2  startup_mkl25z4.o(.text)
    HardFault_Handler                        0x00000197   Thumb Code     2  startup_mkl25z4.o(.text)
    ADC0_IRQHandler                          0x0000019f   Thumb Code     0  startup_mkl25z4.o(.text)
    CMP0_IRQHandler                          0x0000019f   Thumb Code     0  startup_mkl25z4.o(.text)
    DAC0_IRQHandler                          0x0000019f   Thumb Code     0  startup_mkl25z4.o(.text)
    DMA0_IRQHandler                          0x0000019f   Thumb Code     0  startup_mkl25z4.o(.text)
    DMA1_IRQHandler                          0x0000019f   Thumb Code     0  startup_mkl25z4.o(.text)
    DMA2_IRQHandler                          0x0000019f   Thumb Code     0  startup_mkl25z4.o(.text)
    DMA3_IRQHandler                          0x0000019f   Thumb Code     0  startup_mkl25z4.o(.text)
    DefaultISR                               0x0000019f   Thumb Code     0  startup_mkl25z4.o(.text)
    FTFA_IRQHandler                          0x0000019f   Thumb Code     0  startup_mkl25z4.o(.text)
    I2C0_IRQHandler                          0x0000019f   Thumb Code     0  startup_mkl25z4.o(.text)
    I2C1_IRQHandler                          0x0000019f   Thumb Code     0  startup_mkl25z4.o(.text)
    LLWU_IRQHandler                          0x0000019f   Thumb Code     0  startup_mkl25z4.o(.text)
    LPTMR0_IRQHandler                        0x0000019f   Thumb Code     0  startup_mkl25z4.o(.text)
    LVD_LVW_IRQHandler                       0x0000019f   Thumb Code     0  startup_mkl25z4.o(.text)
    MCG_IRQHandler                           0x0000019f   Thumb Code     0  startup_mkl25z4.o(.text)
    PORTA_IRQHandler                         0x0000019f   Thumb Code     0  startup_mkl25z4.o(.text)
    PORTD_IRQHandler                         0x0000019f   Thumb Code     0  startup_mkl25z4.o(.text)
    RTC_IRQHandler                           0x0000019f   Thumb Code     0  startup_mkl25z4.o(.text)
    RTC_Seconds_IRQHandler                   0x0000019f   Thumb Code     0  startup_mkl25z4.o(.text)
    Reserved20_IRQHandler                    0x0000019f   Thumb Code     0  startup_mkl25z4.o(.text)
    Reserved39_IRQHandler                    0x0000019f   Thumb Code     0  startup_mkl25z4.o(.text)
    Reserved45_IRQHandler                    0x0000019f   Thumb Code     0  startup_mkl25z4.o(.text)
    SPI0_IRQHandler                          0x0000019f   Thumb Code     0  startup_mkl25z4.o(.text)
    SPI1_IRQHandler                          0x0000019f   Thumb Code     0  startup_mkl25z4.o(.text)
    TPM0_IRQHandler                          0x0000019f   Thumb Code     0  startup_mkl25z4.o(.text)
    TPM1_IRQHandler                          0x0000019f   Thumb Code     0  startup_mkl25z4.o(.text)
    TSI0_IRQHandler                          0x0000019f   Thumb Code     0  startup_mkl25z4.o(.text)
    UART0_IRQHandler                         0x0000019f   Thumb Code     0  startup_mkl25z4.o(.text)
    UART1_IRQHandler                         0x0000019f   Thumb Code     0  startup_mkl25z4.o(.text)
    UART2_IRQHandler                         0x0000019f   Thumb Code     0  startup_mkl25z4.o(.text)
    USB0_IRQHandler                          0x0000019f   Thumb Code     0  startup_mkl25z4.o(.text)
    __user_initial_stackheap                 0x000001a5   Thumb Code     0  startup_mkl25z4.o(.text)
    SVC_Handler                              0x000001c9   Thumb Code   132  irq_cm0.o(.text)
    PendSV_Handler                           0x0000024d   Thumb Code    12  irq_cm0.o(.text)
    SysTick_Handler                          0x00000259   Thumb Code    12  irq_cm0.o(.text)
    __aeabi_memcpy                           0x0000026d   Thumb Code   130  rt_memcpy.o(.text)
    __rt_memcpy                              0x0000026d   Thumb Code     0  rt_memcpy.o(.text)
    _memset_w                                0x000002ef   Thumb Code    26  rt_memclr.o(.text)
    _memset                                  0x00000309   Thumb Code    30  rt_memclr.o(.text)
    __aeabi_memclr                           0x00000327   Thumb Code     4  rt_memclr.o(.text)
    __rt_memclr                              0x00000327   Thumb Code     0  rt_memclr.o(.text)
    __aeabi_memclr4                          0x0000032b   Thumb Code     0  rt_memclr.o(.text)
    __aeabi_memclr8                          0x0000032b   Thumb Code     0  rt_memclr.o(.text)
    __rt_memclr_w                            0x0000032b   Thumb Code     4  rt_memclr.o(.text)
    __use_two_region_memory                  0x0000032f   Thumb Code     2  heapauxi.o(.text)
    __rt_heap_escrow$2region                 0x00000331   Thumb Code     2  heapauxi.o(.text)
    __rt_heap_expand$2region                 0x00000333   Thumb Code     2  heapauxi.o(.text)
    __aeabi_d2uiz                            0x00000335   Thumb Code     0  dfixui.o(.text)
    _dfixu                                   0x00000335   Thumb Code    68  dfixui.o(.text)
    __aeabi_i2d_normalise                    0x0000037d   Thumb Code    66  dflti.o(.text)
    __aeabi_i2d                              0x000003bf   Thumb Code    16  dflti.o(.text)
    _dflt                                    0x000003bf   Thumb Code     0  dflti.o(.text)
    __aeabi_ui2d                             0x000003cf   Thumb Code     6  dflti.o(.text)
    _dfltu                                   0x000003cf   Thumb Code     0  dflti.o(.text)
    exit                                     0x000003d5   Thumb Code    16  exit.o(.text)
    __user_libspace                          0x000003e5   Thumb Code     8  libspace.o(.text)
    __user_perproc_libspace                  0x000003e5   Thumb Code     0  libspace.o(.text)
    _sys_exit                                0x000003ed   Thumb Code     8  sys_exit.o(.text)
    __I$use$semihosting                      0x000003f9   Thumb Code     0  use_no_semi.o(.text)
    __use_no_semihosting_swi                 0x000003f9   Thumb Code     2  use_no_semi.o(.text)
    OS_Tick_GetIRQn                          0x000003fb   Thumb Code     6  os_systick.o(.text.OS_Tick_GetIRQn)
    __semihosting_library_function           0x000003fb   Thumb Code     0  indicate_semi.o(.text)
    __aeabi_uidiv                            0x00000411   Thumb Code     0  aeabi_sdiv.o(.text)
    __aeabi_uidivmod                         0x00000411   Thumb Code    20  aeabi_sdiv.o(.text)
    __aeabi_idiv                             0x00000425   Thumb Code     0  aeabi_sdiv.o(.text)
    __aeabi_idivmod                          0x00000425   Thumb Code   326  aeabi_sdiv.o(.text)
    __aeabi_dmul                             0x0000056d   Thumb Code     0  dmul.o(.text)
    _dmul                                    0x0000056d   Thumb Code   558  dmul.o(.text)
    __user_setup_stackheap                   0x000007b5   Thumb Code    62  sys_stackheap_outer.o(.text)
    __decompress                             0x000007f3   Thumb Code     0  __dczerorl.o(.text)
    __decompress0                            0x000007f3   Thumb Code    58  __dczerorl.o(.text)
    OS_Tick_AcknowledgeIRQ                   0x000008f9   Thumb Code    12  os_systick.o(.text.OS_Tick_AcknowledgeIRQ)
    OS_Tick_Enable                           0x00000905   Thumb Code    44  os_systick.o(.text.OS_Tick_Enable)
    OS_Tick_Setup                            0x00000931   Thumb Code    76  os_systick.o(.text.OS_Tick_Setup)
    osKernelGetState                         0x00000a61   Thumb Code    48  rtx_kernel.o(.text.osKernelGetState)
    osKernelInitialize                       0x00000a91   Thumb Code    40  rtx_kernel.o(.text.osKernelInitialize)
    osKernelStart                            0x00000ab9   Thumb Code    36  rtx_kernel.o(.text.osKernelStart)
    osMessageQueueGet                        0x00000add   Thumb Code   116  rtx_msgqueue.o(.text.osMessageQueueGet)
    osMessageQueueNew                        0x00000b51   Thumb Code    36  rtx_msgqueue.o(.text.osMessageQueueNew)
    osMessageQueuePut                        0x00000b75   Thumb Code   120  rtx_msgqueue.o(.text.osMessageQueuePut)
    osMutexAcquire                           0x00000bed   Thumb Code    40  rtx_mutex.o(.text.osMutexAcquire)
    osMutexDelete                            0x00000c15   Thumb Code    40  rtx_mutex.o(.text.osMutexDelete)
    osMutexNew                               0x00000c3d   Thumb Code    36  rtx_mutex.o(.text.osMutexNew)
    osMutexRelease                           0x00000c61   Thumb Code    40  rtx_mutex.o(.text.osMutexRelease)
    osRtxKernelPreInit                       0x00000c89   Thumb Code     2  rtx_kernel.o(.text.osRtxKernelPreInit)
    osRtxMemoryAlloc                         0x00000c8b   Thumb Code   124  rtx_memory.o(.text.osRtxMemoryAlloc)
    osRtxMemoryFree                          0x00000d07   Thumb Code    78  rtx_memory.o(.text.osRtxMemoryFree)
    osRtxMemoryInit                          0x00000d55   Thumb Code    50  rtx_memory.o(.text.osRtxMemoryInit)
    osRtxMemoryPoolAlloc                     0x00000d87   Thumb Code    46  rtx_mempool.o(.text.osRtxMemoryPoolAlloc)
    osRtxMemoryPoolFree                      0x00000db5   Thumb Code    58  rtx_mempool.o(.text.osRtxMemoryPoolFree)
    osRtxMemoryPoolInit                      0x00000def   Thumb Code    62  rtx_mempool.o(.text.osRtxMemoryPoolInit)
    osRtxMutexOwnerRelease                   0x00000ee9   Thumb Code    68  rtx_mutex.o(.text.osRtxMutexOwnerRelease)
    osRtxPendSV_Handler                      0x00000f2d   Thumb Code   128  rtx_system.o(.text.osRtxPendSV_Handler)
    osRtxPostProcess                         0x00000fad   Thumb Code   108  rtx_system.o(.text.osRtxPostProcess)
    osRtxThreadDelayTick                     0x00001139   Thumb Code    56  rtx_thread.o(.text.osRtxThreadDelayTick)
    osRtxThreadDispatch                      0x00001171   Thumb Code    80  rtx_thread.o(.text.osRtxThreadDispatch)
    osRtxThreadListGet                       0x00001215   Thumb Code    20  rtx_thread.o(.text.osRtxThreadListGet)
    osRtxThreadListPut                       0x00001229   Thumb Code    44  rtx_thread.o(.text.osRtxThreadListPut)
    osRtxThreadListRemove                    0x00001255   Thumb Code    24  rtx_thread.o(.text.osRtxThreadListRemove)
    osRtxThreadListSort                      0x0000126d   Thumb Code    38  rtx_thread.o(.text.osRtxThreadListSort)
    osRtxThreadReadyPut                      0x000012b9   Thumb Code    24  rtx_thread.o(.text.osRtxThreadReadyPut)
    osRtxThreadRegPtr                        0x000012d1   Thumb Code     6  rtx_thread.o(.text.osRtxThreadRegPtr)
    osRtxThreadStackCheck                    0x000012d9   Thumb Code    44  rtx_thread.o(.text.osRtxThreadStackCheck)
    osRtxThreadStartup                       0x00001305   Thumb Code    64  rtx_thread.o(.text.osRtxThreadStartup)
    osRtxThreadSwitch                        0x00001345   Thumb Code    20  rtx_thread.o(.text.osRtxThreadSwitch)
    osRtxThreadWaitEnter                     0x00001359   Thumb Code    60  rtx_thread.o(.text.osRtxThreadWaitEnter)
    osRtxThreadWaitExit                      0x00001395   Thumb Code    34  rtx_thread.o(.text.osRtxThreadWaitExit)
    osRtxTick_Handler                        0x000013b9   Thumb Code   116  rtx_system.o(.text.osRtxTick_Handler)
    osRtxTimerThread                         0x0000142d   Thumb Code    60  rtx_timer.o(.text.osRtxTimerThread)
    osSemaphoreNew                           0x000014c9   Thumb Code    36  rtx_semaphore.o(.text.osSemaphoreNew)
    osSemaphoreRelease                       0x000014ed   Thumb Code    76  rtx_semaphore.o(.text.osSemaphoreRelease)
    osThreadExit                             0x00001539   Thumb Code    12  rtx_thread.o(.text.osThreadExit)
    osThreadNew                              0x00001545   Thumb Code    36  rtx_thread.o(.text.osThreadNew)
    PIT_IRQHandler                           0x00002065   Thumb Code    30  ultrasound.o(i.PIT_IRQHandler)
    SystemCoreClockUpdate                    0x00002089   Thumb Code   372  system_mkl25z4.o(i.SystemCoreClockUpdate)
    SystemInit                               0x00002219   Thumb Code     8  system_mkl25z4.o(i.SystemInit)
    TPM2_IRQHandler                          0x00002225   Thumb Code    52  ultrasound.o(i.TPM2_IRQHandler)
    UART2_Receive_Poll                       0x0000225d   Thumb Code    20  uart.o(i.UART2_Receive_Poll)
    __ARM_common_switch8                     0x00002275   Thumb Code    28  rtx_config.o(i.__ARM_common_switch8)
    _mutex_acquire                           0x000022a9   Thumb Code    24  rtx_lib.o(i._mutex_acquire)
    _mutex_free                              0x000022c1   Thumb Code    12  rtx_lib.o(i._mutex_free)
    _mutex_initialize                        0x000022cd   Thumb Code    36  rtx_lib.o(i._mutex_initialize)
    _mutex_release                           0x000022f1   Thumb Code    20  rtx_lib.o(i._mutex_release)
    _platform_post_stackheap_init            0x00002305   Thumb Code     8  rtx_lib.o(i._platform_post_stackheap_init)
    clearTIF                                 0x0000230d   Thumb Code    16  ultrasound.o(i.clearTIF)
    getDistance                              0x00002321   Thumb Code    52  ultrasound.o(i.getDistance)
    getTPMC1Value                            0x00002359   Thumb Code     6  ultrasound.o(i.getTPMC1Value)
    get_level                                0x00002365   Thumb Code    50  main.o(i.get_level)
    handle_UART                              0x00002399   Thumb Code   228  main.o(i.handle_UART)
    initMotor                                0x00002489   Thumb Code   370  motor.o(i.initMotor)
    initUART2                                0x00002615   Thumb Code   116  uart.o(i.initUART2)
    main                                     0x00002695   Thumb Code    92  main.o(i.main)
    motor_thread                             0x00002705   Thumb Code    28  main.o(i.motor_thread)
    osRtxErrorNotify                         0x00002725   Thumb Code    32  rtx_config.o(i.osRtxErrorNotify)
    osRtxIdleThread                          0x00002745   Thumb Code     4  rtx_config.o(i.osRtxIdleThread)
    resetTPM2                                0x0000276d   Thumb Code     8  ultrasound.o(i.resetTPM2)
    set_motors                               0x00002779   Thumb Code   392  motor.o(i.set_motors)
    startMeasure                             0x00002929   Thumb Code    40  ultrasound.o(i.startMeasure)
    startTPM2                                0x00002955   Thumb Code    14  ultrasound.o(i.startTPM2)
    stopTPM2                                 0x00002969   Thumb Code    14  ultrasound.o(i.stopTPM2)
    timeToDistance                           0x0000297d   Thumb Code    30  ultrasound.o(i.timeToDistance)
    __I$use$fp                               0x000029a8   Number         0  usenofp.o(x$fpl$usenofp)
    osRtxUserSVC                             0x00002a08   Data           4  rtx_lib.o(.constdata)
    irqRtxLib                                0x00002a0c   Data           1  irq_cm0.o(.constdata)
    osRtxConfig                              0x00002a10   Data         104  rtx_lib.o(.rodata)
    os_cb_sections                           0x00002a78   Data          56  rtx_lib.o(.rodata)
    Region$$Table$$Base                      0x00002abc   Number         0  anon$$obj.o(Region$$Table)
    Region$$Table$$Limit                     0x00002adc   Number         0  anon$$obj.o(Region$$Table)
    .bss.os.msgqueue.cb$$Base                0x20000040   Number         0  rtx_lib.o(.bss.os.msgqueue.cb)
    .bss.os.msgqueue.cb$$Limit               0x20000074   Number         0  rtx_lib.o(.bss.os.msgqueue.cb)
    .bss.os.thread.cb$$Base                  0x200000c4   Number         0  rtx_lib.o(.bss.os.thread.cb)
    .bss.os.thread.cb$$Limit                 0x2000014c   Number         0  rtx_lib.o(.bss.os.thread.cb)
    isAuto                                   0x20000350   Data           4  main.o(.data)
    motorMQ                                  0x20000354   Data           4  main.o(.data)
    autoModeSemaphore                        0x20000358   Data           4  main.o(.data)
    ultrasonicSemaphore                      0x2000035c   Data           4  main.o(.data)
    straight_level                           0x20000360   Data           1  motor.o(.data)
    side_level                               0x20000361   Data           1  motor.o(.data)
    f_b_dir                                  0x20000362   Data           1  motor.o(.data)
    l_r_dir                                  0x20000363   Data           1  motor.o(.data)
    CUR_TPM1_C0V                             0x20000364   Data           4  motor.o(.data)
    CUR_TPM1_C1V                             0x20000368   Data           4  motor.o(.data)
    CUR_TPM0_C1V                             0x2000036c   Data           4  motor.o(.data)
    CUR_TPM0_C0V                             0x20000370   Data           4  motor.o(.data)
    ultra_dist                               0x20000374   Data           4  ultrasound.o(.data)
    echo_is_on                               0x20000378   Data           4  ultrasound.o(.data)
    pit_ldval                                0x2000037c   Data           4  ultrasound.o(.data)
    irqRtxLibRef                             0x20000380   Data           4  rtx_lib.o(.data)
    SystemCoreClock                          0x20000388   Data           4  system_mkl25z4.o(.data)
    osRtxInfo                                0x2000038c   Data         164  rtx_kernel.o(.data.os)
    __libspace_start                         0x20000430   Data          96  libspace.o(.bss)
    __temporary_stack_top$libspace           0x20000490   Data           0  libspace.o(.bss)



==============================================================================

Memory Map of the image

  Image Entry point : 0x00000189

  Load Region LR_1 (Base: 0x00000000, Size: 0x00003f0c, Max: 0xffffffff, ABSOLUTE, COMPRESSED[0x00002b1c])

    Execution Region ER_RO (Exec base: 0x00000000, Load base: 0x00000000, Size: 0x00002adc, Max: 0xffffffff, ABSOLUTE)

    Exec Addr    Load Addr    Size         Type   Attr      Idx    E Section Name        Object

    0x00000000   0x00000000   0x000000c0   Data   RO          491    RESET               startup_mkl25z4.o
    0x000000c0   0x000000c0   0x00000008   Code   RO         1031  * !!!main             c_p.l(__main.o)
    0x000000c8   0x000000c8   0x0000003c   Code   RO         1207    !!!scatter          c_p.l(__scatter.o)
    0x00000104   0x00000104   0x0000001c   Code   RO         1209    !!handler_zi        c_p.l(__scatter_zi.o)
    0x00000120   0x00000120   0x00000002   Code   RO         1074    .ARM.Collect$$libinit$$00000000  c_p.l(libinit.o)
    0x00000122   0x00000122   0x00000000   Code   RO         1088    .ARM.Collect$$libinit$$00000002  c_p.l(libinit2.o)
    0x00000122   0x00000122   0x00000000   Code   RO         1090    .ARM.Collect$$libinit$$00000004  c_p.l(libinit2.o)
    0x00000122   0x00000122   0x00000000   Code   RO         1093    .ARM.Collect$$libinit$$0000000A  c_p.l(libinit2.o)
    0x00000122   0x00000122   0x00000000   Code   RO         1095    .ARM.Collect$$libinit$$0000000C  c_p.l(libinit2.o)
    0x00000122   0x00000122   0x00000000   Code   RO         1097    .ARM.Collect$$libinit$$0000000E  c_p.l(libinit2.o)
    0x00000122   0x00000122   0x00000000   Code   RO         1100    .ARM.Collect$$libinit$$00000011  c_p.l(libinit2.o)
    0x00000122   0x00000122   0x00000000   Code   RO         1102    .ARM.Collect$$libinit$$00000013  c_p.l(libinit2.o)
    0x00000122   0x00000122   0x00000000   Code   RO         1104    .ARM.Collect$$libinit$$00000015  c_p.l(libinit2.o)
    0x00000122   0x00000122   0x00000000   Code   RO         1106    .ARM.Collect$$libinit$$00000017  c_p.l(libinit2.o)
    0x00000122   0x00000122   0x00000000   Code   RO         1108    .ARM.Collect$$libinit$$00000019  c_p.l(libinit2.o)
    0x00000122   0x00000122   0x00000000   Code   RO         1110    .ARM.Collect$$libinit$$0000001B  c_p.l(libinit2.o)
    0x00000122   0x00000122   0x00000000   Code   RO         1112    .ARM.Collect$$libinit$$0000001D  c_p.l(libinit2.o)
    0x00000122   0x00000122   0x00000000   Code   RO         1114    .ARM.Collect$$libinit$$0000001F  c_p.l(libinit2.o)
    0x00000122   0x00000122   0x00000000   Code   RO         1116    .ARM.Collect$$libinit$$00000021  c_p.l(libinit2.o)
    0x00000122   0x00000122   0x00000000   Code   RO         1118    .ARM.Collect$$libinit$$00000023  c_p.l(libinit2.o)
    0x00000122   0x00000122   0x00000000   Code   RO         1120    .ARM.Collect$$libinit$$00000025  c_p.l(libinit2.o)
    0x00000122   0x00000122   0x00000000   Code   RO         1124    .ARM.Collect$$libinit$$0000002C  c_p.l(libinit2.o)
    0x00000122   0x00000122   0x00000000   Code   RO         1126    .ARM.Collect$$libinit$$0000002E  c_p.l(libinit2.o)
    0x00000122   0x00000122   0x00000000   Code   RO         1128    .ARM.Collect$$libinit$$00000030  c_p.l(libinit2.o)
    0x00000122   0x00000122   0x00000000   Code   RO         1130    .ARM.Collect$$libinit$$00000032  c_p.l(libinit2.o)
    0x00000122   0x00000122   0x00000002   Code   RO         1131    .ARM.Collect$$libinit$$00000033  c_p.l(libinit2.o)
    0x00000124   0x00000124   0x00000002   Code   RO         1162    .ARM.Collect$$libshutdown$$00000000  c_p.l(libshutdown.o)
    0x00000126   0x00000126   0x00000000   Code   RO         1188    .ARM.Collect$$libshutdown$$00000002  c_p.l(libshutdown2.o)
    0x00000126   0x00000126   0x00000000   Code   RO         1190    .ARM.Collect$$libshutdown$$00000004  c_p.l(libshutdown2.o)
    0x00000126   0x00000126   0x00000000   Code   RO         1193    .ARM.Collect$$libshutdown$$00000007  c_p.l(libshutdown2.o)
    0x00000126   0x00000126   0x00000000   Code   RO         1196    .ARM.Collect$$libshutdown$$0000000A  c_p.l(libshutdown2.o)
    0x00000126   0x00000126   0x00000000   Code   RO         1198    .ARM.Collect$$libshutdown$$0000000C  c_p.l(libshutdown2.o)
    0x00000126   0x00000126   0x00000000   Code   RO         1201    .ARM.Collect$$libshutdown$$0000000F  c_p.l(libshutdown2.o)
    0x00000126   0x00000126   0x00000002   Code   RO         1202    .ARM.Collect$$libshutdown$$00000010  c_p.l(libshutdown2.o)
    0x00000128   0x00000128   0x00000000   Code   RO         1039    .ARM.Collect$$rtentry$$00000000  c_p.l(__rtentry.o)
    0x00000128   0x00000128   0x00000000   Code   RO         1046    .ARM.Collect$$rtentry$$00000002  c_p.l(__rtentry2.o)
    0x00000128   0x00000128   0x00000006   Code   RO         1058    .ARM.Collect$$rtentry$$00000004  c_p.l(__rtentry4.o)
    0x0000012e   0x0000012e   0x00000008   Code   RO         1047    .ARM.Collect$$rtentry$$00000008  c_p.l(__rtentry2.o)
    0x00000136   0x00000136   0x00000004   Code   RO         1049    .ARM.Collect$$rtentry$$0000000A  c_p.l(__rtentry2.o)
    0x0000013a   0x0000013a   0x00000000   Code   RO         1051    .ARM.Collect$$rtentry$$0000000C  c_p.l(__rtentry2.o)
    0x0000013a   0x0000013a   0x00000008   Code   RO         1052    .ARM.Collect$$rtentry$$0000000D  c_p.l(__rtentry2.o)
    0x00000142   0x00000142   0x00000002   Code   RO         1079    .ARM.Collect$$rtexit$$00000000  c_p.l(rtexit.o)
    0x00000144   0x00000144   0x00000000   Code   RO         1135    .ARM.Collect$$rtexit$$00000002  c_p.l(rtexit2.o)
    0x00000144   0x00000144   0x00000004   Code   RO         1136    .ARM.Collect$$rtexit$$00000003  c_p.l(rtexit2.o)
    0x00000148   0x00000148   0x00000006   Code   RO         1137    .ARM.Collect$$rtexit$$00000004  c_p.l(rtexit2.o)
    0x0000014e   0x0000014e   0x00000002   PAD
    0x00000150   0x00000150   0x00000038   Code   RO         1019    .emb_text           c_p.l(rt_memcpy.o)
    0x00000188   0x00000188   0x00000040   Code   RO          493  * .text               startup_mkl25z4.o
    0x000001c8   0x000001c8   0x000000a4   Code   RO          861    .text               RTX_CM0.lib(irq_cm0.o)
    0x0000026c   0x0000026c   0x00000082   Code   RO         1020    .text               c_p.l(rt_memcpy.o)
    0x000002ee   0x000002ee   0x00000040   Code   RO         1023    .text               c_p.l(rt_memclr.o)
    0x0000032e   0x0000032e   0x00000006   Code   RO         1029    .text               c_p.l(heapauxi.o)
    0x00000334   0x00000334   0x00000048   Code   RO         1033    .text               fz_ps.l(dfixui.o)
    0x0000037c   0x0000037c   0x00000058   Code   RO         1035    .text               fz_ps.l(dflti.o)
    0x000003d4   0x000003d4   0x00000010   Code   RO         1065    .text               c_p.l(exit.o)
    0x000003e4   0x000003e4   0x00000008   Code   RO         1075    .text               c_p.l(libspace.o)
    0x000003ec   0x000003ec   0x0000000c   Code   RO         1132    .text               c_p.l(sys_exit.o)
    0x000003f8   0x000003f8   0x00000002   Code   RO         1151    .text               c_p.l(use_no_semi.o)
    0x000003fa   0x000003fa   0x00000000   Code   RO         1153    .text               c_p.l(indicate_semi.o)
    0x000003fa   0x000003fa   0x00000006   Code   RO          998    .text.OS_Tick_GetIRQn  RTX_CM0.lib(os_systick.o)
    0x00000400   0x00000400   0x00000010   Code   RO          492    .ARM.__at_0x400     startup_mkl25z4.o
    0x00000410   0x00000410   0x0000015a   Code   RO         1025    .text               c_p.l(aeabi_sdiv.o)
    0x0000056a   0x0000056a   0x00000002   PAD
    0x0000056c   0x0000056c   0x00000248   Code   RO         1037    .text               fz_ps.l(dmul.o)
    0x000007b4   0x000007b4   0x0000003e   Code   RO         1062    .text               c_p.l(sys_stackheap_outer.o)
    0x000007f2   0x000007f2   0x0000003a   Code   RO         1205    .text               c_p.l(__dczerorl.o)
    0x0000082c   0x0000082c   0x0000004c   Code   RO          844    .text.MessageQueueGet  RTX_CM0.lib(rtx_msgqueue.o)
    0x00000878   0x00000878   0x00000062   Code   RO          838    .text.MessageQueuePut  RTX_CM0.lib(rtx_msgqueue.o)
    0x000008da   0x000008da   0x0000001e   Code   RO          836    .text.MessageQueueRemove  RTX_CM0.lib(rtx_msgqueue.o)
    0x000008f8   0x000008f8   0x0000000c   Code   RO          996    .text.OS_Tick_AcknowledgeIRQ  RTX_CM0.lib(os_systick.o)
    0x00000904   0x00000904   0x0000002c   Code   RO          992    .text.OS_Tick_Enable  RTX_CM0.lib(os_systick.o)
    0x00000930   0x00000930   0x0000004c   Code   RO          990    .text.OS_Tick_Setup  RTX_CM0.lib(os_systick.o)
    0x0000097c   0x0000097c   0x00000024   Code   RO          783    .text.SemaphoreTokenDecrement  RTX_CM0.lib(rtx_semaphore.o)
    0x000009a0   0x000009a0   0x00000026   Code   RO          789    .text.SemaphoreTokenIncrement  RTX_CM0.lib(rtx_semaphore.o)
    0x000009c6   0x000009c6   0x0000004e   Code   RO          677    .text.ThreadFlagsCheck  RTX_CM0.lib(rtx_thread.o)
    0x00000a14   0x00000a14   0x0000004c   Code   RO          882    .text.TimerInsert   RTX_CM0.lib(rtx_timer.o)
    0x00000a60   0x00000a60   0x00000030   Code   RO          540    .text.osKernelGetState  RTX_CM0.lib(rtx_kernel.o)
    0x00000a90   0x00000a90   0x00000028   Code   RO          534    .text.osKernelInitialize  RTX_CM0.lib(rtx_kernel.o)
    0x00000ab8   0x00000ab8   0x00000024   Code   RO          544    .text.osKernelStart  RTX_CM0.lib(rtx_kernel.o)
    0x00000adc   0x00000adc   0x00000074   Code   RO          810    .text.osMessageQueueGet  RTX_CM0.lib(rtx_msgqueue.o)
    0x00000b50   0x00000b50   0x00000024   Code   RO          804    .text.osMessageQueueNew  RTX_CM0.lib(rtx_msgqueue.o)
    0x00000b74   0x00000b74   0x00000078   Code   RO          808    .text.osMessageQueuePut  RTX_CM0.lib(rtx_msgqueue.o)
    0x00000bec   0x00000bec   0x00000028   Code   RO          736    .text.osMutexAcquire  RTX_CM0.lib(rtx_mutex.o)
    0x00000c14   0x00000c14   0x00000028   Code   RO          742    .text.osMutexDelete  RTX_CM0.lib(rtx_mutex.o)
    0x00000c3c   0x00000c3c   0x00000024   Code   RO          732    .text.osMutexNew    RTX_CM0.lib(rtx_mutex.o)
    0x00000c60   0x00000c60   0x00000028   Code   RO          738    .text.osMutexRelease  RTX_CM0.lib(rtx_mutex.o)
    0x00000c88   0x00000c88   0x00000002   Code   RO          532    .text.osRtxKernelPreInit  RTX_CM0.lib(rtx_kernel.o)
    0x00000c8a   0x00000c8a   0x0000007c   Code   RO          909    .text.osRtxMemoryAlloc  RTX_CM0.lib(rtx_memory.o)
    0x00000d06   0x00000d06   0x0000004e   Code   RO          911    .text.osRtxMemoryFree  RTX_CM0.lib(rtx_memory.o)
    0x00000d54   0x00000d54   0x00000032   Code   RO          907    .text.osRtxMemoryInit  RTX_CM0.lib(rtx_memory.o)
    0x00000d86   0x00000d86   0x0000002e   Code   RO          924    .text.osRtxMemoryPoolAlloc  RTX_CM0.lib(rtx_mempool.o)
    0x00000db4   0x00000db4   0x0000003a   Code   RO          926    .text.osRtxMemoryPoolFree  RTX_CM0.lib(rtx_mempool.o)
    0x00000dee   0x00000dee   0x0000003e   Code   RO          922    .text.osRtxMemoryPoolInit  RTX_CM0.lib(rtx_mempool.o)
    0x00000e2c   0x00000e2c   0x000000bc   Code   RO          834    .text.osRtxMessageQueuePostProcess  RTX_CM0.lib(rtx_msgqueue.o)
    0x00000ee8   0x00000ee8   0x00000044   Code   RO          730    .text.osRtxMutexOwnerRelease  RTX_CM0.lib(rtx_mutex.o)
    0x00000f2c   0x00000f2c   0x00000080   Code   RO          977    .text.osRtxPendSV_Handler  RTX_CM0.lib(rtx_system.o)
    0x00000fac   0x00000fac   0x0000006c   Code   RO          979    .text.osRtxPostProcess  RTX_CM0.lib(rtx_system.o)
    0x00001018   0x00001018   0x00000024   Code   RO          781    .text.osRtxSemaphorePostProcess  RTX_CM0.lib(rtx_semaphore.o)
    0x0000103c   0x0000103c   0x00000038   Code   RO          617    .text.osRtxThreadBlock  RTX_CM0.lib(rtx_thread.o)
    0x00001074   0x00001074   0x00000080   Code   RO          625    .text.osRtxThreadDelayInsert  RTX_CM0.lib(rtx_thread.o)
    0x000010f4   0x000010f4   0x00000044   Code   RO          621    .text.osRtxThreadDelayRemove  RTX_CM0.lib(rtx_thread.o)
    0x00001138   0x00001138   0x00000038   Code   RO          607    .text.osRtxThreadDelayTick  RTX_CM0.lib(rtx_thread.o)
    0x00001170   0x00001170   0x00000050   Code   RO          615    .text.osRtxThreadDispatch  RTX_CM0.lib(rtx_thread.o)
    0x000011c0   0x000011c0   0x00000054   Code   RO          701    .text.osRtxThreadFree  RTX_CM0.lib(rtx_thread.o)
    0x00001214   0x00001214   0x00000014   Code   RO          599    .text.osRtxThreadListGet  RTX_CM0.lib(rtx_thread.o)
    0x00001228   0x00001228   0x0000002c   Code   RO          597    .text.osRtxThreadListPut  RTX_CM0.lib(rtx_thread.o)
    0x00001254   0x00001254   0x00000018   Code   RO          603    .text.osRtxThreadListRemove  RTX_CM0.lib(rtx_thread.o)
    0x0000126c   0x0000126c   0x00000026   Code   RO          601    .text.osRtxThreadListSort  RTX_CM0.lib(rtx_thread.o)
    0x00001292   0x00001292   0x00000026   Code   RO          675    .text.osRtxThreadPostProcess  RTX_CM0.lib(rtx_thread.o)
    0x000012b8   0x000012b8   0x00000018   Code   RO          605    .text.osRtxThreadReadyPut  RTX_CM0.lib(rtx_thread.o)
    0x000012d0   0x000012d0   0x00000006   Code   RO          609    .text.osRtxThreadRegPtr  RTX_CM0.lib(rtx_thread.o)
    0x000012d6   0x000012d6   0x00000002   PAD
    0x000012d8   0x000012d8   0x0000002c   Code   RO          613    .text.osRtxThreadStackCheck  RTX_CM0.lib(rtx_thread.o)
    0x00001304   0x00001304   0x00000040   Code   RO          627    .text.osRtxThreadStartup  RTX_CM0.lib(rtx_thread.o)
    0x00001344   0x00001344   0x00000014   Code   RO          611    .text.osRtxThreadSwitch  RTX_CM0.lib(rtx_thread.o)
    0x00001358   0x00001358   0x0000003c   Code   RO          623    .text.osRtxThreadWaitEnter  RTX_CM0.lib(rtx_thread.o)
    0x00001394   0x00001394   0x00000022   Code   RO          619    .text.osRtxThreadWaitExit  RTX_CM0.lib(rtx_thread.o)
    0x000013b6   0x000013b6   0x00000002   PAD
    0x000013b8   0x000013b8   0x00000074   Code   RO          975    .text.osRtxTick_Handler  RTX_CM0.lib(rtx_system.o)
    0x0000142c   0x0000142c   0x0000003c   Code   RO          866    .text.osRtxTimerThread  RTX_CM0.lib(rtx_timer.o)
    0x00001468   0x00001468   0x00000060   Code   RO          868    .text.osRtxTimerTick  RTX_CM0.lib(rtx_timer.o)
    0x000014c8   0x000014c8   0x00000024   Code   RO          765    .text.osSemaphoreNew  RTX_CM0.lib(rtx_semaphore.o)
    0x000014ec   0x000014ec   0x0000004c   Code   RO          771    .text.osSemaphoreRelease  RTX_CM0.lib(rtx_semaphore.o)
    0x00001538   0x00001538   0x0000000c   Code   RO          659    .text.osThreadExit  RTX_CM0.lib(rtx_thread.o)
    0x00001544   0x00001544   0x00000024   Code   RO          631    .text.osThreadNew   RTX_CM0.lib(rtx_thread.o)
    0x00001568   0x00001568   0x0000000c   Code   RO          542    .text.svcRtxKernelGetState  RTX_CM0.lib(rtx_kernel.o)
    0x00001574   0x00001574   0x00000148   Code   RO          572    .text.svcRtxKernelInitialize  RTX_CM0.lib(rtx_kernel.o)
    0x000016bc   0x000016bc   0x00000084   Code   RO          574    .text.svcRtxKernelStart  RTX_CM0.lib(rtx_kernel.o)
    0x00001740   0x00001740   0x000000e8   Code   RO          846    .text.svcRtxMessageQueueGet  RTX_CM0.lib(rtx_msgqueue.o)
    0x00001828   0x00001828   0x000001e4   Code   RO          832    .text.svcRtxMessageQueueNew  RTX_CM0.lib(rtx_msgqueue.o)
    0x00001a0c   0x00001a0c   0x000000bc   Code   RO          842    .text.svcRtxMessageQueuePut  RTX_CM0.lib(rtx_msgqueue.o)
    0x00001ac8   0x00001ac8   0x00000098   Code   RO          748    .text.svcRtxMutexAcquire  RTX_CM0.lib(rtx_mutex.o)
    0x00001b60   0x00001b60   0x000000bc   Code   RO          754    .text.svcRtxMutexDelete  RTX_CM0.lib(rtx_mutex.o)
    0x00001c1c   0x00001c1c   0x00000070   Code   RO          744    .text.svcRtxMutexNew  RTX_CM0.lib(rtx_mutex.o)
    0x00001c8c   0x00001c8c   0x000000c0   Code   RO          750    .text.svcRtxMutexRelease  RTX_CM0.lib(rtx_mutex.o)
    0x00001d4c   0x00001d4c   0x00000088   Code   RO          779    .text.svcRtxSemaphoreNew  RTX_CM0.lib(rtx_semaphore.o)
    0x00001dd4   0x00001dd4   0x00000038   Code   RO          791    .text.svcRtxSemaphoreRelease  RTX_CM0.lib(rtx_semaphore.o)
    0x00001e0c   0x00001e0c   0x0000006c   Code   RO          705    .text.svcRtxThreadExit  RTX_CM0.lib(rtx_thread.o)
    0x00001e78   0x00001e78   0x000001ec   Code   RO          629    .text.svcRtxThreadNew  RTX_CM0.lib(rtx_thread.o)
    0x00002064   0x00002064   0x00000024   Code   RO          220    i.PIT_IRQHandler    ultrasound.o
    0x00002088   0x00002088   0x00000190   Code   RO          501    i.SystemCoreClockUpdate  system_mkl25z4.o
    0x00002218   0x00002218   0x0000000c   Code   RO          502    i.SystemInit        system_mkl25z4.o
    0x00002224   0x00002224   0x00000038   Code   RO          221    i.TPM2_IRQHandler   ultrasound.o
    0x0000225c   0x0000225c   0x00000018   Code   RO          116    i.UART2_Receive_Poll  uart.o
    0x00002274   0x00002274   0x0000001c   Code   RO          480    i.__ARM_common_switch8  rtx_config.o
    0x00002290   0x00002290   0x00000018   Code   RO          222    i.__NVIC_ClearPendingIRQ  ultrasound.o
    0x000022a8   0x000022a8   0x00000018   Code   RO          383    i._mutex_acquire    rtx_lib.o
    0x000022c0   0x000022c0   0x0000000c   Code   RO          384    i._mutex_free       rtx_lib.o
    0x000022cc   0x000022cc   0x00000024   Code   RO          385    i._mutex_initialize  rtx_lib.o
    0x000022f0   0x000022f0   0x00000014   Code   RO          386    i._mutex_release    rtx_lib.o
    0x00002304   0x00002304   0x00000008   Code   RO          387    i._platform_post_stackheap_init  rtx_lib.o
    0x0000230c   0x0000230c   0x00000014   Code   RO          225    i.clearTIF          ultrasound.o
    0x00002320   0x00002320   0x00000038   Code   RO          227    i.getDistance       ultrasound.o
    0x00002358   0x00002358   0x0000000c   Code   RO          228    i.getTPMC1Value     ultrasound.o
    0x00002364   0x00002364   0x00000032   Code   RO            5    i.get_level         main.o
    0x00002396   0x00002396   0x00000002   PAD
    0x00002398   0x00002398   0x000000f0   Code   RO            6    i.handle_UART       main.o
    0x00002488   0x00002488   0x0000018c   Code   RO          165    i.initMotor         motor.o
    0x00002614   0x00002614   0x00000080   Code   RO          117    i.initUART2         uart.o
    0x00002694   0x00002694   0x00000070   Code   RO            7    i.main              main.o
    0x00002704   0x00002704   0x00000020   Code   RO            8    i.motor_thread      main.o
    0x00002724   0x00002724   0x00000020   Code   RO          459    i.osRtxErrorNotify  rtx_config.o
    0x00002744   0x00002744   0x00000004   Code   RO          460    i.osRtxIdleThread   rtx_config.o
    0x00002748   0x00002748   0x00000024   Code   RO          388    i.os_kernel_is_active  rtx_lib.o
    0x0000276c   0x0000276c   0x0000000c   Code   RO          236    i.resetTPM2         ultrasound.o
    0x00002778   0x00002778   0x000001b0   Code   RO          168    i.set_motors        motor.o
    0x00002928   0x00002928   0x0000002c   Code   RO          237    i.startMeasure      ultrasound.o
    0x00002954   0x00002954   0x00000014   Code   RO          238    i.startTPM2         ultrasound.o
    0x00002968   0x00002968   0x00000014   Code   RO          240    i.stopTPM2          ultrasound.o
    0x0000297c   0x0000297c   0x0000002c   Code   RO          241    i.timeToDistance    ultrasound.o
    0x000029a8   0x000029a8   0x00000000   Code   RO         1044    x$fpl$usenofp       fz_ps.l(usenofp.o)
    0x000029a8   0x000029a8   0x00000064   Data   RO          395    .constdata          rtx_lib.o
    0x00002a0c   0x00002a0c   0x00000001   Data   RO          860    .constdata          RTX_CM0.lib(irq_cm0.o)
    0x00002a0d   0x00002a0d   0x00000003   PAD
    0x00002a10   0x00002a10   0x000000a0   Data   RO          397    .rodata             rtx_lib.o
    0x00002ab0   0x00002ab0   0x0000000b   Data   RO          586    .rodata.str1.4      RTX_CM0.lib(rtx_kernel.o)
    0x00002abb   0x00002abb   0x00000001   PAD
    0x00002abc   0x00002abc   0x00000020   Data   RO         1203    Region$$Table       anon$$obj.o


    Execution Region ER_RW (Exec base: 0x1ffff000, Load base: 0x00002adc, Size: 0x00001430, Max: 0xffffffff, ABSOLUTE, COMPRESSED[0x00000040])

    Exec Addr    Load Addr    Size         Type   Attr      Idx    E Section Name        Object

    0x1ffff000   COMPRESSED   0x00001040   Data   RW          389    .bss.os             rtx_lib.o
    0x20000040   COMPRESSED   0x00000034   Data   RW          391    .bss.os.msgqueue.cb  rtx_lib.o
    0x20000074   COMPRESSED   0x00000050   Data   RW          392    .bss.os.msgqueue.mem  rtx_lib.o
    0x200000c4   COMPRESSED   0x00000088   Data   RW          393    .bss.os.thread.cb   rtx_lib.o
    0x2000014c   COMPRESSED   0x00000004   PAD
    0x20000150   COMPRESSED   0x00000200   Data   RW          394    .bss.os.thread.stack  rtx_lib.o
    0x20000350   COMPRESSED   0x00000010   Data   RW           12    .data               main.o
    0x20000360   COMPRESSED   0x00000014   Data   RW          170    .data               motor.o
    0x20000374   COMPRESSED   0x0000000c   Data   RW          242    .data               ultrasound.o
    0x20000380   COMPRESSED   0x00000005   Data   RW          396    .data               rtx_lib.o
    0x20000385   COMPRESSED   0x00000003   PAD
    0x20000388   COMPRESSED   0x00000004   Data   RW          503    .data               system_mkl25z4.o
    0x2000038c   COMPRESSED   0x000000a4   Data   RW          587    .data.os            RTX_CM0.lib(rtx_kernel.o)


    Execution Region ER_ZI (Exec base: 0x20000430, Load base: 0x00002b1c, Size: 0x00000168, Max: 0xffffffff, ABSOLUTE)

    Exec Addr    Load Addr    Size         Type   Attr      Idx    E Section Name        Object

    0x20000430        -       0x00000060   Zero   RW         1076    .bss                c_p.l(libspace.o)
    0x20000490        -       0x00000001   Zero   RW         1008    .bss.PendST         RTX_CM0.lib(os_systick.o)
    0x20000491   0x00002b1c   0x00000007   PAD
    0x20000498        -       0x00000000   Zero   RW          490    HEAP                startup_mkl25z4.o
    0x20000498        -       0x00000100   Zero   RW          489    STACK               startup_mkl25z4.o


==============================================================================

Image component sizes


      Code (inc. data)   RO Data    RW Data    ZI Data      Debug   Object Name

       434         36          0         16          0     223666   main.o
       828         66          0         20          0       2677   motor.o
        64          8          0          0          0       1009   rtx_config.o
       136          6        260       4945          0      12846   rtx_lib.o
        80         44        192          0        256        852   startup_mkl25z4.o
       412         42          0          4          0       1467   system_mkl25z4.o
       152         16          0          0          0        933   uart.o
       344         64          0         12          0      12997   ultrasound.o

    ----------------------------------------------------------------------
      2452        282        484       5004        256     256447   Object Totals
         0          0         32          0          0          0   (incl. Generated)
         2          0          0          7          0          0   (incl. Padding)

    ----------------------------------------------------------------------

      Code (inc. data)   RO Data    RW Data    ZI Data      Debug   Library Member Name

       164          8          1          0          0        496   irq_cm0.o
       138         32          0          0          1       2766   os_systick.o
       598         48         11        164          0      16105   rtx_kernel.o
       252          0          0          0          0       2564   rtx_memory.o
       166          0          0          0          0      14282   rtx_mempool.o
      1568         44          0          0          0      17889   rtx_msgqueue.o
       868         32          0          0          0       9201   rtx_mutex.o
       414         20          0          0          0      10054   rtx_semaphore.o
       352         26          0          0          0       4635   rtx_system.o
      1614         96          0          0          0      30867   rtx_thread.o
       232         20          0          0          0      10018   rtx_timer.o
        58          0          0          0          0          0   __dczerorl.o
         8          0          0          0          0         68   __main.o
         0          0          0          0          0          0   __rtentry.o
        20          0          0          0          0          0   __rtentry2.o
         6          0          0          0          0          0   __rtentry4.o
        60          8          0          0          0          0   __scatter.o
        28          0          0          0          0          0   __scatter_zi.o
       346          0          0          0          0         92   aeabi_sdiv.o
        16          0          0          0          0         68   exit.o
         6          0          0          0          0        136   heapauxi.o
         0          0          0          0          0          0   indicate_semi.o
         2          0          0          0          0          0   libinit.o
         2          0          0          0          0          0   libinit2.o
         2          0          0          0          0          0   libshutdown.o
         2          0          0          0          0          0   libshutdown2.o
         8          4          0          0         96         68   libspace.o
        64          0          0          0          0        108   rt_memclr.o
       186          0          0          0          0        144   rt_memcpy.o
         2          0          0          0          0          0   rtexit.o
        10          0          0          0          0          0   rtexit2.o
        12          4          0          0          0         60   sys_exit.o
        62          0          0          0          0         80   sys_stackheap_outer.o
         2          0          0          0          0         68   use_no_semi.o
        72          4          0          0          0         68   dfixui.o
        88          0          0          0          0         92   dflti.o
       584         26          0          0          0         84   dmul.o
         0          0          0          0          0          0   usenofp.o

    ----------------------------------------------------------------------
      8020        372         16        164        104     120013   Library Totals
         8          0          4          0          7          0   (incl. Padding)

    ----------------------------------------------------------------------

      Code (inc. data)   RO Data    RW Data    ZI Data      Debug   Library Name

      6366        326         12        164          1     118877   RTX_CM0.lib
       902         16          0          0         96        892   c_p.l
       744         30          0          0          0        244   fz_ps.l

    ----------------------------------------------------------------------
      8020        372         16        164        104     120013   Library Totals

    ----------------------------------------------------------------------

==============================================================================


      Code (inc. data)   RO Data    RW Data    ZI Data      Debug   

     10472        654        500       5168        360     374620   Grand Totals
     10472        654        500         64        360     374620   ELF Image Totals (compressed)
     10472        654        500         64          0          0   ROM Totals

==============================================================================

    Total RO  Size (Code + RO Data)                10972 (  10.71kB)
    Total RW  Size (RW Data + ZI Data)              5528 (   5.40kB)
    Total ROM Size (Code + RO Data + RW Data)      11036 (  10.78kB)

==============================================================================

